[33m❯[39m Building...
[32m✔[39m Building...
[1mInitial chunk files[22m                                   [2m | [22m[1mNames[22m                                              [2m | [22m [1mRaw size[22m
[32mchunk-7QMJTUUI.js[39m                                     [2m | [22m[2m-[22m                                                  [2m | [22m  [36m1.14 MB[39m[2m | [22m
[32mchunk-Z3HJUGFG.js[39m                                     [2m | [22m[2m-[22m                                                  [2m | [22m  [36m1.10 MB[39m[2m | [22m
[32mpolyfills.js[39m                                          [2m | [22m[2mpolyfills[22m                                          [2m | [22m  [36m1.01 MB[39m[2m | [22m
[32mchunk-ZMZKFSBU.js[39m                                     [2m | [22m[2m-[22m                                                  [2m | [22m[36m420.06 kB[39m[2m | [22m
[32mchunk-B7YXCIBU.js[39m                                     [2m | [22m[2m-[22m                                                  [2m | [22m[36m407.52 kB[39m[2m | [22m
[32mchunk-BRLWUUAG.js[39m                                     [2m | [22m[2m-[22m                                                  [2m | [22m[36m365.32 kB[39m[2m | [22m
[32mchunk-TTT5IXUK.js[39m                                     [2m | [22m[2m-[22m                                                  [2m | [22m[36m250.57 kB[39m[2m | [22m
[32mchunk-DUPHL5JF.js[39m                                     [2m | [22m[2m-[22m                                                  [2m | [22m[36m239.26 kB[39m[2m | [22m
[32mchunk-B2HWPQNS.js[39m                                     [2m | [22m[2m-[22m                                                  [2m | [22m[36m228.77 kB[39m[2m | [22m
[32mchunk-5RKWWNFN.js[39m                                     [2m | [22m[2m-[22m                                                  [2m | [22m[36m210.91 kB[39m[2m | [22m
[32mchunk-BOZU75V4.js[39m                                     [2m | [22m[2m-[22m                                                  [2m | [22m[36m199.24 kB[39m[2m | [22m
[32mchunk-IXH7WRMM.js[39m                                     [2m | [22m[2m-[22m                                                  [2m | [22m[36m195.68 kB[39m[2m | [22m
[32mspec-game-creation-wizard.component.spec.js[39m           [2m | [22m[2mspec-game-creation-wizard.component.spec[22m           [2m | [22m[36m187.97 kB[39m[2m | [22m
[32mchunk-W3ADFH6D.js[39m                                     [2m | [22m[2m-[22m                                                  [2m | [22m[36m166.22 kB[39m[2m | [22m
[32mchunk-C3XLYHDE.js[39m                                     [2m | [22m[2m-[22m                                                  [2m | [22m[36m148.26 kB[39m[2m | [22m
[32mchunk-CQLDYVCV.js[39m                                     [2m | [22m[2m-[22m                                                  [2m | [22m[36m135.31 kB[39m[2m | [22m
[32mspec-trading-dashboard.component.spec.js[39m              [2m | [22m[2mspec-trading-dashboard.component.spec[22m              [2m | [22m[36m134.92 kB[39m[2m | [22m
[32mchunk-6IXSK6KB.js[39m                                     [2m | [22m[2m-[22m                                                  [2m | [22m[36m126.50 kB[39m[2m | [22m
[32mspec-dashboard.component.spec.js[39m                      [2m | [22m[2mspec-dashboard.component.spec[22m                      [2m | [22m[36m121.97 kB[39m[2m | [22m
[32mspec-main-layout.component.spec.js[39m                    [2m | [22m[2mspec-main-layout.component.spec[22m                    [2m | [22m[36m119.39 kB[39m[2m | [22m
[32mchunk-CDQHELWQ.js[39m                                     [2m | [22m[2m-[22m                                                  [2m | [22m[36m116.93 kB[39m[2m | [22m
[32mchunk-SBGMQZVJ.js[39m                                     [2m | [22m[2m-[22m                                                  [2m | [22m[36m115.98 kB[39m[2m | [22m
[32mspec-trade-details.component.spec.js[39m                  [2m | [22m[2mspec-trade-details.component.spec[22m                  [2m | [22m[36m103.97 kB[39m[2m | [22m
[32mchunk-IWQX4YEF.js[39m                                     [2m | [22m[2m-[22m                                                  [2m | [22m [36m95.44 kB[39m[2m | [22m
[32mspec-trade-proposal.component.spec.js[39m                 [2m | [22m[2mspec-trade-proposal.component.spec[22m                 [2m | [22m [36m92.52 kB[39m[2m | [22m
[32mchunk-QSCZS4RB.js[39m                                     [2m | [22m[2m-[22m                                                  [2m | [22m [36m88.22 kB[39m[2m | [22m
[32mchunk-WPBL6GUN.js[39m                                     [2m | [22m[2m-[22m                                                  [2m | [22m [36m86.80 kB[39m[2m | [22m
[32mchunk-GDC6LOAP.js[39m                                     [2m | [22m[2m-[22m                                                  [2m | [22m [36m85.79 kB[39m[2m | [22m
[32mchunk-PMLGVCTU.js[39m                                     [2m | [22m[2m-[22m                                                  [2m | [22m [36m85.72 kB[39m[2m | [22m
[32mchunk-PPT37D7V.js[39m                                     [2m | [22m[2m-[22m                                                  [2m | [22m [36m83.68 kB[39m[2m | [22m
[32mchunk-24IOLLMK.js[39m                                     [2m | [22m[2m-[22m                                                  [2m | [22m [36m73.28 kB[39m[2m | [22m
[32mstyles.css[39m                                            [2m | [22m[2mstyles[22m                                             [2m | [22m [36m72.09 kB[39m[2m | [22m
[32mjasmine-cleanup-1.js[39m                                  [2m | [22m[2mjasmine-cleanup-1[22m                                  [2m | [22m [36m67.20 kB[39m[2m | [22m
[32mchunk-XEC7UTNV.js[39m                                     [2m | [22m[2m-[22m                                                  [2m | [22m [36m59.60 kB[39m[2m | [22m
[32mspec-simple-leaderboard.component.spec.js[39m             [2m | [22m[2mspec-simple-leaderboard.component.spec[22m             [2m | [22m [36m55.87 kB[39m[2m | [22m
[32mchunk-5MXV36PY.js[39m                                     [2m | [22m[2m-[22m                                                  [2m | [22m [36m53.19 kB[39m[2m | [22m
[32mspec-home.component.spec.js[39m                           [2m | [22m[2mspec-home.component.spec[22m                           [2m | [22m [36m48.15 kB[39m[2m | [22m
[32mchunk-VN5HQZTN.js[39m                                     [2m | [22m[2m-[22m                                                  [2m | [22m [36m44.86 kB[39m[2m | [22m
[32mchunk-VFEUI2EC.js[39m                                     [2m | [22m[2m-[22m                                                  [2m | [22m [36m43.58 kB[39m[2m | [22m
[32mchunk-FM4IUIR7.js[39m                                     [2m | [22m[2m-[22m                                                  [2m | [22m [36m43.01 kB[39m[2m | [22m
[32mspec-trade-list.component.spec.js[39m                     [2m | [22m[2mspec-trade-list.component.spec[22m                     [2m | [22m [36m42.78 kB[39m[2m | [22m
[32mchunk-W3XAJHA2.js[39m                                     [2m | [22m[2m-[22m                                                  [2m | [22m [36m42.17 kB[39m[2m | [22m
[32mchunk-X5JWR5RH.js[39m                                     [2m | [22m[2m-[22m                                                  [2m | [22m [36m42.13 kB[39m[2m | [22m
[32mchunk-RQAULF3Z.js[39m                                     [2m | [22m[2m-[22m                                                  [2m | [22m [36m41.15 kB[39m[2m | [22m
[32mchunk-KGCDV7WY.js[39m                                     [2m | [22m[2m-[22m                                                  [2m | [22m [36m39.39 kB[39m[2m | [22m
[32mchunk-6TVNGVYC.js[39m                                     [2m | [22m[2m-[22m                                                  [2m | [22m [36m38.20 kB[39m[2m | [22m
[32mspec-trade-form.component.spec.js[39m                     [2m | [22m[2mspec-trade-form.component.spec[22m                     [2m | [22m [36m37.48 kB[39m[2m | [22m
[32mchunk-4MMNHT6V.js[39m                                     [2m | [22m[2m-[22m                                                  [2m | [22m [36m34.35 kB[39m[2m | [22m
[32mspec-player-selection.component.spec.js[39m               [2m | [22m[2mspec-player-selection.component.spec[22m               [2m | [22m [36m32.52 kB[39m[2m | [22m
[32mspec-accessible-error-handler.component.spec.js[39m       [2m | [22m[2mspec-accessible-error-handler.component.spec[22m       [2m | [22m [36m30.82 kB[39m[2m | [22m
[32mspec-trade-history.component.spec.js[39m                  [2m | [22m[2mspec-trade-history.component.spec[22m                  [2m | [22m [36m28.41 kB[39m[2m | [22m
[32mchunk-B5LAPUGA.js[39m                                     [2m | [22m[2m-[22m                                                  [2m | [22m [36m28.16 kB[39m[2m | [22m
[32mchunk-6EW4JNHM.js[39m                                     [2m | [22m[2m-[22m                                                  [2m | [22m [36m27.11 kB[39m[2m | [22m
[32mchunk-2A6YQACP.js[39m                                     [2m | [22m[2m-[22m                                                  [2m | [22m [36m27.00 kB[39m[2m | [22m
[32mchunk-IEFHZYN3.js[39m                                     [2m | [22m[2m-[22m                                                  [2m | [22m [36m26.76 kB[39m[2m | [22m
[32mspec-profile.component.spec.js[39m                        [2m | [22m[2mspec-profile.component.spec[22m                        [2m | [22m [36m26.68 kB[39m[2m | [22m
[32mspec-leaderboard.service.spec.js[39m                      [2m | [22m[2mspec-leaderboard.service.spec[22m                      [2m | [22m [36m26.62 kB[39m[2m | [22m
[32mspec-settings.component.spec.js[39m                       [2m | [22m[2mspec-settings.component.spec[22m                       [2m | [22m [36m26.49 kB[39m[2m | [22m
[32mchunk-W6W2ROXW.js[39m                                     [2m | [22m[2m-[22m                                                  [2m | [22m [36m26.30 kB[39m[2m | [22m
[32mchunk-MUENNYCZ.js[39m                                     [2m | [22m[2m-[22m                                                  [2m | [22m [36m26.13 kB[39m[2m | [22m
[32mchunk-UO5UJB45.js[39m                                     [2m | [22m[2m-[22m                                                  [2m | [22m [36m25.43 kB[39m[2m | [22m
[32mchunk-EEMUAAJS.js[39m                                     [2m | [22m[2m-[22m                                                  [2m | [22m [36m25.28 kB[39m[2m | [22m
[32mspec-notification-center.component.spec.js[39m            [2m | [22m[2mspec-notification-center.component.spec[22m            [2m | [22m [36m25.04 kB[39m[2m | [22m
[32mspec-game-detail.component.spec.js[39m                    [2m | [22m[2mspec-game-detail.component.spec[22m                    [2m | [22m [36m24.38 kB[39m[2m | [22m
[32mchunk-URWHLUXN.js[39m                                     [2m | [22m[2m-[22m                                                  [2m | [22m [36m23.92 kB[39m[2m | [22m
[32mspec-not-found.component.spec.js[39m                      [2m | [22m[2mspec-not-found.component.spec[22m                      [2m | [22m [36m23.22 kB[39m[2m | [22m
[32mchunk-KXKA4FDT.js[39m                                     [2m | [22m[2m-[22m                                                  [2m | [22m [36m23.11 kB[39m[2m | [22m
[32mchunk-KYS5DKT6.js[39m                                     [2m | [22m[2m-[22m                                                  [2m | [22m [36m22.11 kB[39m[2m | [22m
[32mchunk-FJLPEMSU.js[39m                                     [2m | [22m[2m-[22m                                                  [2m | [22m [36m21.83 kB[39m[2m | [22m
[32mspec-diagnostic.component.spec.js[39m                     [2m | [22m[2mspec-diagnostic.component.spec[22m                     [2m | [22m [36m21.00 kB[39m[2m | [22m
[32mspec-join-game.component.spec.js[39m                      [2m | [22m[2mspec-join-game.component.spec[22m                      [2m | [22m [36m20.68 kB[39m[2m | [22m
[32mspec-trade-detail.component.spec.js[39m                   [2m | [22m[2mspec-trade-detail.component.spec[22m                   [2m | [22m [36m20.68 kB[39m[2m | [22m
[32mchunk-MCS3ZBU2.js[39m                                     [2m | [22m[2m-[22m                                                  [2m | [22m [36m20.66 kB[39m[2m | [22m
[32mchunk-RPW64DSA.js[39m                                     [2m | [22m[2m-[22m                                                  [2m | [22m [36m20.41 kB[39m[2m | [22m
[32mchunk-3562TVYB.js[39m                                     [2m | [22m[2m-[22m                                                  [2m | [22m [36m20.04 kB[39m[2m | [22m
[32mspec-skeleton-loader.component.spec.js[39m                [2m | [22m[2mspec-skeleton-loader.component.spec[22m                [2m | [22m [36m18.99 kB[39m[2m | [22m
[32mspec-game-detail-permissions.service.spec.js[39m          [2m | [22m[2mspec-game-detail-permissions.service.spec[22m          [2m | [22m [36m18.98 kB[39m[2m | [22m
[32mspec-game-card-skeleton.component.spec.js[39m             [2m | [22m[2mspec-game-card-skeleton.component.spec[22m             [2m | [22m [36m17.75 kB[39m[2m | [22m
[32mspec-team-detail-stats.service.spec.js[39m                [2m | [22m[2mspec-team-detail-stats.service.spec[22m                [2m | [22m [36m17.42 kB[39m[2m | [22m
[32mspec-premium-interactions.directive.spec.js[39m           [2m | [22m[2mspec-premium-interactions.directive.spec[22m           [2m | [22m [36m15.64 kB[39m[2m | [22m
[32mspec-stats-api.mapper.spec.js[39m                         [2m | [22m[2mspec-stats-api.mapper.spec[22m                         [2m | [22m [36m15.54 kB[39m[2m | [22m
[32mspec-game-detail-actions.service.spec.js[39m              [2m | [22m[2mspec-game-detail-actions.service.spec[22m              [2m | [22m [36m15.33 kB[39m[2m | [22m
[32mspec-notification.service.spec.js[39m                     [2m | [22m[2mspec-notification.service.spec[22m                     [2m | [22m [36m15.30 kB[39m[2m | [22m
[32mspec-draft.service-2.spec.js[39m                          [2m | [22m[2mspec-draft.service-2.spec[22m                          [2m | [22m [36m15.19 kB[39m[2m | [22m
[32mspec-create-game.component.spec.js[39m                    [2m | [22m[2mspec-create-game.component.spec[22m                    [2m | [22m [36m14.12 kB[39m[2m | [22m
[32mchunk-PZ565U3K.js[39m                                     [2m | [22m[2m-[22m                                                  [2m | [22m [36m13.92 kB[39m[2m | [22m
[32mchunk-SR74HWLC.js[39m                                     [2m | [22m[2m-[22m                                                  [2m | [22m [36m13.80 kB[39m[2m | [22m
[32mspec-team-detail.component.spec.js[39m                    [2m | [22m[2mspec-team-detail.component.spec[22m                    [2m | [22m [36m13.77 kB[39m[2m | [22m
[32mspec-game-detail-ui.service.spec.js[39m                   [2m | [22m[2mspec-game-detail-ui.service.spec[22m                   [2m | [22m [36m13.05 kB[39m[2m | [22m
[32mchunk-DSVTIPO4.js[39m                                     [2m | [22m[2m-[22m                                                  [2m | [22m [36m12.43 kB[39m[2m | [22m
[32mchunk-JFBRKJEI.js[39m                                     [2m | [22m[2m-[22m                                                  [2m | [22m [36m12.42 kB[39m[2m | [22m
[32mspec-draft.component.template.spec.js[39m                 [2m | [22m[2mspec-draft.component.template.spec[22m                 [2m | [22m [36m12.42 kB[39m[2m | [22m
[32mchunk-OYNYF4PY.js[39m                                     [2m | [22m[2m-[22m                                                  [2m | [22m [36m12.21 kB[39m[2m | [22m
[32mspec-translation.service.es.spec.js[39m                   [2m | [22m[2mspec-translation.service.es.spec[22m                   [2m | [22m [36m11.63 kB[39m[2m | [22m
[32mchunk-AKXWA2YN.js[39m                                     [2m | [22m[2m-[22m                                                  [2m | [22m [36m11.62 kB[39m[2m | [22m
[32mspec-team-edit.component.spec.js[39m                      [2m | [22m[2mspec-team-edit.component.spec[22m                      [2m | [22m [36m11.49 kB[39m[2m | [22m
[32mspec-translation.service.pt.spec.js[39m                   [2m | [22m[2mspec-translation.service.pt.spec[22m                   [2m | [22m [36m11.46 kB[39m[2m | [22m
[32mspec-game-command.service.spec.js[39m                     [2m | [22m[2mspec-game-command.service.spec[22m                     [2m | [22m [36m11.43 kB[39m[2m | [22m
[32mspec-leaderboard.facade.spec.js[39m                       [2m | [22m[2mspec-leaderboard.facade.spec[22m                       [2m | [22m [36m11.35 kB[39m[2m | [22m
[32mspec-legal.component.spec.js[39m                          [2m | [22m[2mspec-legal.component.spec[22m                          [2m | [22m [36m11.31 kB[39m[2m | [22m
[32mspec-auth-switch.service.spec.js[39m                      [2m | [22m[2mspec-auth-switch.service.spec[22m                      [2m | [22m [36m11.24 kB[39m[2m | [22m
[32mchunk-U7WT34IV.js[39m                                     [2m | [22m[2m-[22m                                                  [2m | [22m [36m10.72 kB[39m[2m | [22m
[32mspec-game-detail.component.tdd.spec.js[39m                [2m | [22m[2mspec-game-detail.component.tdd.spec[22m                [2m | [22m [36m10.71 kB[39m[2m | [22m
[32mspec-premium-interactions.service.spec.js[39m             [2m | [22m[2mspec-premium-interactions.service.spec[22m             [2m | [22m [36m10.62 kB[39m[2m | [22m
[32mchunk-AMR45N46.js[39m                                     [2m | [22m[2m-[22m                                                  [2m | [22m [36m10.60 kB[39m[2m | [22m
[32mchunk-RDV3HFLF.js[39m                                     [2m | [22m[2m-[22m                                                  [2m | [22m [36m10.51 kB[39m[2m | [22m
[32mchunk-OMX4JDEO.js[39m                                     [2m | [22m[2m-[22m                                                  [2m | [22m [36m10.30 kB[39m[2m | [22m
[32mspec-game-home.component.spec.js[39m                      [2m | [22m[2mspec-game-home.component.spec[22m                      [2m | [22m [36m10.30 kB[39m[2m | [22m
[32mspec-game-home.component.template.spec.js[39m             [2m | [22m[2mspec-game-home.component.template.spec[22m             [2m | [22m [36m10.04 kB[39m[2m | [22m
[32mchunk-DF3JINY5.js[39m                                     [2m | [22m[2m-[22m                                                  [2m | [22m [36m10.01 kB[39m[2m | [22m
[32mspec-team-detail-data.service.spec.js[39m                 [2m | [22m[2mspec-team-detail-data.service.spec[22m                 [2m | [22m  [36m9.75 kB[39m[2m | [22m
[32mchunk-AOVELYEZ.js[39m                                     [2m | [22m[2m-[22m                                                  [2m | [22m  [36m9.64 kB[39m[2m | [22m
[32mspec-create-game.component-2.spec.js[39m                  [2m | [22m[2mspec-create-game.component-2.spec[22m                  [2m | [22m  [36m9.55 kB[39m[2m | [22m
[32mspec-login.component.spec.js[39m                          [2m | [22m[2mspec-login.component.spec[22m                          [2m | [22m  [36m9.52 kB[39m[2m | [22m
[32mchunk-YXDBTCSN.js[39m                                     [2m | [22m[2m-[22m                                                  [2m | [22m  [36m9.44 kB[39m[2m | [22m
[32mspec-game.service.logging.spec.js[39m                     [2m | [22m[2mspec-game.service.logging.spec[22m                     [2m | [22m  [36m9.19 kB[39m[2m | [22m
[32mspec-draft.component.spec.js[39m                          [2m | [22m[2mspec-draft.component.spec[22m                          [2m | [22m  [36m9.05 kB[39m[2m | [22m
[32mchunk-OPT5YXXG.js[39m                                     [2m | [22m[2m-[22m                                                  [2m | [22m  [36m8.66 kB[39m[2m | [22m
[32mchunk-I7ZZ2ARI.js[39m                                     [2m | [22m[2m-[22m                                                  [2m | [22m  [36m8.54 kB[39m[2m | [22m
[32mchunk-LQV5WRA4.js[39m                                     [2m | [22m[2m-[22m                                                  [2m | [22m  [36m8.18 kB[39m[2m | [22m
[32mchunk-YGQBBASJ.js[39m                                     [2m | [22m[2m-[22m                                                  [2m | [22m  [36m8.16 kB[39m[2m | [22m
[32mchunk-LONX2NSA.js[39m                                     [2m | [22m[2m-[22m                                                  [2m | [22m  [36m7.95 kB[39m[2m | [22m
[32mspec-game-api.mapper.spec.js[39m                          [2m | [22m[2mspec-game-api.mapper.spec[22m                          [2m | [22m  [36m7.82 kB[39m[2m | [22m
[32mchunk-FHXGD5QD.js[39m                                     [2m | [22m[2m-[22m                                                  [2m | [22m  [36m7.79 kB[39m[2m | [22m
[32mspec-game-selection.guard.spec.js[39m                     [2m | [22m[2mspec-game-selection.guard.spec[22m                     [2m | [22m  [36m7.71 kB[39m[2m | [22m
[32mchunk-FQXBEWIB.js[39m                                     [2m | [22m[2m-[22m                                                  [2m | [22m  [36m7.67 kB[39m[2m | [22m
[32mspec-draft-progress.service.spec.js[39m                   [2m | [22m[2mspec-draft-progress.service.spec[22m                   [2m | [22m  [36m7.49 kB[39m[2m | [22m
[32mchunk-DTUWYRNL.js[39m                                     [2m | [22m[2m-[22m                                                  [2m | [22m  [36m7.46 kB[39m[2m | [22m
[32mspec-game.service.spec.js[39m                             [2m | [22m[2mspec-game.service.spec[22m                             [2m | [22m  [36m7.21 kB[39m[2m | [22m
[32mspec-game-query.service.spec.js[39m                       [2m | [22m[2mspec-game-query.service.spec[22m                       [2m | [22m  [36m7.20 kB[39m[2m | [22m
[32mchunk-JGV3CAXG.js[39m                                     [2m | [22m[2m-[22m                                                  [2m | [22m  [36m6.96 kB[39m[2m | [22m
[32mspec-trading.service.spec.js[39m                          [2m | [22m[2mspec-trading.service.spec[22m                          [2m | [22m  [36m6.78 kB[39m[2m | [22m
[32mchunk-4VKTNDWS.js[39m                                     [2m | [22m[2m-[22m                                                  [2m | [22m  [36m6.74 kB[39m[2m | [22m
[32mspec-user-context.service.spec.js[39m                     [2m | [22m[2mspec-user-context.service.spec[22m                     [2m | [22m  [36m6.71 kB[39m[2m | [22m
[32mspec-dashboard.repository.spec.js[39m                     [2m | [22m[2mspec-dashboard.repository.spec[22m                     [2m | [22m  [36m6.67 kB[39m[2m | [22m
[32mspec-trade-business.service.spec.js[39m                   [2m | [22m[2mspec-trade-business.service.spec[22m                   [2m | [22m  [36m6.63 kB[39m[2m | [22m
[32mspec-draft-player-list.component.spec.js[39m              [2m | [22m[2mspec-draft-player-list.component.spec[22m              [2m | [22m  [36m6.58 kB[39m[2m | [22m
[32mspec-dashboard-data-integration.spec.js[39m               [2m | [22m[2mspec-dashboard-data-integration.spec[22m               [2m | [22m  [36m6.57 kB[39m[2m | [22m
[32mchunk-MHS4KHUC.js[39m                                     [2m | [22m[2m-[22m                                                  [2m | [22m  [36m6.48 kB[39m[2m | [22m
[32mchunk-YIZXA3YP.js[39m                                     [2m | [22m[2m-[22m                                                  [2m | [22m  [36m6.36 kB[39m[2m | [22m
[32mspec-data-source-indicator.spec.js[39m                    [2m | [22m[2mspec-data-source-indicator.spec[22m                    [2m | [22m  [36m6.28 kB[39m[2m | [22m
[32mchunk-V3EVMWEU.js[39m                                     [2m | [22m[2m-[22m                                                  [2m | [22m  [36m6.21 kB[39m[2m | [22m
[32mspec-auth.guard.spec.js[39m                               [2m | [22m[2mspec-auth.guard.spec[22m                               [2m | [22m  [36m6.14 kB[39m[2m | [22m
[32mspec-draft-player-filter.service.spec.js[39m              [2m | [22m[2mspec-draft-player-filter.service.spec[22m              [2m | [22m  [36m6.09 kB[39m[2m | [22m
[32mspec-draft-state-helper.service.spec.js[39m               [2m | [22m[2mspec-draft-state-helper.service.spec[22m               [2m | [22m  [36m6.00 kB[39m[2m | [22m
[32mchunk-IHTKUNY6.js[39m                                     [2m | [22m[2m-[22m                                                  [2m | [22m  [36m6.00 kB[39m[2m | [22m
[32mspec-dashboard-formatting.service.spec.js[39m             [2m | [22m[2mspec-dashboard-formatting.service.spec[22m             [2m | [22m  [36m5.97 kB[39m[2m | [22m
[32mchunk-3DRHD4PO.js[39m                                     [2m | [22m[2m-[22m                                                  [2m | [22m  [36m5.97 kB[39m[2m | [22m
[32mspec-change-password-dialog.component.spec.js[39m         [2m | [22m[2mspec-change-password-dialog.component.spec[22m         [2m | [22m  [36m5.95 kB[39m[2m | [22m
[32mspec-auth.interceptor.spec.js[39m                         [2m | [22m[2mspec-auth.interceptor.spec[22m                         [2m | [22m  [36m5.92 kB[39m[2m | [22m
[32mchunk-6Q2YUUJZ.js[39m                                     [2m | [22m[2m-[22m                                                  [2m | [22m  [36m5.89 kB[39m[2m | [22m
[32mchunk-GK4XOB5H.js[39m                                     [2m | [22m[2m-[22m                                                  [2m | [22m  [36m5.71 kB[39m[2m | [22m
[32mchunk-J6COTNGI.js[39m                                     [2m | [22m[2m-[22m                                                  [2m | [22m  [36m5.58 kB[39m[2m | [22m
[32mchunk-FPZK3DSN.js[39m                                     [2m | [22m[2m-[22m                                                  [2m | [22m  [36m5.50 kB[39m[2m | [22m
[32mchunk-T7BWGAPZ.js[39m                                     [2m | [22m[2m-[22m                                                  [2m | [22m  [36m5.44 kB[39m[2m | [22m
[32mchunk-D4OQW5GN.js[39m                                     [2m | [22m[2m-[22m                                                  [2m | [22m  [36m5.39 kB[39m[2m | [22m
[32mspec-translation.service.spec.js[39m                      [2m | [22m[2mspec-translation.service.spec[22m                      [2m | [22m  [36m5.37 kB[39m[2m | [22m
[32mspec-dashboard-data.service.spec.js[39m                   [2m | [22m[2mspec-dashboard-data.service.spec[22m                   [2m | [22m  [36m5.32 kB[39m[2m | [22m
[32mspec-dashboard.facade.spec.js[39m                         [2m | [22m[2mspec-dashboard.facade.spec[22m                         [2m | [22m  [36m5.28 kB[39m[2m | [22m
[32mspec-team-list.navigation.spec.js[39m                     [2m | [22m[2mspec-team-list.navigation.spec[22m                     [2m | [22m  [36m5.27 kB[39m[2m | [22m
[32mspec-draft.service.spec.js[39m                            [2m | [22m[2mspec-draft.service.spec[22m                            [2m | [22m  [36m5.16 kB[39m[2m | [22m
[32mspec-edit-profile-dialog.component.spec.js[39m            [2m | [22m[2mspec-edit-profile-dialog.component.spec[22m            [2m | [22m  [36m5.12 kB[39m[2m | [22m
[32mspec-trade-validators.spec.js[39m                         [2m | [22m[2mspec-trade-validators.spec[22m                         [2m | [22m  [36m5.10 kB[39m[2m | [22m
[32mchunk-JYSCALCF.js[39m                                     [2m | [22m[2m-[22m                                                  [2m | [22m  [36m5.01 kB[39m[2m | [22m
[32mchunk-FUKTCTT3.js[39m                                     [2m | [22m[2m-[22m                                                  [2m | [22m  [36m4.98 kB[39m[2m | [22m
[32mspec-button-effects.service.spec.js[39m                   [2m | [22m[2mspec-button-effects.service.spec[22m                   [2m | [22m  [36m4.91 kB[39m[2m | [22m
[32mchunk-BSLMKN6Q.js[39m                                     [2m | [22m[2m-[22m                                                  [2m | [22m  [36m4.90 kB[39m[2m | [22m
[32mchunk-ZWS63XHC.js[39m                                     [2m | [22m[2m-[22m                                                  [2m | [22m  [36m4.90 kB[39m[2m | [22m
[32mchunk-EFT73AGE.js[39m                                     [2m | [22m[2m-[22m                                                  [2m | [22m  [36m4.89 kB[39m[2m | [22m
[32mchunk-Z2VT3D7W.js[39m                                     [2m | [22m[2m-[22m                                                  [2m | [22m  [36m4.86 kB[39m[2m | [22m
[32mchunk-WMUGIJ4J.js[39m                                     [2m | [22m[2m-[22m                                                  [2m | [22m  [36m4.82 kB[39m[2m | [22m
[32mspec-teams-list.component.spec.js[39m                     [2m | [22m[2mspec-teams-list.component.spec[22m                     [2m | [22m  [36m4.66 kB[39m[2m | [22m
[32mspec-user-stats-dialog.component.spec.js[39m              [2m | [22m[2mspec-user-stats-dialog.component.spec[22m              [2m | [22m  [36m4.53 kB[39m[2m | [22m
[32mchunk-OIZUIH7N.js[39m                                     [2m | [22m[2m-[22m                                                  [2m | [22m  [36m4.53 kB[39m[2m | [22m
[32mtest_main.js[39m                                          [2m | [22m[2mtest_main[22m                                          [2m | [22m  [36m4.45 kB[39m[2m | [22m
[32mspec-focus-management.service.spec.js[39m                 [2m | [22m[2mspec-focus-management.service.spec[22m                 [2m | [22m  [36m4.42 kB[39m[2m | [22m
[32mspec-team.service.spec.js[39m                             [2m | [22m[2mspec-team.service.spec[22m                             [2m | [22m  [36m4.37 kB[39m[2m | [22m
[32mspec-ui-effects.service.spec.js[39m                       [2m | [22m[2mspec-ui-effects.service.spec[22m                       [2m | [22m  [36m4.34 kB[39m[2m | [22m
[32mchunk-WOP2TZQV.js[39m                                     [2m | [22m[2m-[22m                                                  [2m | [22m  [36m4.34 kB[39m[2m | [22m
[32mspec-draft-roster.component.spec.js[39m                   [2m | [22m[2mspec-draft-roster.component.spec[22m                   [2m | [22m  [36m4.31 kB[39m[2m | [22m
[32mspec-login.spec.js[39m                                    [2m | [22m[2mspec-login.spec[22m                                    [2m | [22m  [36m4.30 kB[39m[2m | [22m
[32mspec-games.resolver.spec.js[39m                           [2m | [22m[2mspec-games.resolver.spec[22m                           [2m | [22m  [36m4.14 kB[39m[2m | [22m
[32mchunk-O7WQXDJI.js[39m                                     [2m | [22m[2m-[22m                                                  [2m | [22m  [36m4.12 kB[39m[2m | [22m
[32mspec-theme.constants.spec.js[39m                          [2m | [22m[2mspec-theme.constants.spec[22m                          [2m | [22m  [36m4.06 kB[39m[2m | [22m
[32mspec-trade-calculation.service.spec.js[39m                [2m | [22m[2mspec-trade-calculation.service.spec[22m                [2m | [22m  [36m3.96 kB[39m[2m | [22m
[32mspec-leaderboard.repository.spec.js[39m                   [2m | [22m[2mspec-leaderboard.repository.spec[22m                   [2m | [22m  [36m3.96 kB[39m[2m | [22m
[32mchunk-HPQ5BOXG.js[39m                                     [2m | [22m[2m-[22m                                                  [2m | [22m  [36m3.83 kB[39m[2m | [22m
[32mchunk-RJ2PLKYF.js[39m                                     [2m | [22m[2m-[22m                                                  [2m | [22m  [36m3.77 kB[39m[2m | [22m
[32mchunk-E5C4OKYY.js[39m                                     [2m | [22m[2m-[22m                                                  [2m | [22m  [36m3.73 kB[39m[2m | [22m
[32mspec-translation.service.en.spec.js[39m                   [2m | [22m[2mspec-translation.service.en.spec[22m                   [2m | [22m  [36m3.73 kB[39m[2m | [22m
[32mspec-app.component.spec.js[39m                            [2m | [22m[2mspec-app.component.spec[22m                            [2m | [22m  [36m3.73 kB[39m[2m | [22m
[32mspec-data-source.strategy.spec.js[39m                     [2m | [22m[2mspec-data-source.strategy.spec[22m                     [2m | [22m  [36m3.71 kB[39m[2m | [22m
[32mchunk-OPJ6XU5J.js[39m                                     [2m | [22m[2m-[22m                                                  [2m | [22m  [36m3.67 kB[39m[2m | [22m
[32mchunk-V7G22VXP.js[39m                                     [2m | [22m[2m-[22m                                                  [2m | [22m  [36m3.67 kB[39m[2m | [22m
[32mspec-game-data.service.spec.js[39m                        [2m | [22m[2mspec-game-data.service.spec[22m                        [2m | [22m  [36m3.58 kB[39m[2m | [22m
[32mchunk-42Q5SFSZ.js[39m                                     [2m | [22m[2m-[22m                                                  [2m | [22m  [36m3.49 kB[39m[2m | [22m
[32mspec-trade-timeline.service.spec.js[39m                   [2m | [22m[2mspec-trade-timeline.service.spec[22m                   [2m | [22m  [36m3.46 kB[39m[2m | [22m
[32mchunk-6TRXNEZQ.js[39m                                     [2m | [22m[2m-[22m                                                  [2m | [22m  [36m3.45 kB[39m[2m | [22m
[32mchunk-R6WOQJ2D.js[39m                                     [2m | [22m[2m-[22m                                                  [2m | [22m  [36m3.45 kB[39m[2m | [22m
[32mspec-websocket.service.spec.js[39m                        [2m | [22m[2mspec-websocket.service.spec[22m                        [2m | [22m  [36m3.44 kB[39m[2m | [22m
[32mspec-particle-effects.service.spec.js[39m                 [2m | [22m[2mspec-particle-effects.service.spec[22m                 [2m | [22m  [36m3.43 kB[39m[2m | [22m
[32mspec-invitation-code-duration-dialog.component.spec.js[39m[2m | [22m[2mspec-invitation-code-duration-dialog.component.spec[22m[2m | [22m  [36m3.43 kB[39m[2m | [22m
[32mspec-translation.service.fr.spec.js[39m                   [2m | [22m[2mspec-translation.service.fr.spec[22m                   [2m | [22m  [36m3.39 kB[39m[2m | [22m
[32mchunk-CHBPD6F6.js[39m                                     [2m | [22m[2m-[22m                                                  [2m | [22m  [36m3.38 kB[39m[2m | [22m
[32mchunk-G3DQF3ND.js[39m                                     [2m | [22m[2m-[22m                                                  [2m | [22m  [36m3.38 kB[39m[2m | [22m
[32mchunk-TYII6EXJ.js[39m                                     [2m | [22m[2m-[22m                                                  [2m | [22m  [36m3.37 kB[39m[2m | [22m
[32mspec-confirm-dialog.component.spec.js[39m                 [2m | [22m[2mspec-confirm-dialog.component.spec[22m                 [2m | [22m  [36m3.36 kB[39m[2m | [22m
[32mspec-dashboard-stats-calculator.service.spec.js[39m       [2m | [22m[2mspec-dashboard-stats-calculator.service.spec[22m       [2m | [22m  [36m3.29 kB[39m[2m | [22m
[32mchunk-HCIWZR6F.js[39m                                     [2m | [22m[2m-[22m                                                  [2m | [22m  [36m3.17 kB[39m[2m | [22m
[32mspec-trade-detail.service.spec.js[39m                     [2m | [22m[2mspec-trade-detail.service.spec[22m                     [2m | [22m  [36m3.07 kB[39m[2m | [22m
[32mchunk-AZGMKRKB.js[39m                                     [2m | [22m[2m-[22m                                                  [2m | [22m  [36m2.94 kB[39m[2m | [22m
[32mchunk-O76LQ4EO.js[39m                                     [2m | [22m[2m-[22m                                                  [2m | [22m  [36m2.90 kB[39m[2m | [22m
[32mspec-dashboard.service.spec.js[39m                        [2m | [22m[2mspec-dashboard.service.spec[22m                        [2m | [22m  [36m2.86 kB[39m[2m | [22m
[32mchunk-P3PUGOHM.js[39m                                     [2m | [22m[2m-[22m                                                  [2m | [22m  [36m2.81 kB[39m[2m | [22m
[32mspec-mock-data.service.spec.js[39m                        [2m | [22m[2mspec-mock-data.service.spec[22m                        [2m | [22m  [36m2.80 kB[39m[2m | [22m
[32mspec-dashboard-stats-display.service.spec.js[39m          [2m | [22m[2mspec-dashboard-stats-display.service.spec[22m          [2m | [22m  [36m2.77 kB[39m[2m | [22m
[32mspec-accessibility-announcer.service.spec.js[39m          [2m | [22m[2mspec-accessibility-announcer.service.spec[22m          [2m | [22m  [36m2.73 kB[39m[2m | [22m
[32mspec-theme.service.spec.js[39m                            [2m | [22m[2mspec-theme.service.spec[22m                            [2m | [22m  [36m2.72 kB[39m[2m | [22m
[32mchunk-MHVYWXLB.js[39m                                     [2m | [22m[2m-[22m                                                  [2m | [22m  [36m2.71 kB[39m[2m | [22m
[32mspec-teams-routing.module.spec.js[39m                     [2m | [22m[2mspec-teams-routing.module.spec[22m                     [2m | [22m  [36m2.67 kB[39m[2m | [22m
[32mchunk-UUQAE2ZL.js[39m                                     [2m | [22m[2m-[22m                                                  [2m | [22m  [36m2.64 kB[39m[2m | [22m
[32mchunk-MJ7NPMEJ.js[39m                                     [2m | [22m[2m-[22m                                                  [2m | [22m  [36m2.62 kB[39m[2m | [22m
[32mspec-draft-timer.component.spec.js[39m                    [2m | [22m[2mspec-draft-timer.component.spec[22m                    [2m | [22m  [36m2.61 kB[39m[2m | [22m
[32mspec-dashboard-chart-coordinator.service.spec.js[39m      [2m | [22m[2mspec-dashboard-chart-coordinator.service.spec[22m      [2m | [22m  [36m2.60 kB[39m[2m | [22m
[32mchunk-WMX4E4AI.js[39m                                     [2m | [22m[2m-[22m                                                  [2m | [22m  [36m2.59 kB[39m[2m | [22m
[32mspec-trade-validation.service.spec.js[39m                 [2m | [22m[2mspec-trade-validation.service.spec[22m                 [2m | [22m  [36m2.57 kB[39m[2m | [22m
[32mspec-animation-effects.service.spec.js[39m                [2m | [22m[2mspec-animation-effects.service.spec[22m                [2m | [22m  [36m2.56 kB[39m[2m | [22m
[32mspec-player-stats.service.spec.js[39m                     [2m | [22m[2mspec-player-stats.service.spec[22m                     [2m | [22m  [36m2.50 kB[39m[2m | [22m
[32mchunk-IXZQVSKP.js[39m                                     [2m | [22m[2m-[22m                                                  [2m | [22m  [36m2.43 kB[39m[2m | [22m
[32mchunk-BRYHHZB4.js[39m                                     [2m | [22m[2m-[22m                                                  [2m | [22m  [36m2.39 kB[39m[2m | [22m
[32mchunk-XJOABFS3.js[39m                                     [2m | [22m[2m-[22m                                                  [2m | [22m  [36m2.39 kB[39m[2m | [22m
[32mchunk-2KLS27YY.js[39m                                     [2m | [22m[2m-[22m                                                  [2m | [22m  [36m2.38 kB[39m[2m | [22m
[32mspec-app-error.spec.js[39m                                [2m | [22m[2mspec-app-error.spec[22m                                [2m | [22m  [36m2.38 kB[39m[2m | [22m
[32mchunk-TBPLNDCX.js[39m                                     [2m | [22m[2m-[22m                                                  [2m | [22m  [36m2.27 kB[39m[2m | [22m
[32mspec-app.spec.js[39m                                      [2m | [22m[2mspec-app.spec[22m                                      [2m | [22m  [36m2.21 kB[39m[2m | [22m
[32mspec-dashboard-chart.service.spec.js[39m                  [2m | [22m[2mspec-dashboard-chart.service.spec[22m                  [2m | [22m  [36m2.05 kB[39m[2m | [22m
[32mchunk-FYEKJGN3.js[39m                                     [2m | [22m[2m-[22m                                                  [2m | [22m  [36m1.99 kB[39m[2m | [22m
[32mchunk-GM3QRLP3.js[39m                                     [2m | [22m[2m-[22m                                                  [2m | [22m  [36m1.87 kB[39m[2m | [22m
[32mspec-team-list.spec.js[39m                                [2m | [22m[2mspec-team-list.spec[22m                                [2m | [22m  [36m1.85 kB[39m[2m | [22m
[32mspec-game-selection.service.spec.js[39m                   [2m | [22m[2mspec-game-selection.service.spec[22m                   [2m | [22m  [36m1.57 kB[39m[2m | [22m
[32mchunk-BS6ONGTX.js[39m                                     [2m | [22m[2m-[22m                                                  [2m | [22m  [36m1.53 kB[39m[2m | [22m
[32mspec-logger.service.spec.js[39m                           [2m | [22m[2mspec-logger.service.spec[22m                           [2m | [22m  [36m1.51 kB[39m[2m | [22m
[32mspec-trade-formatting.service.spec.js[39m                 [2m | [22m[2mspec-trade-formatting.service.spec[22m                 [2m | [22m  [36m1.36 kB[39m[2m | [22m
[32mchunk-Q7B3BZCR.js[39m                                     [2m | [22m[2m-[22m                                                  [2m | [22m  [36m1.34 kB[39m[2m | [22m
[32mspec-browser-navigation.service.spec.js[39m               [2m | [22m[2mspec-browser-navigation.service.spec[22m               [2m | [22m  [36m1.31 kB[39m[2m | [22m
[32mchunk-LZLWEFT7.js[39m                                     [2m | [22m[2m-[22m                                                  [2m | [22m[36m979 bytes[39m[2m | [22m
[32mchunk-Z3HVR5GR.js[39m                                     [2m | [22m[2m-[22m                                                  [2m | [22m[36m855 bytes[39m[2m | [22m
[32mjasmine-cleanup-0.js[39m                                  [2m | [22m[2mjasmine-cleanup-0[22m                                  [2m | [22m[36m519 bytes[39m[2m | [22m

[1m [22m                                                     [2m | [22m[1mInitial total[22m                                      [2m | [22m [1m10.50 MB[22m

[1mLazy chunk files[22m                                      [2m | [22m[1mNames[22m                                              [2m | [22m [1mRaw size[22m
[32mchunk-EKOER4J4.js[39m                                     [2m | [22m[2mteam-edit-component[22m                                [2m | [22m  [36m1.15 kB[39m[2m | [22m

Application bundle generation complete. [3.321 seconds]

[32m08 02 2026 18:02:11.919:INFO [karma-server]: [39mKarma v6.4.4 server started at http://localhost:9876/
[32m08 02 2026 18:02:11.919:INFO [launcher]: [39mLaunching browsers ChromeHeadless with concurrency unlimited
[32m08 02 2026 18:02:11.923:INFO [launcher]: [39mStarting browser Chrome
[32m08 02 2026 18:02:12.783:INFO [Chrome Headless 144.0.0.0 (Windows 10)]: [39mConnected on socket pZpXLtRIuoid28vfAAAB with id 79746786
Chrome Headless 144.0.0.0 (Windows 10): Executed 0 of 1649[32m SUCCESS[39m (0 secs / 0 secs)
[1A[2KChrome Headless 144.0.0.0 (Windows 10): Executed 1 of 1649[32m SUCCESS[39m (0 secs / 0.005 secs)
[1A[2KChrome Headless 144.0.0.0 (Windows 10): Executed 2 of 1649[32m SUCCESS[39m (0 secs / 0.007 secs)
[1A[2KChrome Headless 144.0.0.0 (Windows 10): Executed 3 of 1649[32m SUCCESS[39m (0 secs / 0.008 secs)
[1A[2KChrome Headless 144.0.0.0 (Windows 10): Executed 4 of 1649[32m SUCCESS[39m (0 secs / 0.009 secs)
[1A[2KChrome Headless 144.0.0.0 (Windows 10): Executed 5 of 1649[32m SUCCESS[39m (0 secs / 0.01 secs)
[1A[2KChrome Headless 144.0.0.0 (Windows 10): Executed 6 of 1649[32m SUCCESS[39m (0 secs / 0.011 secs)
[1A[2KChrome Headless 144.0.0.0 (Windows 10): Executed 7 of 1649[32m SUCCESS[39m (0 secs / 0.013 secs)
[1A[2KChrome Headless 144.0.0.0 (Windows 10): Executed 8 of 1649[32m SUCCESS[39m (0 secs / 0.013 secs)
[1A[2KChrome Headless 144.0.0.0 (Windows 10): Executed 9 of 1649[32m SUCCESS[39m (0 secs / 0.013 secs)
[1A[2KChrome Headless 144.0.0.0 (Windows 10): Executed 10 of 1649[32m SUCCESS[39m (0 secs / 0.014 secs)
[1A[2KChrome Headless 144.0.0.0 (Windows 10): Executed 11 of 1649[32m SUCCESS[39m (0 secs / 0.015 secs)
[1A[2KChrome Headless 144.0.0.0 (Windows 10): Executed 12 of 1649[32m SUCCESS[39m (0 secs / 0.015 secs)
[1A[2KChrome Headless 144.0.0.0 (Windows 10): Executed 13 of 1649[32m SUCCESS[39m (0 secs / 0.016 secs)
[1A[2KChrome Headless 144.0.0.0 (Windows 10): Executed 14 of 1649[32m SUCCESS[39m (0 secs / 0.017 secs)
[1A[2KChrome Headless 144.0.0.0 (Windows 10): Executed 15 of 1649[32m SUCCESS[39m (0 secs / 0.017 secs)
[1A[2KChrome Headless 144.0.0.0 (Windows 10): Executed 16 of 1649[32m SUCCESS[39m (0 secs / 0.02 secs)
[1A[2KChrome Headless 144.0.0.0 (Windows 10): Executed 17 of 1649[32m SUCCESS[39m (0 secs / 0.021 secs)
[1A[2KChrome Headless 144.0.0.0 (Windows 10): Executed 18 of 1649[32m SUCCESS[39m (0 secs / 0.022 secs)
[1A[2KChrome Headless 144.0.0.0 (Windows 10): Executed 19 of 1649[32m SUCCESS[39m (0 secs / 0.023 secs)
[1A[2KChrome Headless 144.0.0.0 (Windows 10): Executed 20 of 1649[32m SUCCESS[39m (0 secs / 0.024 secs)
[1A[2KChrome Headless 144.0.0.0 (Windows 10): Executed 21 of 1649[32m SUCCESS[39m (0 secs / 0.047 secs)
[1A[2KChrome Headless 144.0.0.0 (Windows 10): Executed 22 of 1649[32m SUCCESS[39m (0 secs / 0.057 secs)
[1A[2KChrome Headless 144.0.0.0 (Windows 10): Executed 23 of 1649[32m SUCCESS[39m (0 secs / 0.063 secs)
[1A[2KChrome Headless 144.0.0.0 (Windows 10): Executed 24 of 1649[32m SUCCESS[39m (0 secs / 0.068 secs)
[1A[2KChrome Headless 144.0.0.0 (Windows 10): Executed 25 of 1649[32m SUCCESS[39m (0 secs / 0.073 secs)
[1A[2KChrome Headless 144.0.0.0 (Windows 10): Executed 26 of 1649[32m SUCCESS[39m (0 secs / 0.077 secs)
[1A[2KChrome Headless 144.0.0.0 (Windows 10): Executed 27 of 1649[32m SUCCESS[39m (0 secs / 0.079 secs)
[1A[2KChrome Headless 144.0.0.0 (Windows 10): Executed 28 of 1649[32m SUCCESS[39m (0 secs / 0.081 secs)
[1A[2KChrome Headless 144.0.0.0 (Windows 10): Executed 29 of 1649[32m SUCCESS[39m (0 secs / 0.085 secs)
[1A[2KChrome Headless 144.0.0.0 (Windows 10): Executed 30 of 1649[32m SUCCESS[39m (0 secs / 0.088 secs)
[1A[2KChrome Headless 144.0.0.0 (Windows 10): Executed 31 of 1649[32m SUCCESS[39m (0 secs / 0.091 secs)
[1A[2KChrome Headless 144.0.0.0 (Windows 10): Executed 32 of 1649[32m SUCCESS[39m (0 secs / 0.092 secs)
[1A[2KChrome Headless 144.0.0.0 (Windows 10): Executed 33 of 1649[32m SUCCESS[39m (0 secs / 0.094 secs)
[1A[2KChrome Headless 144.0.0.0 (Windows 10): Executed 34 of 1649[32m SUCCESS[39m (0 secs / 0.096 secs)
[1A[2KChrome Headless 144.0.0.0 (Windows 10): Executed 35 of 1649[32m SUCCESS[39m (0 secs / 0.099 secs)
[1A[2KChrome Headless 144.0.0.0 (Windows 10): Executed 36 of 1649[32m SUCCESS[39m (0 secs / 0.102 secs)
[1A[2KChrome Headless 144.0.0.0 (Windows 10): Executed 37 of 1649[32m SUCCESS[39m (0 secs / 0.104 secs)
[1A[2KChrome Headless 144.0.0.0 (Windows 10): Executed 38 of 1649[32m SUCCESS[39m (0 secs / 0.106 secs)
[1A[2KChrome Headless 144.0.0.0 (Windows 10): Executed 39 of 1649[32m SUCCESS[39m (0 secs / 0.108 secs)
[1A[2KChrome Headless 144.0.0.0 (Windows 10): Executed 40 of 1649[32m SUCCESS[39m (0 secs / 0.108 secs)
[1A[2KChrome Headless 144.0.0.0 (Windows 10): Executed 41 of 1649[32m SUCCESS[39m (0 secs / 0.109 secs)
[1A[2KChrome Headless 144.0.0.0 (Windows 10): Executed 42 of 1649[32m SUCCESS[39m (0 secs / 0.109 secs)
[1A[2KChrome Headless 144.0.0.0 (Windows 10): Executed 43 of 1649[32m SUCCESS[39m (0 secs / 0.11 secs)
[1A[2KChrome Headless 144.0.0.0 (Windows 10): Executed 44 of 1649[32m SUCCESS[39m (0 secs / 0.11 secs)
[1A[2KChrome Headless 144.0.0.0 (Windows 10): Executed 45 of 1649[32m SUCCESS[39m (0 secs / 0.111 secs)
[1A[2KChrome Headless 144.0.0.0 (Windows 10): Executed 46 of 1649[32m SUCCESS[39m (0 secs / 0.111 secs)
[1A[2KChrome Headless 144.0.0.0 (Windows 10): Executed 47 of 1649[32m SUCCESS[39m (0 secs / 0.112 secs)
[1A[2KChrome Headless 144.0.0.0 (Windows 10): Executed 48 of 1649[32m SUCCESS[39m (0 secs / 0.112 secs)
[1A[2KChrome Headless 144.0.0.0 (Windows 10): Executed 49 of 1649[32m SUCCESS[39m (0 secs / 0.113 secs)
[1A[2KChrome Headless 144.0.0.0 (Windows 10): Executed 50 of 1649[32m SUCCESS[39m (0 secs / 0.113 secs)
[1A[2KChrome Headless 144.0.0.0 (Windows 10): Executed 51 of 1649[32m SUCCESS[39m (0 secs / 0.114 secs)
[1A[2KChrome Headless 144.0.0.0 (Windows 10): Executed 52 of 1649[32m SUCCESS[39m (0 secs / 0.114 secs)
[1A[2KChrome Headless 144.0.0.0 (Windows 10): Executed 53 of 1649[32m SUCCESS[39m (0 secs / 0.115 secs)
[1A[2KChrome Headless 144.0.0.0 (Windows 10): Executed 54 of 1649[32m SUCCESS[39m (0 secs / 0.115 secs)
[1A[2KChrome Headless 144.0.0.0 (Windows 10): Executed 55 of 1649[32m SUCCESS[39m (0 secs / 0.116 secs)
[1A[2KChrome Headless 144.0.0.0 (Windows 10): Executed 56 of 1649[32m SUCCESS[39m (0 secs / 0.116 secs)
[1A[2KChrome Headless 144.0.0.0 (Windows 10): Executed 57 of 1649[32m SUCCESS[39m (0 secs / 0.117 secs)
[1A[2KChrome Headless 144.0.0.0 (Windows 10): Executed 58 of 1649[32m SUCCESS[39m (0 secs / 0.117 secs)
[1A[2KChrome Headless 144.0.0.0 (Windows 10): Executed 59 of 1649[32m SUCCESS[39m (0 secs / 0.117 secs)
[1A[2KChrome Headless 144.0.0.0 (Windows 10): Executed 60 of 1649[32m SUCCESS[39m (0 secs / 0.117 secs)
[1A[2KChrome Headless 144.0.0.0 (Windows 10): Executed 61 of 1649[32m SUCCESS[39m (0 secs / 0.117 secs)
[1A[2KChrome Headless 144.0.0.0 (Windows 10): Executed 62 of 1649[32m SUCCESS[39m (0 secs / 0.117 secs)
[1A[2KChrome Headless 144.0.0.0 (Windows 10): Executed 63 of 1649[32m SUCCESS[39m (0 secs / 0.117 secs)
[1A[2KChrome Headless 144.0.0.0 (Windows 10): Executed 64 of 1649[32m SUCCESS[39m (0 secs / 0.118 secs)
[1A[2KChrome Headless 144.0.0.0 (Windows 10): Executed 65 of 1649[32m SUCCESS[39m (0 secs / 0.118 secs)
[1A[2KChrome Headless 144.0.0.0 (Windows 10): Executed 66 of 1649[32m SUCCESS[39m (0 secs / 0.119 secs)
[1A[2KChrome Headless 144.0.0.0 (Windows 10): Executed 67 of 1649[32m SUCCESS[39m (0 secs / 0.119 secs)
[1A[2KChrome Headless 144.0.0.0 (Windows 10): Executed 68 of 1649[32m SUCCESS[39m (0 secs / 0.12 secs)
[1A[2KChrome Headless 144.0.0.0 (Windows 10): Executed 69 of 1649[32m SUCCESS[39m (0 secs / 0.121 secs)
[1A[2KChrome Headless 144.0.0.0 (Windows 10): Executed 70 of 1649[32m SUCCESS[39m (0 secs / 0.122 secs)
[1A[2KChrome Headless 144.0.0.0 (Windows 10): Executed 71 of 1649[32m SUCCESS[39m (0 secs / 0.122 secs)
[1A[2KChrome Headless 144.0.0.0 (Windows 10): Executed 72 of 1649[32m SUCCESS[39m (0 secs / 0.123 secs)
[1A[2KChrome Headless 144.0.0.0 (Windows 10): Executed 73 of 1649[32m SUCCESS[39m (0 secs / 0.124 secs)
[1A[2KChrome Headless 144.0.0.0 (Windows 10): Executed 74 of 1649[32m SUCCESS[39m (0 secs / 0.124 secs)
[1A[2KChrome Headless 144.0.0.0 (Windows 10): Executed 75 of 1649[32m SUCCESS[39m (0 secs / 0.125 secs)
[1A[2KChrome Headless 144.0.0.0 (Windows 10): Executed 76 of 1649[32m SUCCESS[39m (0 secs / 0.125 secs)
[1A[2KChrome Headless 144.0.0.0 (Windows 10): Executed 77 of 1649[32m SUCCESS[39m (0 secs / 0.126 secs)
[1A[2KChrome Headless 144.0.0.0 (Windows 10): Executed 78 of 1649[32m SUCCESS[39m (0 secs / 0.126 secs)
[1A[2KChrome Headless 144.0.0.0 (Windows 10): Executed 79 of 1649[32m SUCCESS[39m (0 secs / 0.127 secs)
[1A[2KChrome Headless 144.0.0.0 (Windows 10): Executed 80 of 1649[32m SUCCESS[39m (0 secs / 0.127 secs)
[1A[2KChrome Headless 144.0.0.0 (Windows 10): Executed 81 of 1649[32m SUCCESS[39m (0 secs / 0.128 secs)
[1A[2KChrome Headless 144.0.0.0 (Windows 10): Executed 82 of 1649[32m SUCCESS[39m (0 secs / 0.128 secs)
[1A[2KChrome Headless 144.0.0.0 (Windows 10): Executed 83 of 1649[32m SUCCESS[39m (0 secs / 0.129 secs)
[1A[2KChrome Headless 144.0.0.0 (Windows 10): Executed 84 of 1649[32m SUCCESS[39m (0 secs / 0.129 secs)
[1A[2KChrome Headless 144.0.0.0 (Windows 10): Executed 85 of 1649[32m SUCCESS[39m (0 secs / 0.129 secs)
[1A[2KChrome Headless 144.0.0.0 (Windows 10): Executed 86 of 1649[32m SUCCESS[39m (0 secs / 0.129 secs)
[1A[2KChrome Headless 144.0.0.0 (Windows 10): Executed 87 of 1649[32m SUCCESS[39m (0 secs / 0.129 secs)
[1A[2KChrome Headless 144.0.0.0 (Windows 10): Executed 88 of 1649[32m SUCCESS[39m (0 secs / 0.129 secs)
[1A[2KChrome Headless 144.0.0.0 (Windows 10): Executed 89 of 1649[32m SUCCESS[39m (0 secs / 0.13 secs)
[1A[2KChrome Headless 144.0.0.0 (Windows 10): Executed 90 of 1649[32m SUCCESS[39m (0 secs / 0.13 secs)
[1A[2KChrome Headless 144.0.0.0 (Windows 10): Executed 91 of 1649[32m SUCCESS[39m (0 secs / 0.131 secs)
[1A[2KChrome Headless 144.0.0.0 (Windows 10): Executed 92 of 1649[32m SUCCESS[39m (0 secs / 0.131 secs)
[1A[2KChrome Headless 144.0.0.0 (Windows 10): Executed 93 of 1649[32m SUCCESS[39m (0 secs / 0.132 secs)
[1A[2KChrome Headless 144.0.0.0 (Windows 10): Executed 94 of 1649[32m SUCCESS[39m (0 secs / 0.132 secs)
[1A[2KChrome Headless 144.0.0.0 (Windows 10): Executed 95 of 1649[32m SUCCESS[39m (0 secs / 0.133 secs)
[1A[2KChrome Headless 144.0.0.0 (Windows 10): Executed 96 of 1649[32m SUCCESS[39m (0 secs / 0.133 secs)
[1A[2KChrome Headless 144.0.0.0 (Windows 10): Executed 97 of 1649[32m SUCCESS[39m (0 secs / 0.154 secs)
[1A[2KChrome Headless 144.0.0.0 (Windows 10): Executed 98 of 1649[32m SUCCESS[39m (0 secs / 0.163 secs)
[1A[2KChrome Headless 144.0.0.0 (Windows 10): Executed 99 of 1649[32m SUCCESS[39m (0 secs / 0.168 secs)
[1A[2KChrome Headless 144.0.0.0 (Windows 10): Executed 100 of 1649[32m SUCCESS[39m (0 secs / 0.173 secs)
[1A[2KChrome Headless 144.0.0.0 (Windows 10): Executed 101 of 1649[32m SUCCESS[39m (0 secs / 0.179 secs)
[1A[2KChrome Headless 144.0.0.0 (Windows 10): Executed 102 of 1649[32m SUCCESS[39m (0 secs / 0.184 secs)
[1A[2KChrome Headless 144.0.0.0 (Windows 10): Executed 103 of 1649[32m SUCCESS[39m (0 secs / 0.19 secs)
[1A[2KChrome Headless 144.0.0.0 (Windows 10): Executed 104 of 1649[32m SUCCESS[39m (0 secs / 0.195 secs)
[1A[2KChrome Headless 144.0.0.0 (Windows 10): Executed 105 of 1649[32m SUCCESS[39m (0 secs / 0.2 secs)
[1A[2KChrome Headless 144.0.0.0 (Windows 10): Executed 106 of 1649[32m SUCCESS[39m (0 secs / 0.205 secs)
[1A[2KChrome Headless 144.0.0.0 (Windows 10): Executed 107 of 1649[32m SUCCESS[39m (0 secs / 0.212 secs)
[1A[2KChrome Headless 144.0.0.0 (Windows 10): Executed 108 of 1649[32m SUCCESS[39m (0 secs / 0.218 secs)
[1A[2KChrome Headless 144.0.0.0 (Windows 10): Executed 109 of 1649[32m SUCCESS[39m (0 secs / 0.223 secs)
[1A[2KChrome Headless 144.0.0.0 (Windows 10): Executed 110 of 1649[32m SUCCESS[39m (0 secs / 0.227 secs)
[1A[2KChrome Headless 144.0.0.0 (Windows 10): Executed 111 of 1649[32m SUCCESS[39m (0 secs / 0.232 secs)
[1A[2KChrome Headless 144.0.0.0 (Windows 10): Executed 112 of 1649[32m SUCCESS[39m (0 secs / 0.236 secs)
[1A[2KChrome Headless 144.0.0.0 (Windows 10): Executed 113 of 1649[32m SUCCESS[39m (0 secs / 0.241 secs)
[1A[2KChrome Headless 144.0.0.0 (Windows 10): Executed 114 of 1649[32m SUCCESS[39m (0 secs / 0.247 secs)
[1A[2KChrome Headless 144.0.0.0 (Windows 10): Executed 115 of 1649[32m SUCCESS[39m (0 secs / 0.252 secs)
[1A[2KChrome Headless 144.0.0.0 (Windows 10): Executed 116 of 1649[32m SUCCESS[39m (0 secs / 0.256 secs)
[1A[2KChrome Headless 144.0.0.0 (Windows 10): Executed 117 of 1649[32m SUCCESS[39m (0 secs / 0.26 secs)
[1A[2KChrome Headless 144.0.0.0 (Windows 10): Executed 118 of 1649[32m SUCCESS[39m (0 secs / 0.265 secs)
[1A[2KChrome Headless 144.0.0.0 (Windows 10): Executed 119 of 1649[32m SUCCESS[39m (0 secs / 0.269 secs)
[1A[2KChrome Headless 144.0.0.0 (Windows 10): Executed 120 of 1649[32m SUCCESS[39m (0 secs / 0.274 secs)
[1A[2KChrome Headless 144.0.0.0 (Windows 10): Executed 121 of 1649[32m SUCCESS[39m (0 secs / 0.28 secs)
[1A[2KChrome Headless 144.0.0.0 (Windows 10): Executed 122 of 1649[32m SUCCESS[39m (0 secs / 0.286 secs)
[1A[2KChrome Headless 144.0.0.0 (Windows 10): Executed 123 of 1649[32m SUCCESS[39m (0 secs / 0.294 secs)
[1A[2KChrome Headless 144.0.0.0 (Windows 10): Executed 124 of 1649[32m SUCCESS[39m (0 secs / 0.304 secs)
[1A[2KChrome Headless 144.0.0.0 (Windows 10): Executed 125 of 1649[32m SUCCESS[39m (0 secs / 0.309 secs)
[1A[2KChrome Headless 144.0.0.0 (Windows 10): Executed 126 of 1649[32m SUCCESS[39m (0 secs / 0.314 secs)
[1A[2KChrome Headless 144.0.0.0 (Windows 10): Executed 127 of 1649[32m SUCCESS[39m (0 secs / 0.321 secs)
[1A[2KChrome Headless 144.0.0.0 (Windows 10): Executed 128 of 1649[32m SUCCESS[39m (0 secs / 0.33 secs)
[1A[2KChrome Headless 144.0.0.0 (Windows 10): Executed 129 of 1649[32m SUCCESS[39m (0 secs / 0.336 secs)
[1A[2KChrome Headless 144.0.0.0 (Windows 10): Executed 130 of 1649[32m SUCCESS[39m (0 secs / 0.343 secs)
[1A[2KChrome Headless 144.0.0.0 (Windows 10): Executed 131 of 1649[32m SUCCESS[39m (0 secs / 0.349 secs)
[1A[2KChrome Headless 144.0.0.0 (Windows 10): Executed 132 of 1649[32m SUCCESS[39m (0 secs / 0.356 secs)
[1A[2KChrome Headless 144.0.0.0 (Windows 10): Executed 133 of 1649[32m SUCCESS[39m (0 secs / 0.361 secs)
[1A[2KChrome Headless 144.0.0.0 (Windows 10): Executed 134 of 1649[32m SUCCESS[39m (0 secs / 0.367 secs)
[1A[2KChrome Headless 144.0.0.0 (Windows 10): Executed 135 of 1649[32m SUCCESS[39m (0 secs / 0.371 secs)
[1A[2KChrome Headless 144.0.0.0 (Windows 10): Executed 136 of 1649[32m SUCCESS[39m (0 secs / 0.375 secs)
[1A[2KChrome Headless 144.0.0.0 (Windows 10): Executed 137 of 1649[32m SUCCESS[39m (0 secs / 0.38 secs)
[1A[2KChrome Headless 144.0.0.0 (Windows 10): Executed 138 of 1649[32m SUCCESS[39m (0 secs / 0.384 secs)
[1A[2KChrome Headless 144.0.0.0 (Windows 10): Executed 139 of 1649[32m SUCCESS[39m (0 secs / 0.425 secs)
[1A[2KChrome Headless 144.0.0.0 (Windows 10): Executed 140 of 1649[32m SUCCESS[39m (0 secs / 0.437 secs)
[1A[2KChrome Headless 144.0.0.0 (Windows 10): Executed 141 of 1649[32m SUCCESS[39m (0 secs / 0.441 secs)
[1A[2KChrome Headless 144.0.0.0 (Windows 10): Executed 142 of 1649[32m SUCCESS[39m (0 secs / 0.448 secs)
[1A[2KChrome Headless 144.0.0.0 (Windows 10): Executed 143 of 1649[32m SUCCESS[39m (0 secs / 0.54 secs)
[1A[2KChrome Headless 144.0.0.0 (Windows 10): Executed 144 of 1649[32m SUCCESS[39m (0 secs / 0.556 secs)
[1A[2KChrome Headless 144.0.0.0 (Windows 10): Executed 145 of 1649[32m SUCCESS[39m (0 secs / 0.571 secs)
[1A[2KChrome Headless 144.0.0.0 (Windows 10): Executed 146 of 1649[32m SUCCESS[39m (0 secs / 0.589 secs)
[1A[2KChrome Headless 144.0.0.0 (Windows 10): Executed 147 of 1649[32m SUCCESS[39m (0 secs / 0.608 secs)
[1A[2KChrome Headless 144.0.0.0 (Windows 10): Executed 148 of 1649[32m SUCCESS[39m (0 secs / 0.639 secs)
[1A[2KChrome Headless 144.0.0.0 (Windows 10): Executed 149 of 1649[32m SUCCESS[39m (0 secs / 0.654 secs)
[1A[2KChrome Headless 144.0.0.0 (Windows 10): Executed 150 of 1649[32m SUCCESS[39m (0 secs / 0.671 secs)
[1A[2KChrome Headless 144.0.0.0 (Windows 10): Executed 151 of 1649[32m SUCCESS[39m (0 secs / 0.688 secs)
[1A[2KChrome Headless 144.0.0.0 (Windows 10): Executed 152 of 1649[32m SUCCESS[39m (0 secs / 0.705 secs)
[1A[2KChrome Headless 144.0.0.0 (Windows 10): Executed 153 of 1649[32m SUCCESS[39m (0 secs / 0.721 secs)
[1A[2KChrome Headless 144.0.0.0 (Windows 10): Executed 154 of 1649[32m SUCCESS[39m (0 secs / 0.736 secs)
[1A[2KChrome Headless 144.0.0.0 (Windows 10): Executed 155 of 1649[32m SUCCESS[39m (0 secs / 0.75 secs)
[1A[2KChrome Headless 144.0.0.0 (Windows 10): Executed 156 of 1649[32m SUCCESS[39m (0 secs / 0.765 secs)
[1A[2KChrome Headless 144.0.0.0 (Windows 10): Executed 157 of 1649[32m SUCCESS[39m (0 secs / 0.78 secs)
[1A[2KChrome Headless 144.0.0.0 (Windows 10): Executed 158 of 1649[32m SUCCESS[39m (0 secs / 0.795 secs)
[1A[2KChrome Headless 144.0.0.0 (Windows 10): Executed 159 of 1649[32m SUCCESS[39m (0 secs / 0.809 secs)
[1A[2KChrome Headless 144.0.0.0 (Windows 10): Executed 160 of 1649[32m SUCCESS[39m (0 secs / 0.823 secs)
[1A[2KChrome Headless 144.0.0.0 (Windows 10): Executed 161 of 1649[32m SUCCESS[39m (0 secs / 0.841 secs)
[1A[2KChrome Headless 144.0.0.0 (Windows 10): Executed 162 of 1649[32m SUCCESS[39m (0 secs / 0.855 secs)
[1A[2KChrome Headless 144.0.0.0 (Windows 10): Executed 163 of 1649[32m SUCCESS[39m (0 secs / 0.869 secs)
[1A[2KChrome Headless 144.0.0.0 (Windows 10): Executed 164 of 1649[32m SUCCESS[39m (0 secs / 0.882 secs)
[1A[2KChrome Headless 144.0.0.0 (Windows 10): Executed 165 of 1649[32m SUCCESS[39m (0 secs / 0.895 secs)
[1A[2KChrome Headless 144.0.0.0 (Windows 10): Executed 166 of 1649[32m SUCCESS[39m (0 secs / 0.909 secs)
[1A[2KChrome Headless 144.0.0.0 (Windows 10): Executed 167 of 1649[32m SUCCESS[39m (0 secs / 0.922 secs)
[1A[2KChrome Headless 144.0.0.0 (Windows 10): Executed 168 of 1649[32m SUCCESS[39m (0 secs / 0.936 secs)
[1A[2KChrome Headless 144.0.0.0 (Windows 10): Executed 169 of 1649[32m SUCCESS[39m (0 secs / 0.95 secs)
[1A[2KChrome Headless 144.0.0.0 (Windows 10): Executed 170 of 1649[32m SUCCESS[39m (0 secs / 0.964 secs)
[1A[2KChrome Headless 144.0.0.0 (Windows 10): Executed 171 of 1649[32m SUCCESS[39m (0 secs / 0.966 secs)
[1A[2KChrome Headless 144.0.0.0 (Windows 10): Executed 172 of 1649[32m SUCCESS[39m (0 secs / 0.966 secs)
[1A[2KChrome Headless 144.0.0.0 (Windows 10): Executed 173 of 1649[32m SUCCESS[39m (0 secs / 0.967 secs)
[1A[2KChrome Headless 144.0.0.0 (Windows 10): Executed 174 of 1649[32m SUCCESS[39m (0 secs / 0.968 secs)
[1A[2KChrome Headless 144.0.0.0 (Windows 10): Executed 175 of 1649[32m SUCCESS[39m (0 secs / 0.968 secs)
[1A[2KChrome Headless 144.0.0.0 (Windows 10): Executed 176 of 1649[32m SUCCESS[39m (0 secs / 0.969 secs)
[1A[2KChrome Headless 144.0.0.0 (Windows 10): Executed 177 of 1649[32m SUCCESS[39m (0 secs / 0.969 secs)
[1A[2KChrome Headless 144.0.0.0 (Windows 10): Executed 178 of 1649[32m SUCCESS[39m (0 secs / 0.97 secs)
[1A[2KChrome Headless 144.0.0.0 (Windows 10): Executed 179 of 1649[32m SUCCESS[39m (0 secs / 0.97 secs)
[1A[2KChrome Headless 144.0.0.0 (Windows 10): Executed 180 of 1649[32m SUCCESS[39m (0 secs / 0.971 secs)
[1A[2KChrome Headless 144.0.0.0 (Windows 10): Executed 181 of 1649[32m SUCCESS[39m (0 secs / 0.985 secs)
[1A[2KChrome Headless 144.0.0.0 (Windows 10): Executed 182 of 1649[32m SUCCESS[39m (0 secs / 0.991 secs)
[1A[2KChrome Headless 144.0.0.0 (Windows 10): Executed 183 of 1649[32m SUCCESS[39m (0 secs / 0.996 secs)
[1A[2KChrome Headless 144.0.0.0 (Windows 10): Executed 184 of 1649[32m SUCCESS[39m (0 secs / 1.002 secs)
[1A[2KChrome Headless 144.0.0.0 (Windows 10): Executed 185 of 1649[32m SUCCESS[39m (0 secs / 1.007 secs)
[1A[2KChrome Headless 144.0.0.0 (Windows 10): Executed 186 of 1649[32m SUCCESS[39m (0 secs / 1.013 secs)
[1A[2KChrome Headless 144.0.0.0 (Windows 10): Executed 187 of 1649[32m SUCCESS[39m (0 secs / 1.018 secs)
[1A[2KChrome Headless 144.0.0.0 (Windows 10): Executed 188 of 1649[32m SUCCESS[39m (0 secs / 1.023 secs)
[1A[2KChrome Headless 144.0.0.0 (Windows 10): Executed 189 of 1649[32m SUCCESS[39m (0 secs / 1.027 secs)
[1A[2KChrome Headless 144.0.0.0 (Windows 10): Executed 190 of 1649[32m SUCCESS[39m (0 secs / 1.03 secs)
[1A[2KChrome Headless 144.0.0.0 (Windows 10): Executed 191 of 1649[32m SUCCESS[39m (0 secs / 1.036 secs)
[1A[2KChrome Headless 144.0.0.0 (Windows 10): Executed 192 of 1649[32m SUCCESS[39m (0 secs / 1.04 secs)
[1A[2KChrome Headless 144.0.0.0 (Windows 10): Executed 193 of 1649[32m SUCCESS[39m (0 secs / 1.046 secs)
[1A[2KChrome Headless 144.0.0.0 (Windows 10): Executed 194 of 1649[32m SUCCESS[39m (0 secs / 1.049 secs)
[1A[2KChrome Headless 144.0.0.0 (Windows 10): Executed 195 of 1649[32m SUCCESS[39m (0 secs / 1.052 secs)
[1A[2KChrome Headless 144.0.0.0 (Windows 10): Executed 196 of 1649[32m SUCCESS[39m (0 secs / 1.058 secs)
[1A[2KChrome Headless 144.0.0.0 (Windows 10): Executed 197 of 1649[32m SUCCESS[39m (0 secs / 1.063 secs)
[1A[2KChrome Headless 144.0.0.0 (Windows 10): Executed 198 of 1649[32m SUCCESS[39m (0 secs / 1.066 secs)
[1A[2KChrome Headless 144.0.0.0 (Windows 10): Executed 199 of 1649[32m SUCCESS[39m (0 secs / 1.072 secs)
[1A[2KChrome Headless 144.0.0.0 (Windows 10): Executed 200 of 1649[32m SUCCESS[39m (0 secs / 1.075 secs)
[1A[2KChrome Headless 144.0.0.0 (Windows 10): Executed 201 of 1649[32m SUCCESS[39m (0 secs / 1.078 secs)
[1A[2KChrome Headless 144.0.0.0 (Windows 10): Executed 202 of 1649[32m SUCCESS[39m (0 secs / 1.081 secs)
[1A[2KChrome Headless 144.0.0.0 (Windows 10): Executed 203 of 1649[32m SUCCESS[39m (0 secs / 1.084 secs)
[1A[2KChrome Headless 144.0.0.0 (Windows 10): Executed 204 of 1649[32m SUCCESS[39m (0 secs / 1.087 secs)
[1A[2KChrome Headless 144.0.0.0 (Windows 10): Executed 205 of 1649[32m SUCCESS[39m (0 secs / 1.093 secs)
[1A[2KChrome Headless 144.0.0.0 (Windows 10): Executed 206 of 1649[32m SUCCESS[39m (0 secs / 1.096 secs)
[1A[2KChrome Headless 144.0.0.0 (Windows 10): Executed 207 of 1649[32m SUCCESS[39m (0 secs / 1.099 secs)
[1A[2KChrome Headless 144.0.0.0 (Windows 10): Executed 208 of 1649[32m SUCCESS[39m (0 secs / 1.106 secs)
[1A[2KChrome Headless 144.0.0.0 (Windows 10): Executed 209 of 1649[32m SUCCESS[39m (0 secs / 1.112 secs)
[1A[2KChrome Headless 144.0.0.0 (Windows 10): Executed 210 of 1649[32m SUCCESS[39m (0 secs / 1.118 secs)
[1A[2KChrome Headless 144.0.0.0 (Windows 10): Executed 211 of 1649[32m SUCCESS[39m (0 secs / 1.12 secs)
[1A[2KChrome Headless 144.0.0.0 (Windows 10): Executed 212 of 1649[32m SUCCESS[39m (0 secs / 1.121 secs)
[1A[2KChrome Headless 144.0.0.0 (Windows 10): Executed 213 of 1649[32m SUCCESS[39m (0 secs / 1.122 secs)
[1A[2KChrome Headless 144.0.0.0 (Windows 10): Executed 214 of 1649[32m SUCCESS[39m (0 secs / 1.122 secs)
[1A[2KChrome Headless 144.0.0.0 (Windows 10): Executed 215 of 1649[32m SUCCESS[39m (0 secs / 1.123 secs)
[1A[2KChrome Headless 144.0.0.0 (Windows 10): Executed 216 of 1649[32m SUCCESS[39m (0 secs / 1.123 secs)
[1A[2KChrome Headless 144.0.0.0 (Windows 10): Executed 217 of 1649[32m SUCCESS[39m (0 secs / 1.124 secs)
[1A[2KChrome Headless 144.0.0.0 (Windows 10): Executed 218 of 1649[32m SUCCESS[39m (0 secs / 1.125 secs)
[1A[2KChrome Headless 144.0.0.0 (Windows 10): Executed 219 of 1649[32m SUCCESS[39m (0 secs / 1.126 secs)
[1A[2KChrome Headless 144.0.0.0 (Windows 10): Executed 220 of 1649[32m SUCCESS[39m (0 secs / 1.127 secs)
[1A[2KChrome Headless 144.0.0.0 (Windows 10): Executed 221 of 1649[32m SUCCESS[39m (0 secs / 1.154 secs)
[1A[2KChrome Headless 144.0.0.0 (Windows 10): Executed 222 of 1649[32m SUCCESS[39m (0 secs / 1.165 secs)
[1A[2KChrome Headless 144.0.0.0 (Windows 10): Executed 223 of 1649[32m SUCCESS[39m (0 secs / 1.176 secs)
[1A[2KChrome Headless 144.0.0.0 (Windows 10): Executed 224 of 1649[32m SUCCESS[39m (0 secs / 1.186 secs)
[1A[2KChrome Headless 144.0.0.0 (Windows 10): Executed 225 of 1649[32m SUCCESS[39m (0 secs / 1.2 secs)
[1A[2KChrome Headless 144.0.0.0 (Windows 10): Executed 226 of 1649[32m SUCCESS[39m (0 secs / 1.211 secs)
[1A[2KChrome Headless 144.0.0.0 (Windows 10): Executed 227 of 1649[32m SUCCESS[39m (0 secs / 1.222 secs)
[1A[2KChrome Headless 144.0.0.0 (Windows 10): Executed 228 of 1649[32m SUCCESS[39m (0 secs / 1.233 secs)
[1A[2KChrome Headless 144.0.0.0 (Windows 10): Executed 229 of 1649[32m SUCCESS[39m (0 secs / 1.243 secs)
[1A[2KChrome Headless 144.0.0.0 (Windows 10): Executed 230 of 1649[32m SUCCESS[39m (0 secs / 1.253 secs)
[1A[2KChrome Headless 144.0.0.0 (Windows 10): Executed 231 of 1649[32m SUCCESS[39m (0 secs / 1.264 secs)
[1A[2KChrome Headless 144.0.0.0 (Windows 10): Executed 232 of 1649[32m SUCCESS[39m (0 secs / 1.275 secs)
[1A[2KChrome Headless 144.0.0.0 (Windows 10): Executed 233 of 1649[32m SUCCESS[39m (0 secs / 1.287 secs)
[1A[2KERROR: [36m'Game creation error:', Error: Creation failed
Error: Creation failed
    at http://localhost:9876/base/src/app/features/game/create-game/game-creation-wizard.component.spec.ts:232:61
    at _Observable.init [as _subscribe] (http://localhost:9876/base/node_modules/rxjs/dist/esm/internal/observable/throwError.js:5:51)
    at _Observable._trySubscribe (http://localhost:9876/base/node_modules/rxjs/dist/esm/internal/Observable.js:37:25)
    at http://localhost:9876/base/node_modules/rxjs/dist/esm/internal/Observable.js:31:30
    at errorContext (http://localhost:9876/base/node_modules/rxjs/dist/esm/internal/util/errorContext.js:19:9)
    at _Observable.subscribe (http://localhost:9876/base/node_modules/rxjs/dist/esm/internal/Observable.js:22:9)
    at GameCreationWizardComponent2.onSubmit (http://localhost:9876/base/src/app/features/game/create-game/game-creation-wizard.component.ts:316:43)
    at UserContext.<anonymous> (http://localhost:9876/base/src/app/features/game/create-game/game-creation-wizard.component.spec.ts:234:15)
    at UserContext.fakeAsyncFn (http://localhost:9876/base/node_modules/zone.js/fesm2015/zone-testing.js:1715:26)
    at _ZoneDelegate.invoke (http://localhost:9876/base/node_modules/zone.js/fesm2015/zone.js:398:28)[39m
Chrome Headless 144.0.0.0 (Windows 10): Executed 233 of 1649[32m SUCCESS[39m (0 secs / 1.287 secs)
ERROR: 'Game creation error:', Error: Creation failed
Error: Creation failed
    at http://localhost:9876/base/src/app/features/game/create-game/game-creation-wizard.component.spec.ts:232:61
    at _Observable.init [as _subscribe] (http://localhost:9876/base/node_modules/rxjs/dist/esm/internal/observable/throwError.js:5:51)
    at _Observable._trySubscribe (http://localhost:9876/base/node_modules/rxjs/dist/esm/internal/Observable.js:37:25)
    at http://localhost:9876/base/node_modules/rxjs/dist/esm/internal/Observable.js:31:30
    at errorContext (http://localhost:9876/base/node_modules/rxjs/dist/esm/internal/util/errorContext.js:19:9)
    at _Observable.subscribe (http://localhost:9876/base/node_modules/rxjs/dist/esm/internal/Observable.js:22:9)
    at GameCreationWizardComponent2.onSubmit (http://localhost:9876/base/src/app/features/game/create-game/game-creation-wizard.component.ts:316:43)
    at UserContext.<anonymous> (http://localhost:9876/base/src/app/features/game/create-game/game-creation-wizard.component.spec.ts:234:15)
    at UserContext.fakeAsyncFn (http://localhost:9876/base/node_modules/zone.js/fesm2015/zone-testing.js:1715:26)
    at _ZoneDelegate.invoke (http://localhost:9876/base/node_modules/zone.js/fesm2015/zone.js:398:28)
[1A[2KChrome Headless 144.0.0.0 (Windows 10): Executed 234 of 1649[32m SUCCESS[39m (0 secs / 1.385 secs)
[1A[2KChrome Headless 144.0.0.0 (Windows 10): Executed 235 of 1649[32m SUCCESS[39m (0 secs / 1.391 secs)
[1A[2KChrome Headless 144.0.0.0 (Windows 10): Executed 236 of 1649[32m SUCCESS[39m (0 secs / 1.401 secs)
[1A[2KChrome Headless 144.0.0.0 (Windows 10): Executed 237 of 1649[32m SUCCESS[39m (0 secs / 1.411 secs)
[1A[2KChrome Headless 144.0.0.0 (Windows 10): Executed 238 of 1649[32m SUCCESS[39m (0 secs / 1.416 secs)
[1A[2KChrome Headless 144.0.0.0 (Windows 10): Executed 239 of 1649[32m SUCCESS[39m (0 secs / 1.426 secs)
[1A[2KChrome Headless 144.0.0.0 (Windows 10): Executed 240 of 1649[32m SUCCESS[39m (0 secs / 1.436 secs)
[1A[2KChrome Headless 144.0.0.0 (Windows 10): Executed 241 of 1649[32m SUCCESS[39m (0 secs / 1.446 secs)
[1A[2KChrome Headless 144.0.0.0 (Windows 10): Executed 242 of 1649[32m SUCCESS[39m (0 secs / 1.456 secs)
[1A[2KChrome Headless 144.0.0.0 (Windows 10): Executed 243 of 1649[32m SUCCESS[39m (0 secs / 1.458 secs)
[1A[2KChrome Headless 144.0.0.0 (Windows 10): Executed 244 of 1649[32m SUCCESS[39m (0 secs / 1.459 secs)
[1A[2KChrome Headless 144.0.0.0 (Windows 10): Executed 245 of 1649[32m SUCCESS[39m (0 secs / 1.46 secs)
[1A[2KChrome Headless 144.0.0.0 (Windows 10): Executed 246 of 1649[32m SUCCESS[39m (0 secs / 1.46 secs)
[1A[2KChrome Headless 144.0.0.0 (Windows 10): Executed 247 of 1649[32m SUCCESS[39m (0 secs / 1.461 secs)
[1A[2KChrome Headless 144.0.0.0 (Windows 10): Executed 248 of 1649[32m SUCCESS[39m (0 secs / 1.461 secs)
[1A[2KChrome Headless 144.0.0.0 (Windows 10): Executed 249 of 1649[32m SUCCESS[39m (0 secs / 1.462 secs)
[1A[2KChrome Headless 144.0.0.0 (Windows 10): Executed 250 of 1649[32m SUCCESS[39m (0 secs / 1.462 secs)
[1A[2KChrome Headless 144.0.0.0 (Windows 10): Executed 251 of 1649[32m SUCCESS[39m (0 secs / 1.462 secs)
[1A[2KChrome Headless 144.0.0.0 (Windows 10): Executed 252 of 1649[32m SUCCESS[39m (0 secs / 1.462 secs)
[1A[2KChrome Headless 144.0.0.0 (Windows 10): Executed 253 of 1649[32m SUCCESS[39m (0 secs / 1.462 secs)
[1A[2KChrome Headless 144.0.0.0 (Windows 10): Executed 254 of 1649[32m SUCCESS[39m (0 secs / 1.463 secs)
[1A[2KChrome Headless 144.0.0.0 (Windows 10): Executed 255 of 1649[32m SUCCESS[39m (0 secs / 1.463 secs)
[1A[2KChrome Headless 144.0.0.0 (Windows 10): Executed 256 of 1649[32m SUCCESS[39m (0 secs / 1.463 secs)
[1A[2KChrome Headless 144.0.0.0 (Windows 10): Executed 257 of 1649[32m SUCCESS[39m (0 secs / 1.463 secs)
[1A[2KChrome Headless 144.0.0.0 (Windows 10): Executed 258 of 1649[32m SUCCESS[39m (0 secs / 1.464 secs)
[1A[2KChrome Headless 144.0.0.0 (Windows 10): Executed 259 of 1649[32m SUCCESS[39m (0 secs / 1.464 secs)
[1A[2KChrome Headless 144.0.0.0 (Windows 10): Executed 260 of 1649[32m SUCCESS[39m (0 secs / 1.464 secs)
[1A[2KChrome Headless 144.0.0.0 (Windows 10): Executed 261 of 1649[32m SUCCESS[39m (0 secs / 1.464 secs)
[1A[2KChrome Headless 144.0.0.0 (Windows 10): Executed 262 of 1649[32m SUCCESS[39m (0 secs / 1.464 secs)
[1A[2KChrome Headless 144.0.0.0 (Windows 10): Executed 263 of 1649[32m SUCCESS[39m (0 secs / 1.464 secs)
[1A[2KChrome Headless 144.0.0.0 (Windows 10): Executed 264 of 1649[32m SUCCESS[39m (0 secs / 1.464 secs)
[1A[2KChrome Headless 144.0.0.0 (Windows 10): Executed 265 of 1649[32m SUCCESS[39m (0 secs / 1.464 secs)
[1A[2KChrome Headless 144.0.0.0 (Windows 10): Executed 266 of 1649[32m SUCCESS[39m (0 secs / 1.464 secs)
[1A[2KChrome Headless 144.0.0.0 (Windows 10): Executed 267 of 1649[32m SUCCESS[39m (0 secs / 1.464 secs)
[1A[2KChrome Headless 144.0.0.0 (Windows 10): Executed 268 of 1649[32m SUCCESS[39m (0 secs / 1.464 secs)
[1A[2KChrome Headless 144.0.0.0 (Windows 10): Executed 269 of 1649[32m SUCCESS[39m (0 secs / 1.464 secs)
[1A[2KChrome Headless 144.0.0.0 (Windows 10): Executed 270 of 1649[32m SUCCESS[39m (0 secs / 1.464 secs)
[1A[2KChrome Headless 144.0.0.0 (Windows 10): Executed 271 of 1649[32m SUCCESS[39m (0 secs / 1.464 secs)
[1A[2KChrome Headless 144.0.0.0 (Windows 10): Executed 272 of 1649[32m SUCCESS[39m (0 secs / 1.464 secs)
[1A[2KChrome Headless 144.0.0.0 (Windows 10): Executed 273 of 1649[32m SUCCESS[39m (0 secs / 1.464 secs)
[1A[2KChrome Headless 144.0.0.0 (Windows 10): Executed 274 of 1649[32m SUCCESS[39m (0 secs / 1.464 secs)
[1A[2KChrome Headless 144.0.0.0 (Windows 10): Executed 275 of 1649[32m SUCCESS[39m (0 secs / 1.464 secs)
[1A[2KChrome Headless 144.0.0.0 (Windows 10): Executed 276 of 1649[32m SUCCESS[39m (0 secs / 1.465 secs)
[1A[2KChrome Headless 144.0.0.0 (Windows 10): Executed 277 of 1649[32m SUCCESS[39m (0 secs / 1.465 secs)
[1A[2KChrome Headless 144.0.0.0 (Windows 10): Executed 278 of 1649[32m SUCCESS[39m (0 secs / 1.465 secs)
[1A[2KChrome Headless 144.0.0.0 (Windows 10): Executed 279 of 1649[32m SUCCESS[39m (0 secs / 1.465 secs)
[1A[2KChrome Headless 144.0.0.0 (Windows 10): Executed 280 of 1649[32m SUCCESS[39m (0 secs / 1.465 secs)
[1A[2KChrome Headless 144.0.0.0 (Windows 10): Executed 281 of 1649[32m SUCCESS[39m (0 secs / 1.465 secs)
[1A[2KChrome Headless 144.0.0.0 (Windows 10): Executed 282 of 1649[32m SUCCESS[39m (0 secs / 1.465 secs)
[1A[2KChrome Headless 144.0.0.0 (Windows 10): Executed 283 of 1649[32m SUCCESS[39m (0 secs / 1.466 secs)
[1A[2KChrome Headless 144.0.0.0 (Windows 10): Executed 284 of 1649[32m SUCCESS[39m (0 secs / 1.481 secs)
[1A[2KChrome Headless 144.0.0.0 (Windows 10): Executed 285 of 1649[32m SUCCESS[39m (0 secs / 1.483 secs)
[1A[2KChrome Headless 144.0.0.0 (Windows 10): Executed 286 of 1649[32m SUCCESS[39m (0 secs / 1.486 secs)
[1A[2KChrome Headless 144.0.0.0 (Windows 10): Executed 287 of 1649[32m SUCCESS[39m (0 secs / 1.489 secs)
[1A[2KChrome Headless 144.0.0.0 (Windows 10): Executed 288 of 1649[32m SUCCESS[39m (0 secs / 1.492 secs)
[1A[2KChrome Headless 144.0.0.0 (Windows 10): Executed 289 of 1649[32m SUCCESS[39m (0 secs / 1.494 secs)
[1A[2KChrome Headless 144.0.0.0 (Windows 10): Executed 290 of 1649[32m SUCCESS[39m (0 secs / 1.496 secs)
[1A[2KChrome Headless 144.0.0.0 (Windows 10): Executed 291 of 1649[32m SUCCESS[39m (0 secs / 1.498 secs)
[1A[2KChrome Headless 144.0.0.0 (Windows 10): Executed 292 of 1649[32m SUCCESS[39m (0 secs / 1.501 secs)
[1A[2KChrome Headless 144.0.0.0 (Windows 10): Executed 293 of 1649[32m SUCCESS[39m (0 secs / 1.504 secs)
[1A[2KChrome Headless 144.0.0.0 (Windows 10): Executed 294 of 1649[32m SUCCESS[39m (0 secs / 1.507 secs)
[1A[2KChrome Headless 144.0.0.0 (Windows 10): Executed 295 of 1649[32m SUCCESS[39m (0 secs / 1.51 secs)
[1A[2KChrome Headless 144.0.0.0 (Windows 10): Executed 296 of 1649[32m SUCCESS[39m (0 secs / 1.513 secs)
[1A[2KChrome Headless 144.0.0.0 (Windows 10): Executed 297 of 1649[32m SUCCESS[39m (0 secs / 1.516 secs)
[1A[2KERROR: [36m'Error creating game:', Error: Network error
Error: Network error
    at UserContext.<anonymous> (http://localhost:9876/base/src/app/features/game/create-game/create-game.component.spec.ts:153:21)
    at _ZoneDelegate.invoke (http://localhost:9876/base/node_modules/zone.js/fesm2015/zone.js:398:28)
    at _ProxyZoneSpec.onInvoke (http://localhost:9876/base/node_modules/zone.js/fesm2015/zone-testing.js:2132:39)
    at _ZoneDelegate.invoke (http://localhost:9876/base/node_modules/zone.js/fesm2015/zone.js:397:34)
    at ZoneImpl.run (http://localhost:9876/base/node_modules/zone.js/fesm2015/zone.js:113:43)
    at runInTestZone (http://localhost:9876/base/node_modules/zone.js/fesm2015/zone-testing.js:216:38)
    at UserContext.<anonymous> (http://localhost:9876/base/node_modules/zone.js/fesm2015/zone-testing.js:234:32)
    at ZoneQueueRunner.attempt (http://localhost:9876/absoluteC:/Users/Thibaut/Desktop/FortniteProject/frontend/node_modules/karma-jasmine/node_modules/jasmine-core/lib/jasmine-core/jasmine.js?86d98e11f43f2c8cfac9fb4806ed6c0aced74cbe:7632:40)
    at ZoneQueueRunner.QueueRunner.run (http://localhost:9876/absoluteC:/Users/Thibaut/Desktop/FortniteProject/frontend/node_modules/karma-jasmine/node_modules/jasmine-core/lib/jasmine-core/jasmine.js?86d98e11f43f2c8cfac9fb4806ed6c0aced74cbe:7670:27)
    at runNext (http://localhost:9876/absoluteC:/Users/Thibaut/Desktop/FortniteProject/frontend/node_modules/karma-jasmine/node_modules/jasmine-core/lib/jasmine-core/jasmine.js?86d98e11f43f2c8cfac9fb4806ed6c0aced74cbe:7574:16)[39m
Chrome Headless 144.0.0.0 (Windows 10): Executed 297 of 1649[32m SUCCESS[39m (0 secs / 1.516 secs)
ERROR: 'Error creating game:', Error: Network error
Error: Network error
    at UserContext.<anonymous> (http://localhost:9876/base/src/app/features/game/create-game/create-game.component.spec.ts:153:21)
    at _ZoneDelegate.invoke (http://localhost:9876/base/node_modules/zone.js/fesm2015/zone.js:398:28)
    at _ProxyZoneSpec.onInvoke (http://localhost:9876/base/node_modules/zone.js/fesm2015/zone-testing.js:2132:39)
    at _ZoneDelegate.invoke (http://localhost:9876/base/node_modules/zone.js/fesm2015/zone.js:397:34)
    at ZoneImpl.run (http://localhost:9876/base/node_modules/zone.js/fesm2015/zone.js:113:43)
    at runInTestZone (http://localhost:9876/base/node_modules/zone.js/fesm2015/zone-testing.js:216:38)
    at UserContext.<anonymous> (http://localhost:9876/base/node_modules/zone.js/fesm2015/zone-testing.js:234:32)
    at ZoneQueueRunner.attempt (http://localhost:9876/absoluteC:/Users/Thibaut/Desktop/FortniteProject/frontend/node_modules/karma-jasmine/node_modules/jasmine-core/lib/jasmine-core/jasmine.js?86d98e11f43f2c8cfac9fb4806ed6c0aced74cbe:7632:40)
    at ZoneQueueRunner.QueueRunner.run (http://localhost:9876/absoluteC:/Users/Thibaut/Desktop/FortniteProject/frontend/node_modules/karma-jasmine/node_modules/jasmine-core/lib/jasmine-core/jasmine.js?86d98e11f43f2c8cfac9fb4806ed6c0aced74cbe:7670:27)
    at runNext (http://localhost:9876/absoluteC:/Users/Thibaut/Desktop/FortniteProject/frontend/node_modules/karma-jasmine/node_modules/jasmine-core/lib/jasmine-core/jasmine.js?86d98e11f43f2c8cfac9fb4806ed6c0aced74cbe:7574:16)
[1A[2KChrome Headless 144.0.0.0 (Windows 10): Executed 298 of 1649[32m SUCCESS[39m (0 secs / 1.52 secs)
[1A[2KChrome Headless 144.0.0.0 (Windows 10): Executed 299 of 1649[32m SUCCESS[39m (0 secs / 1.523 secs)
[1A[2KChrome Headless 144.0.0.0 (Windows 10): Executed 300 of 1649[32m SUCCESS[39m (0 secs / 1.527 secs)
[1A[2KChrome Headless 144.0.0.0 (Windows 10): Executed 301 of 1649[32m SUCCESS[39m (0 secs / 1.53 secs)
[1A[2KChrome Headless 144.0.0.0 (Windows 10): Executed 302 of 1649[32m SUCCESS[39m (0 secs / 1.534 secs)
[1A[2KChrome Headless 144.0.0.0 (Windows 10): Executed 303 of 1649[32m SUCCESS[39m (0 secs / 1.538 secs)
[1A[2KChrome Headless 144.0.0.0 (Windows 10): Executed 304 of 1649[32m SUCCESS[39m (0 secs / 1.541 secs)
[1A[2KChrome Headless 144.0.0.0 (Windows 10): Executed 305 of 1649[32m SUCCESS[39m (0 secs / 1.543 secs)
[1A[2KChrome Headless 144.0.0.0 (Windows 10): Executed 306 of 1649[32m SUCCESS[39m (0 secs / 1.545 secs)
[1A[2KChrome Headless 144.0.0.0 (Windows 10): Executed 307 of 1649[32m SUCCESS[39m (0 secs / 1.548 secs)
[1A[2KChrome Headless 144.0.0.0 (Windows 10): Executed 308 of 1649[32m SUCCESS[39m (0 secs / 1.553 secs)
[1A[2KChrome Headless 144.0.0.0 (Windows 10): Executed 309 of 1649[32m SUCCESS[39m (0 secs / 1.554 secs)
[1A[2KChrome Headless 144.0.0.0 (Windows 10): Executed 310 of 1649[32m SUCCESS[39m (0 secs / 1.555 secs)
[1A[2KChrome Headless 144.0.0.0 (Windows 10): Executed 311 of 1649[32m SUCCESS[39m (0 secs / 1.557 secs)
[1A[2KChrome Headless 144.0.0.0 (Windows 10): Executed 312 of 1649[32m SUCCESS[39m (0 secs / 1.558 secs)
[1A[2KChrome Headless 144.0.0.0 (Windows 10): Executed 313 of 1649[32m SUCCESS[39m (0 secs / 1.56 secs)
[1A[2KChrome Headless 144.0.0.0 (Windows 10): Executed 314 of 1649[32m SUCCESS[39m (0 secs / 1.562 secs)
[1A[2KChrome Headless 144.0.0.0 (Windows 10): Executed 315 of 1649[32m SUCCESS[39m (0 secs / 1.563 secs)
[1A[2KChrome Headless 144.0.0.0 (Windows 10): Executed 316 of 1649[32m SUCCESS[39m (0 secs / 1.565 secs)
[1A[2KChrome Headless 144.0.0.0 (Windows 10): Executed 317 of 1649[32m SUCCESS[39m (0 secs / 1.567 secs)
[1A[2KChrome Headless 144.0.0.0 (Windows 10): Executed 318 of 1649[32m SUCCESS[39m (0 secs / 1.569 secs)
[1A[2KChrome Headless 144.0.0.0 (Windows 10): Executed 319 of 1649[32m SUCCESS[39m (0 secs / 1.57 secs)
[1A[2KChrome Headless 144.0.0.0 (Windows 10): Executed 320 of 1649[32m SUCCESS[39m (0 secs / 1.576 secs)
[1A[2KChrome Headless 144.0.0.0 (Windows 10): Executed 321 of 1649[32m SUCCESS[39m (0 secs / 1.577 secs)
[1A[2KChrome Headless 144.0.0.0 (Windows 10): Executed 322 of 1649[32m SUCCESS[39m (0 secs / 1.578 secs)
[1A[2KChrome Headless 144.0.0.0 (Windows 10): Executed 323 of 1649[32m SUCCESS[39m (0 secs / 1.58 secs)
[1A[2KChrome Headless 144.0.0.0 (Windows 10): Executed 324 of 1649[32m SUCCESS[39m (0 secs / 1.582 secs)
[1A[2KChrome Headless 144.0.0.0 (Windows 10): Executed 325 of 1649[32m SUCCESS[39m (0 secs / 1.583 secs)
[1A[2KChrome Headless 144.0.0.0 (Windows 10): Executed 326 of 1649[32m SUCCESS[39m (0 secs / 1.585 secs)
[1A[2KChrome Headless 144.0.0.0 (Windows 10): Executed 327 of 1649[32m SUCCESS[39m (0 secs / 1.587 secs)
[1A[2KChrome Headless 144.0.0.0 (Windows 10): Executed 328 of 1649[32m SUCCESS[39m (0 secs / 1.588 secs)
[1A[2KChrome Headless 144.0.0.0 (Windows 10): Executed 329 of 1649[32m SUCCESS[39m (0 secs / 1.594 secs)
[1A[2KChrome Headless 144.0.0.0 (Windows 10): Executed 330 of 1649[32m SUCCESS[39m (0 secs / 1.595 secs)
[1A[2KChrome Headless 144.0.0.0 (Windows 10): Executed 331 of 1649[32m SUCCESS[39m (0 secs / 1.598 secs)
[1A[2KChrome Headless 144.0.0.0 (Windows 10): Executed 332 of 1649[32m SUCCESS[39m (0 secs / 1.6 secs)
[1A[2KChrome Headless 144.0.0.0 (Windows 10): Executed 333 of 1649[32m SUCCESS[39m (0 secs / 1.602 secs)
[1A[2KChrome Headless 144.0.0.0 (Windows 10): Executed 334 of 1649[32m SUCCESS[39m (0 secs / 1.604 secs)
[1A[2KChrome Headless 144.0.0.0 (Windows 10): Executed 335 of 1649[32m SUCCESS[39m (0 secs / 1.605 secs)
[1A[2KChrome Headless 144.0.0.0 (Windows 10): Executed 336 of 1649[32m SUCCESS[39m (0 secs / 1.607 secs)
[1A[2KChrome Headless 144.0.0.0 (Windows 10): Executed 337 of 1649[32m SUCCESS[39m (0 secs / 1.608 secs)
[1A[2KChrome Headless 144.0.0.0 (Windows 10): Executed 338 of 1649[32m SUCCESS[39m (0 secs / 1.609 secs)
[1A[2KChrome Headless 144.0.0.0 (Windows 10): Executed 339 of 1649[32m SUCCESS[39m (0 secs / 1.611 secs)
[1A[2KChrome Headless 144.0.0.0 (Windows 10): Executed 340 of 1649[32m SUCCESS[39m (0 secs / 1.613 secs)
[1A[2KChrome Headless 144.0.0.0 (Windows 10): Executed 341 of 1649[32m SUCCESS[39m (0 secs / 1.615 secs)
[1A[2KChrome Headless 144.0.0.0 (Windows 10): Executed 342 of 1649[32m SUCCESS[39m (0 secs / 1.617 secs)
[1A[2KChrome Headless 144.0.0.0 (Windows 10): Executed 343 of 1649[32m SUCCESS[39m (0 secs / 1.618 secs)
[1A[2KChrome Headless 144.0.0.0 (Windows 10): Executed 344 of 1649[32m SUCCESS[39m (0 secs / 1.621 secs)
[1A[2KChrome Headless 144.0.0.0 (Windows 10): Executed 345 of 1649[32m SUCCESS[39m (0 secs / 1.623 secs)
[1A[2KChrome Headless 144.0.0.0 (Windows 10): Executed 346 of 1649[32m SUCCESS[39m (0 secs / 1.625 secs)
[1A[2KChrome Headless 144.0.0.0 (Windows 10): Executed 347 of 1649[32m SUCCESS[39m (0 secs / 1.627 secs)
[1A[2KChrome Headless 144.0.0.0 (Windows 10): Executed 348 of 1649[32m SUCCESS[39m (0 secs / 1.628 secs)
[1A[2KChrome Headless 144.0.0.0 (Windows 10): Executed 349 of 1649[32m SUCCESS[39m (0 secs / 1.628 secs)
[1A[2KChrome Headless 144.0.0.0 (Windows 10): Executed 350 of 1649[32m SUCCESS[39m (0 secs / 1.628 secs)
[1A[2KChrome Headless 144.0.0.0 (Windows 10): Executed 351 of 1649[32m SUCCESS[39m (0 secs / 1.628 secs)
[1A[2KChrome Headless 144.0.0.0 (Windows 10): Executed 352 of 1649[32m SUCCESS[39m (0 secs / 1.628 secs)
[1A[2KChrome Headless 144.0.0.0 (Windows 10): Executed 353 of 1649[32m SUCCESS[39m (0 secs / 1.628 secs)
[1A[2KChrome Headless 144.0.0.0 (Windows 10): Executed 354 of 1649[32m SUCCESS[39m (0 secs / 1.631 secs)
[1A[2KChrome Headless 144.0.0.0 (Windows 10): Executed 355 of 1649[32m SUCCESS[39m (0 secs / 1.633 secs)
[1A[2KChrome Headless 144.0.0.0 (Windows 10): Executed 356 of 1649[32m SUCCESS[39m (0 secs / 1.664 secs)
[1A[2KChrome Headless 144.0.0.0 (Windows 10): Executed 357 of 1649[32m SUCCESS[39m (0 secs / 1.671 secs)
[1A[2KChrome Headless 144.0.0.0 (Windows 10): Executed 358 of 1649[32m SUCCESS[39m (0 secs / 1.675 secs)
[1A[2KChrome Headless 144.0.0.0 (Windows 10): Executed 359 of 1649[32m SUCCESS[39m (0 secs / 1.677 secs)
[1A[2KChrome Headless 144.0.0.0 (Windows 10): Executed 360 of 1649[32m SUCCESS[39m (0 secs / 1.685 secs)
[1A[2KChrome Headless 144.0.0.0 (Windows 10): Executed 361 of 1649[32m SUCCESS[39m (0 secs / 1.69 secs)
[1A[2KChrome Headless 144.0.0.0 (Windows 10): Executed 362 of 1649[32m SUCCESS[39m (0 secs / 1.696 secs)
[1A[2KChrome Headless 144.0.0.0 (Windows 10): Executed 363 of 1649[32m SUCCESS[39m (0 secs / 1.701 secs)
[1A[2KChrome Headless 144.0.0.0 (Windows 10): Executed 364 of 1649[32m SUCCESS[39m (0 secs / 1.711 secs)
[1A[2KChrome Headless 144.0.0.0 (Windows 10): Executed 365 of 1649[32m SUCCESS[39m (0 secs / 1.717 secs)
[1A[2KChrome Headless 144.0.0.0 (Windows 10): Executed 366 of 1649[32m SUCCESS[39m (0 secs / 1.723 secs)
[1A[2KChrome Headless 144.0.0.0 (Windows 10): Executed 367 of 1649[32m SUCCESS[39m (0 secs / 1.728 secs)
[1A[2KChrome Headless 144.0.0.0 (Windows 10): Executed 368 of 1649[32m SUCCESS[39m (0 secs / 1.733 secs)
[1A[2KChrome Headless 144.0.0.0 (Windows 10): Executed 369 of 1649[32m SUCCESS[39m (0 secs / 1.738 secs)
[1A[2KChrome Headless 144.0.0.0 (Windows 10): Executed 370 of 1649[32m SUCCESS[39m (0 secs / 1.745 secs)
[1A[2KChrome Headless 144.0.0.0 (Windows 10): Executed 371 of 1649[32m SUCCESS[39m (0 secs / 1.75 secs)
[1A[2KChrome Headless 144.0.0.0 (Windows 10): Executed 372 of 1649[32m SUCCESS[39m (0 secs / 1.754 secs)
[1A[2KChrome Headless 144.0.0.0 (Windows 10): Executed 373 of 1649[32m SUCCESS[39m (0 secs / 1.759 secs)
[1A[2KChrome Headless 144.0.0.0 (Windows 10): Executed 374 of 1649[32m SUCCESS[39m (0 secs / 1.764 secs)
[1A[2KChrome Headless 144.0.0.0 (Windows 10): Executed 375 of 1649[32m SUCCESS[39m (0 secs / 1.769 secs)
[1A[2KChrome Headless 144.0.0.0 (Windows 10): Executed 376 of 1649[32m SUCCESS[39m (0 secs / 1.774 secs)
[1A[2KChrome Headless 144.0.0.0 (Windows 10): Executed 377 of 1649[32m SUCCESS[39m (0 secs / 1.779 secs)
[1A[2KChrome Headless 144.0.0.0 (Windows 10): Executed 378 of 1649[32m SUCCESS[39m (0 secs / 1.783 secs)
[1A[2KChrome Headless 144.0.0.0 (Windows 10): Executed 379 of 1649[32m SUCCESS[39m (0 secs / 1.79 secs)
[1A[2KChrome Headless 144.0.0.0 (Windows 10): Executed 380 of 1649[32m SUCCESS[39m (0 secs / 1.795 secs)
[1A[2KChrome Headless 144.0.0.0 (Windows 10): Executed 381 of 1649[32m SUCCESS[39m (0 secs / 1.8 secs)
[1A[2KChrome Headless 144.0.0.0 (Windows 10): Executed 382 of 1649[32m SUCCESS[39m (0 secs / 1.805 secs)
[1A[2KChrome Headless 144.0.0.0 (Windows 10): Executed 383 of 1649[32m SUCCESS[39m (0 secs / 1.806 secs)
[1A[2KChrome Headless 144.0.0.0 (Windows 10): Executed 384 of 1649[32m SUCCESS[39m (0 secs / 1.807 secs)
[1A[2KChrome Headless 144.0.0.0 (Windows 10): Executed 385 of 1649[32m SUCCESS[39m (0 secs / 1.807 secs)
[1A[2KChrome Headless 144.0.0.0 (Windows 10): Executed 386 of 1649[32m SUCCESS[39m (0 secs / 1.808 secs)
[1A[2KChrome Headless 144.0.0.0 (Windows 10): Executed 387 of 1649[32m SUCCESS[39m (0 secs / 1.809 secs)
[1A[2KChrome Headless 144.0.0.0 (Windows 10): Executed 388 of 1649[32m SUCCESS[39m (0 secs / 1.809 secs)
[1A[2KChrome Headless 144.0.0.0 (Windows 10): Executed 389 of 1649[32m SUCCESS[39m (0 secs / 1.81 secs)
[1A[2KChrome Headless 144.0.0.0 (Windows 10): Executed 390 of 1649[32m SUCCESS[39m (0 secs / 1.81 secs)
[1A[2KChrome Headless 144.0.0.0 (Windows 10): Executed 391 of 1649[32m SUCCESS[39m (0 secs / 1.811 secs)
[1A[2KChrome Headless 144.0.0.0 (Windows 10): Executed 392 of 1649[32m SUCCESS[39m (0 secs / 1.811 secs)
[1A[2KChrome Headless 144.0.0.0 (Windows 10): Executed 393 of 1649[32m SUCCESS[39m (0 secs / 1.838 secs)
[33m08 02 2026 18:02:16.033:WARN [web-server]: [39m404: /assets/default-player.png
[1A[2KChrome Headless 144.0.0.0 (Windows 10): Executed 394 of 1649[32m SUCCESS[39m (0 secs / 1.844 secs)
[1A[2KChrome Headless 144.0.0.0 (Windows 10): Executed 395 of 1649[32m SUCCESS[39m (0 secs / 1.85 secs)
[33m08 02 2026 18:02:16.047:WARN [web-server]: [39m404: /assets/default-player.png
[1A[2KChrome Headless 144.0.0.0 (Windows 10): Executed 396 of 1649[32m SUCCESS[39m (0 secs / 1.856 secs)
[1A[2KChrome Headless 144.0.0.0 (Windows 10): Executed 397 of 1649[32m SUCCESS[39m (0 secs / 1.864 secs)
[33m08 02 2026 18:02:16.063:WARN [web-server]: [39m404: /assets/default-player.png
[1A[2KChrome Headless 144.0.0.0 (Windows 10): Executed 398 of 1649[32m SUCCESS[39m (0 secs / 1.872 secs)
[1A[2KChrome Headless 144.0.0.0 (Windows 10): Executed 399 of 1649[32m SUCCESS[39m (0 secs / 1.878 secs)
[33m08 02 2026 18:02:16.079:WARN [web-server]: [39m404: /assets/default-player.png
[1A[2KChrome Headless 144.0.0.0 (Windows 10): Executed 400 of 1649[32m SUCCESS[39m (0 secs / 1.884 secs)
[1A[2KChrome Headless 144.0.0.0 (Windows 10): Executed 401 of 1649[32m SUCCESS[39m (0 secs / 1.89 secs)
[33m08 02 2026 18:02:16.094:WARN [web-server]: [39m404: /assets/default-player.png
[1A[2KChrome Headless 144.0.0.0 (Windows 10): Executed 402 of 1649[32m SUCCESS[39m (0 secs / 1.896 secs)
[1A[2KChrome Headless 144.0.0.0 (Windows 10): Executed 403 of 1649[32m SUCCESS[39m (0 secs / 1.902 secs)
[33m08 02 2026 18:02:16.108:WARN [web-server]: [39m404: /assets/default-player.png
[1A[2KChrome Headless 144.0.0.0 (Windows 10): Executed 404 of 1649[32m SUCCESS[39m (0 secs / 1.908 secs)
[1A[2KChrome Headless 144.0.0.0 (Windows 10): Executed 405 of 1649[32m SUCCESS[39m (0 secs / 1.914 secs)
[33m08 02 2026 18:02:16.121:WARN [web-server]: [39m404: /assets/default-player.png
[1A[2KChrome Headless 144.0.0.0 (Windows 10): Executed 406 of 1649[32m SUCCESS[39m (0 secs / 1.92 secs)
[33m08 02 2026 18:02:16.129:WARN [web-server]: [39m404: /assets/default-player.png
[1A[2KChrome Headless 144.0.0.0 (Windows 10): Executed 407 of 1649[32m SUCCESS[39m (0 secs / 1.926 secs)
[1A[2KChrome Headless 144.0.0.0 (Windows 10): Executed 408 of 1649[32m SUCCESS[39m (0 secs / 1.931 secs)
[33m08 02 2026 18:02:16.143:WARN [web-server]: [39m404: /assets/default-player.png
[1A[2KChrome Headless 144.0.0.0 (Windows 10): Executed 409 of 1649[32m SUCCESS[39m (0 secs / 1.937 secs)
[1A[2KChrome Headless 144.0.0.0 (Windows 10): Executed 410 of 1649[32m SUCCESS[39m (0 secs / 1.943 secs)
[33m08 02 2026 18:02:16.158:WARN [web-server]: [39m404: /assets/default-player.png
[1A[2KChrome Headless 144.0.0.0 (Windows 10): Executed 411 of 1649[32m SUCCESS[39m (0 secs / 1.95 secs)
[1A[2KChrome Headless 144.0.0.0 (Windows 10): Executed 412 of 1649[32m SUCCESS[39m (0 secs / 1.956 secs)
[33m08 02 2026 18:02:16.172:WARN [web-server]: [39m404: /assets/default-player.png
[1A[2KChrome Headless 144.0.0.0 (Windows 10): Executed 413 of 1649[32m SUCCESS[39m (0 secs / 1.962 secs)
[1A[2KChrome Headless 144.0.0.0 (Windows 10): Executed 414 of 1649[32m SUCCESS[39m (0 secs / 1.968 secs)
[33m08 02 2026 18:02:16.185:WARN [web-server]: [39m404: /assets/default-player.png
[1A[2KChrome Headless 144.0.0.0 (Windows 10): Executed 415 of 1649[32m SUCCESS[39m (0 secs / 1.974 secs)
[33m08 02 2026 18:02:16.193:WARN [web-server]: [39m404: /assets/default-player.png
[1A[2KChrome Headless 144.0.0.0 (Windows 10): Executed 416 of 1649[32m SUCCESS[39m (0 secs / 1.981 secs)
[1A[2KChrome Headless 144.0.0.0 (Windows 10): Executed 417 of 1649[32m SUCCESS[39m (0 secs / 1.986 secs)
[33m08 02 2026 18:02:16.208:WARN [web-server]: [39m404: /assets/default-player.png
[1A[2KChrome Headless 144.0.0.0 (Windows 10): Executed 418 of 1649[32m SUCCESS[39m (0 secs / 1.995 secs)
[1A[2KChrome Headless 144.0.0.0 (Windows 10): Executed 419 of 1649[32m SUCCESS[39m (0 secs / 2.001 secs)
[33m08 02 2026 18:02:16.226:WARN [web-server]: [39m404: /assets/default-player.png
[1A[2KChrome Headless 144.0.0.0 (Windows 10): Executed 420 of 1649[32m SUCCESS[39m (0 secs / 2.008 secs)
[1A[2KChrome Headless 144.0.0.0 (Windows 10): Executed 421 of 1649[32m SUCCESS[39m (0 secs / 2.014 secs)
[33m08 02 2026 18:02:16.238:WARN [web-server]: [39m404: /assets/default-player.png
[1A[2KChrome Headless 144.0.0.0 (Windows 10): Executed 422 of 1649[32m SUCCESS[39m (0 secs / 2.02 secs)
[33m08 02 2026 18:02:16.246:WARN [web-server]: [39m404: /assets/default-player.png
[1A[2KChrome Headless 144.0.0.0 (Windows 10): Executed 423 of 1649[32m SUCCESS[39m (0 secs / 2.026 secs)
[1A[2KChrome Headless 144.0.0.0 (Windows 10): Executed 424 of 1649[32m SUCCESS[39m (0 secs / 2.032 secs)
[33m08 02 2026 18:02:16.260:WARN [web-server]: [39m404: /assets/default-player.png
[1A[2KChrome Headless 144.0.0.0 (Windows 10): Executed 425 of 1649[32m SUCCESS[39m (0 secs / 2.038 secs)
[1A[2KChrome Headless 144.0.0.0 (Windows 10): Executed 426 of 1649[32m SUCCESS[39m (0 secs / 2.044 secs)
[33m08 02 2026 18:02:16.274:WARN [web-server]: [39m404: /assets/default-player.png
[1A[2KChrome Headless 144.0.0.0 (Windows 10): Executed 427 of 1649[32m SUCCESS[39m (0 secs / 2.052 secs)
[1A[2KChrome Headless 144.0.0.0 (Windows 10): Executed 428 of 1649[32m SUCCESS[39m (0 secs / 2.058 secs)
[33m08 02 2026 18:02:16.288:WARN [web-server]: [39m404: /assets/default-player.png
[1A[2KChrome Headless 144.0.0.0 (Windows 10): Executed 429 of 1649[32m SUCCESS[39m (0 secs / 2.065 secs)
[1A[2KChrome Headless 144.0.0.0 (Windows 10): Executed 430 of 1649[32m SUCCESS[39m (0 secs / 2.071 secs)
[33m08 02 2026 18:02:16.303:WARN [web-server]: [39m404: /assets/default-player.png
[1A[2KChrome Headless 144.0.0.0 (Windows 10): Executed 431 of 1649[32m SUCCESS[39m (0 secs / 2.077 secs)
[33m08 02 2026 18:02:16.311:WARN [web-server]: [39m404: /assets/default-player.png
[1A[2KChrome Headless 144.0.0.0 (Windows 10): Executed 432 of 1649[32m SUCCESS[39m (0 secs / 2.078 secs)
[1A[2KChrome Headless 144.0.0.0 (Windows 10): Executed 433 of 1649[32m SUCCESS[39m (0 secs / 2.079 secs)
[1A[2KChrome Headless 144.0.0.0 (Windows 10): Executed 434 of 1649[32m SUCCESS[39m (0 secs / 2.08 secs)
[1A[2KChrome Headless 144.0.0.0 (Windows 10): Executed 435 of 1649[32m SUCCESS[39m (0 secs / 2.08 secs)
[1A[2KChrome Headless 144.0.0.0 (Windows 10): Executed 436 of 1649[32m SUCCESS[39m (0 secs / 2.081 secs)
[1A[2KChrome Headless 144.0.0.0 (Windows 10): Executed 437 of 1649[32m SUCCESS[39m (0 secs / 2.081 secs)
[1A[2KChrome Headless 144.0.0.0 (Windows 10): Executed 438 of 1649[32m SUCCESS[39m (0 secs / 2.082 secs)
[1A[2KChrome Headless 144.0.0.0 (Windows 10): Executed 439 of 1649[32m SUCCESS[39m (0 secs / 2.083 secs)
[1A[2KChrome Headless 144.0.0.0 (Windows 10): Executed 440 of 1649[32m SUCCESS[39m (0 secs / 2.083 secs)
[1A[2KChrome Headless 144.0.0.0 (Windows 10): Executed 441 of 1649[32m SUCCESS[39m (0 secs / 2.084 secs)
[1A[2KChrome Headless 144.0.0.0 (Windows 10): Executed 442 of 1649[32m SUCCESS[39m (0 secs / 2.084 secs)
[1A[2KChrome Headless 144.0.0.0 (Windows 10): Executed 443 of 1649[32m SUCCESS[39m (0 secs / 2.085 secs)
[1A[2KChrome Headless 144.0.0.0 (Windows 10): Executed 444 of 1649[32m SUCCESS[39m (0 secs / 2.085 secs)
[1A[2KChrome Headless 144.0.0.0 (Windows 10): Executed 445 of 1649[32m SUCCESS[39m (0 secs / 2.085 secs)
[1A[2KChrome Headless 144.0.0.0 (Windows 10): Executed 446 of 1649[32m SUCCESS[39m (0 secs / 2.086 secs)
[1A[2KChrome Headless 144.0.0.0 (Windows 10): Executed 447 of 1649[32m SUCCESS[39m (0 secs / 2.086 secs)
[1A[2KChrome Headless 144.0.0.0 (Windows 10): Executed 448 of 1649[32m SUCCESS[39m (0 secs / 2.086 secs)
[1A[2KChrome Headless 144.0.0.0 (Windows 10): Executed 449 of 1649[32m SUCCESS[39m (0 secs / 2.086 secs)
[1A[2KChrome Headless 144.0.0.0 (Windows 10): Executed 450 of 1649[32m SUCCESS[39m (0 secs / 2.087 secs)
[1A[2KChrome Headless 144.0.0.0 (Windows 10): Executed 451 of 1649[32m SUCCESS[39m (0 secs / 2.087 secs)
[1A[2KChrome Headless 144.0.0.0 (Windows 10): Executed 452 of 1649[32m SUCCESS[39m (0 secs / 2.088 secs)
[1A[2KChrome Headless 144.0.0.0 (Windows 10): Executed 453 of 1649[32m SUCCESS[39m (0 secs / 2.089 secs)
[1A[2KChrome Headless 144.0.0.0 (Windows 10): Executed 454 of 1649[32m SUCCESS[39m (0 secs / 2.089 secs)
[1A[2KChrome Headless 144.0.0.0 (Windows 10): Executed 455 of 1649[32m SUCCESS[39m (0 secs / 2.09 secs)
[1A[2KChrome Headless 144.0.0.0 (Windows 10): Executed 456 of 1649[32m SUCCESS[39m (0 secs / 2.09 secs)
[1A[2KChrome Headless 144.0.0.0 (Windows 10): Executed 457 of 1649[32m SUCCESS[39m (0 secs / 2.091 secs)
[1A[2KChrome Headless 144.0.0.0 (Windows 10): Executed 458 of 1649[32m SUCCESS[39m (0 secs / 2.091 secs)
[1A[2KChrome Headless 144.0.0.0 (Windows 10): Executed 459 of 1649[32m SUCCESS[39m (0 secs / 2.092 secs)
[1A[2KChrome Headless 144.0.0.0 (Windows 10): Executed 460 of 1649[32m SUCCESS[39m (0 secs / 2.092 secs)
[1A[2KChrome Headless 144.0.0.0 (Windows 10): Executed 461 of 1649[32m SUCCESS[39m (0 secs / 2.092 secs)
[1A[2KChrome Headless 144.0.0.0 (Windows 10): Executed 462 of 1649[32m SUCCESS[39m (0 secs / 2.096 secs)
[1A[2KChrome Headless 144.0.0.0 (Windows 10): Executed 463 of 1649[32m SUCCESS[39m (0 secs / 2.099 secs)
[1A[2KChrome Headless 144.0.0.0 (Windows 10): Executed 464 of 1649[32m SUCCESS[39m (0 secs / 2.102 secs)
[1A[2KChrome Headless 144.0.0.0 (Windows 10): Executed 465 of 1649[32m SUCCESS[39m (0 secs / 2.106 secs)
[1A[2KChrome Headless 144.0.0.0 (Windows 10): Executed 466 of 1649[32m SUCCESS[39m (0 secs / 2.109 secs)
[1A[2KChrome Headless 144.0.0.0 (Windows 10): Executed 467 of 1649[32m SUCCESS[39m (0 secs / 2.112 secs)
[1A[2KChrome Headless 144.0.0.0 (Windows 10): Executed 468 of 1649[32m SUCCESS[39m (0 secs / 2.115 secs)
[1A[2KChrome Headless 144.0.0.0 (Windows 10): Executed 469 of 1649[32m SUCCESS[39m (0 secs / 2.118 secs)
[1A[2KChrome Headless 144.0.0.0 (Windows 10): Executed 470 of 1649[32m SUCCESS[39m (0 secs / 2.126 secs)
[1A[2KERROR: [36m'Error creating game:', Error: Creation failed
Error: Creation failed
    at Object.subscribe (http://localhost:9876/base/src/app/features/game/components/create-game/create-game.component.spec.ts:188:25)
    at CreateGameComponent2.onSubmit (http://localhost:9876/base/src/app/features/game/create-game/create-game.component.ts:145:43)
    at UserContext.<anonymous> (http://localhost:9876/base/src/app/features/game/components/create-game/create-game.component.spec.ts:198:15)
    at _ZoneDelegate.invoke (http://localhost:9876/base/node_modules/zone.js/fesm2015/zone.js:398:28)
    at _ProxyZoneSpec.onInvoke (http://localhost:9876/base/node_modules/zone.js/fesm2015/zone-testing.js:2132:39)
    at _ZoneDelegate.invoke (http://localhost:9876/base/node_modules/zone.js/fesm2015/zone.js:397:34)
    at ZoneImpl.run (http://localhost:9876/base/node_modules/zone.js/fesm2015/zone.js:113:43)
    at runInTestZone (http://localhost:9876/base/node_modules/zone.js/fesm2015/zone-testing.js:216:38)
    at UserContext.<anonymous> (http://localhost:9876/base/node_modules/zone.js/fesm2015/zone-testing.js:234:32)
    at ZoneQueueRunner.attempt (http://localhost:9876/absoluteC:/Users/Thibaut/Desktop/FortniteProject/frontend/node_modules/karma-jasmine/node_modules/jasmine-core/lib/jasmine-core/jasmine.js?86d98e11f43f2c8cfac9fb4806ed6c0aced74cbe:7632:40)[39m
Chrome Headless 144.0.0.0 (Windows 10): Executed 470 of 1649[32m SUCCESS[39m (0 secs / 2.126 secs)
ERROR: 'Error creating game:', Error: Creation failed
Error: Creation failed
    at Object.subscribe (http://localhost:9876/base/src/app/features/game/components/create-game/create-game.component.spec.ts:188:25)
    at CreateGameComponent2.onSubmit (http://localhost:9876/base/src/app/features/game/create-game/create-game.component.ts:145:43)
    at UserContext.<anonymous> (http://localhost:9876/base/src/app/features/game/components/create-game/create-game.component.spec.ts:198:15)
    at _ZoneDelegate.invoke (http://localhost:9876/base/node_modules/zone.js/fesm2015/zone.js:398:28)
    at _ProxyZoneSpec.onInvoke (http://localhost:9876/base/node_modules/zone.js/fesm2015/zone-testing.js:2132:39)
    at _ZoneDelegate.invoke (http://localhost:9876/base/node_modules/zone.js/fesm2015/zone.js:397:34)
    at ZoneImpl.run (http://localhost:9876/base/node_modules/zone.js/fesm2015/zone.js:113:43)
    at runInTestZone (http://localhost:9876/base/node_modules/zone.js/fesm2015/zone-testing.js:216:38)
    at UserContext.<anonymous> (http://localhost:9876/base/node_modules/zone.js/fesm2015/zone-testing.js:234:32)
    at ZoneQueueRunner.attempt (http://localhost:9876/absoluteC:/Users/Thibaut/Desktop/FortniteProject/frontend/node_modules/karma-jasmine/node_modules/jasmine-core/lib/jasmine-core/jasmine.js?86d98e11f43f2c8cfac9fb4806ed6c0aced74cbe:7632:40)
[1A[2KChrome Headless 144.0.0.0 (Windows 10): Executed 471 of 1649[32m SUCCESS[39m (0 secs / 2.135 secs)
[1A[2KChrome Headless 144.0.0.0 (Windows 10): Executed 472 of 1649[32m SUCCESS[39m (0 secs / 2.139 secs)
[1A[2KChrome Headless 144.0.0.0 (Windows 10): Executed 473 of 1649[32m SUCCESS[39m (0 secs / 2.143 secs)
[1A[2KChrome Headless 144.0.0.0 (Windows 10): Executed 474 of 1649[32m SUCCESS[39m (0 secs / 2.147 secs)
[1A[2KChrome Headless 144.0.0.0 (Windows 10): Executed 475 of 1649[32m SUCCESS[39m (0 secs / 2.151 secs)
[1A[2KChrome Headless 144.0.0.0 (Windows 10): Executed 476 of 1649[32m SUCCESS[39m (0 secs / 2.154 secs)
[1A[2KChrome Headless 144.0.0.0 (Windows 10): Executed 477 of 1649[32m SUCCESS[39m (0 secs / 2.155 secs)
[1A[2KChrome Headless 144.0.0.0 (Windows 10): Executed 478 of 1649[32m SUCCESS[39m (0 secs / 2.156 secs)
[1A[2KChrome Headless 144.0.0.0 (Windows 10): Executed 479 of 1649[32m SUCCESS[39m (0 secs / 2.156 secs)
[1A[2KChrome Headless 144.0.0.0 (Windows 10): Executed 480 of 1649[32m SUCCESS[39m (0 secs / 2.156 secs)
[1A[2KChrome Headless 144.0.0.0 (Windows 10): Executed 481 of 1649[32m SUCCESS[39m (0 secs / 2.157 secs)
[1A[2KChrome Headless 144.0.0.0 (Windows 10): Executed 482 of 1649[32m SUCCESS[39m (0 secs / 2.158 secs)
[1A[2KChrome Headless 144.0.0.0 (Windows 10): Executed 483 of 1649[32m SUCCESS[39m (0 secs / 2.158 secs)
[1A[2KChrome Headless 144.0.0.0 (Windows 10): Executed 484 of 1649[32m SUCCESS[39m (0 secs / 2.159 secs)
[1A[2KChrome Headless 144.0.0.0 (Windows 10): Executed 485 of 1649[32m SUCCESS[39m (0 secs / 2.159 secs)
[1A[2KChrome Headless 144.0.0.0 (Windows 10): Executed 486 of 1649[32m SUCCESS[39m (0 secs / 2.16 secs)
[1A[2KChrome Headless 144.0.0.0 (Windows 10): Executed 487 of 1649[32m SUCCESS[39m (0 secs / 2.161 secs)
[1A[2KChrome Headless 144.0.0.0 (Windows 10): Executed 488 of 1649[32m SUCCESS[39m (0 secs / 2.166 secs)
[1A[2KChrome Headless 144.0.0.0 (Windows 10): Executed 489 of 1649[32m SUCCESS[39m (0 secs / 2.167 secs)
[1A[2KChrome Headless 144.0.0.0 (Windows 10): Executed 490 of 1649[32m SUCCESS[39m (0 secs / 2.169 secs)
[1A[2KChrome Headless 144.0.0.0 (Windows 10): Executed 491 of 1649[32m SUCCESS[39m (0 secs / 2.17 secs)
[1A[2KChrome Headless 144.0.0.0 (Windows 10): Executed 492 of 1649[32m SUCCESS[39m (0 secs / 2.172 secs)
[1A[2KChrome Headless 144.0.0.0 (Windows 10): Executed 493 of 1649[32m SUCCESS[39m (0 secs / 2.173 secs)
[1A[2KChrome Headless 144.0.0.0 (Windows 10): Executed 494 of 1649[32m SUCCESS[39m (0 secs / 2.174 secs)
[1A[2KChrome Headless 144.0.0.0 (Windows 10): Executed 495 of 1649[32m SUCCESS[39m (0 secs / 2.175 secs)
[1A[2KChrome Headless 144.0.0.0 (Windows 10): Executed 496 of 1649[32m SUCCESS[39m (0 secs / 2.176 secs)
[1A[2KChrome Headless 144.0.0.0 (Windows 10): Executed 497 of 1649[32m SUCCESS[39m (0 secs / 2.177 secs)
[1A[2KChrome Headless 144.0.0.0 (Windows 10): Executed 498 of 1649[32m SUCCESS[39m (0 secs / 2.178 secs)
[1A[2KChrome Headless 144.0.0.0 (Windows 10): Executed 499 of 1649[32m SUCCESS[39m (0 secs / 2.179 secs)
[1A[2KChrome Headless 144.0.0.0 (Windows 10): Executed 500 of 1649[32m SUCCESS[39m (0 secs / 2.18 secs)
[1A[2KChrome Headless 144.0.0.0 (Windows 10): Executed 501 of 1649[32m SUCCESS[39m (0 secs / 2.181 secs)
[1A[2KChrome Headless 144.0.0.0 (Windows 10): Executed 502 of 1649[32m SUCCESS[39m (0 secs / 2.182 secs)
[1A[2KChrome Headless 144.0.0.0 (Windows 10): Executed 503 of 1649[32m SUCCESS[39m (0 secs / 2.183 secs)
[1A[2KChrome Headless 144.0.0.0 (Windows 10): Executed 504 of 1649[32m SUCCESS[39m (0 secs / 2.184 secs)
[1A[2KChrome Headless 144.0.0.0 (Windows 10): Executed 505 of 1649[32m SUCCESS[39m (0 secs / 2.186 secs)
[1A[2KChrome Headless 144.0.0.0 (Windows 10): Executed 506 of 1649[32m SUCCESS[39m (0 secs / 2.187 secs)
[1A[2KChrome Headless 144.0.0.0 (Windows 10): Executed 507 of 1649[32m SUCCESS[39m (0 secs / 2.188 secs)
[1A[2KChrome Headless 144.0.0.0 (Windows 10): Executed 508 of 1649[32m SUCCESS[39m (0 secs / 2.189 secs)
[1A[2KChrome Headless 144.0.0.0 (Windows 10): Executed 509 of 1649[32m SUCCESS[39m (0 secs / 2.19 secs)
[1A[2KChrome Headless 144.0.0.0 (Windows 10): Executed 510 of 1649[32m SUCCESS[39m (0 secs / 2.191 secs)
[1A[2KChrome Headless 144.0.0.0 (Windows 10): Executed 511 of 1649[32m SUCCESS[39m (0 secs / 2.192 secs)
[1A[2KChrome Headless 144.0.0.0 (Windows 10): Executed 512 of 1649[32m SUCCESS[39m (0 secs / 2.193 secs)
[1A[2KChrome Headless 144.0.0.0 (Windows 10): Executed 513 of 1649[32m SUCCESS[39m (0 secs / 2.194 secs)
[1A[2KChrome Headless 144.0.0.0 (Windows 10): Executed 514 of 1649[32m SUCCESS[39m (0 secs / 2.195 secs)
[1A[2KChrome Headless 144.0.0.0 (Windows 10): Executed 515 of 1649[32m SUCCESS[39m (0 secs / 2.196 secs)
[1A[2KChrome Headless 144.0.0.0 (Windows 10): Executed 516 of 1649[32m SUCCESS[39m (0 secs / 2.204 secs)
[1A[2KChrome Headless 144.0.0.0 (Windows 10): Executed 517 of 1649[32m SUCCESS[39m (0 secs / 2.206 secs)
[1A[2KChrome Headless 144.0.0.0 (Windows 10): Executed 518 of 1649[32m SUCCESS[39m (0 secs / 2.208 secs)
[1A[2KChrome Headless 144.0.0.0 (Windows 10): Executed 519 of 1649[32m SUCCESS[39m (0 secs / 2.214 secs)
[1A[2KChrome Headless 144.0.0.0 (Windows 10): Executed 520 of 1649[32m SUCCESS[39m (0 secs / 2.215 secs)
[1A[2KChrome Headless 144.0.0.0 (Windows 10): Executed 521 of 1649[32m SUCCESS[39m (0 secs / 2.216 secs)
[1A[2KChrome Headless 144.0.0.0 (Windows 10): Executed 522 of 1649[32m SUCCESS[39m (0 secs / 2.217 secs)
[1A[2KChrome Headless 144.0.0.0 (Windows 10): Executed 523 of 1649[32m SUCCESS[39m (0 secs / 2.217 secs)
[1A[2KChrome Headless 144.0.0.0 (Windows 10): Executed 524 of 1649[32m SUCCESS[39m (0 secs / 2.217 secs)
[1A[2KChrome Headless 144.0.0.0 (Windows 10): Executed 525 of 1649[32m SUCCESS[39m (0 secs / 2.218 secs)
[1A[2KChrome Headless 144.0.0.0 (Windows 10): Executed 526 of 1649[32m SUCCESS[39m (0 secs / 2.222 secs)
[1A[2KChrome Headless 144.0.0.0 (Windows 10): Executed 527 of 1649[32m SUCCESS[39m (0 secs / 2.223 secs)
[1A[2KChrome Headless 144.0.0.0 (Windows 10): Executed 528 of 1649[32m SUCCESS[39m (0 secs / 2.224 secs)
[1A[2KChrome Headless 144.0.0.0 (Windows 10): Executed 529 of 1649[32m SUCCESS[39m (0 secs / 2.225 secs)
[1A[2KChrome Headless 144.0.0.0 (Windows 10): Executed 530 of 1649[32m SUCCESS[39m (0 secs / 2.226 secs)
[1A[2KChrome Headless 144.0.0.0 (Windows 10): Executed 531 of 1649[32m SUCCESS[39m (0 secs / 2.227 secs)
[1A[2KChrome Headless 144.0.0.0 (Windows 10): Executed 532 of 1649[32m SUCCESS[39m (0 secs / 2.228 secs)
[1A[2KChrome Headless 144.0.0.0 (Windows 10): Executed 533 of 1649[32m SUCCESS[39m (0 secs / 2.228 secs)
[1A[2KChrome Headless 144.0.0.0 (Windows 10): Executed 534 of 1649[32m SUCCESS[39m (0 secs / 2.229 secs)
[1A[2KChrome Headless 144.0.0.0 (Windows 10): Executed 535 of 1649[32m SUCCESS[39m (0 secs / 2.23 secs)
[1A[2KChrome Headless 144.0.0.0 (Windows 10): Executed 536 of 1649[32m SUCCESS[39m (0 secs / 2.231 secs)
[1A[2KChrome Headless 144.0.0.0 (Windows 10): Executed 537 of 1649[32m SUCCESS[39m (0 secs / 2.232 secs)
[1A[2KChrome Headless 144.0.0.0 (Windows 10): Executed 538 of 1649[32m SUCCESS[39m (0 secs / 2.232 secs)
[1A[2KChrome Headless 144.0.0.0 (Windows 10): Executed 539 of 1649[32m SUCCESS[39m (0 secs / 2.232 secs)
[1A[2KChrome Headless 144.0.0.0 (Windows 10): Executed 540 of 1649[32m SUCCESS[39m (0 secs / 2.233 secs)
[1A[2KChrome Headless 144.0.0.0 (Windows 10): Executed 541 of 1649[32m SUCCESS[39m (0 secs / 2.234 secs)
[1A[2KChrome Headless 144.0.0.0 (Windows 10): Executed 542 of 1649[32m SUCCESS[39m (0 secs / 2.235 secs)
[1A[2KChrome Headless 144.0.0.0 (Windows 10): Executed 543 of 1649[32m SUCCESS[39m (0 secs / 2.235 secs)
[1A[2KChrome Headless 144.0.0.0 (Windows 10): Executed 544 of 1649[32m SUCCESS[39m (0 secs / 2.235 secs)
[1A[2KChrome Headless 144.0.0.0 (Windows 10): Executed 545 of 1649[32m SUCCESS[39m (0 secs / 2.236 secs)
[1A[2KChrome Headless 144.0.0.0 (Windows 10): Executed 546 of 1649[32m SUCCESS[39m (0 secs / 2.237 secs)
[1A[2KChrome Headless 144.0.0.0 (Windows 10): Executed 547 of 1649[32m SUCCESS[39m (0 secs / 2.238 secs)
[1A[2KChrome Headless 144.0.0.0 (Windows 10): Executed 548 of 1649[32m SUCCESS[39m (0 secs / 2.239 secs)
[1A[2KChrome Headless 144.0.0.0 (Windows 10): Executed 549 of 1649[32m SUCCESS[39m (0 secs / 2.24 secs)
[1A[2KChrome Headless 144.0.0.0 (Windows 10): Executed 550 of 1649[32m SUCCESS[39m (0 secs / 2.24 secs)
[1A[2KChrome Headless 144.0.0.0 (Windows 10): Executed 551 of 1649[32m SUCCESS[39m (0 secs / 2.24 secs)
[1A[2KChrome Headless 144.0.0.0 (Windows 10): Executed 552 of 1649[32m SUCCESS[39m (0 secs / 2.241 secs)
[1A[2KChrome Headless 144.0.0.0 (Windows 10): Executed 553 of 1649[32m SUCCESS[39m (0 secs / 2.242 secs)
[1A[2KChrome Headless 144.0.0.0 (Windows 10): Executed 554 of 1649[32m SUCCESS[39m (0 secs / 2.242 secs)
[1A[2KChrome Headless 144.0.0.0 (Windows 10): Executed 555 of 1649[32m SUCCESS[39m (0 secs / 2.242 secs)
[1A[2KChrome Headless 144.0.0.0 (Windows 10): Executed 556 of 1649[32m SUCCESS[39m (0 secs / 2.242 secs)
[1A[2KChrome Headless 144.0.0.0 (Windows 10): Executed 557 of 1649[32m SUCCESS[39m (0 secs / 2.243 secs)
[1A[2KChrome Headless 144.0.0.0 (Windows 10): Executed 558 of 1649[32m SUCCESS[39m (0 secs / 2.243 secs)
[1A[2KChrome Headless 144.0.0.0 (Windows 10): Executed 559 of 1649[32m SUCCESS[39m (0 secs / 2.243 secs)
[1A[2KChrome Headless 144.0.0.0 (Windows 10): Executed 560 of 1649[32m SUCCESS[39m (0 secs / 2.243 secs)
[1A[2KChrome Headless 144.0.0.0 (Windows 10): Executed 561 of 1649[32m SUCCESS[39m (0 secs / 2.243 secs)
[1A[2KChrome Headless 144.0.0.0 (Windows 10): Executed 562 of 1649[32m SUCCESS[39m (0 secs / 2.244 secs)
[1A[2KChrome Headless 144.0.0.0 (Windows 10): Executed 563 of 1649[32m SUCCESS[39m (0 secs / 2.244 secs)
[1A[2KChrome Headless 144.0.0.0 (Windows 10): Executed 564 of 1649[32m SUCCESS[39m (0 secs / 2.245 secs)
[1A[2KChrome Headless 144.0.0.0 (Windows 10): Executed 565 of 1649[32m SUCCESS[39m (0 secs / 2.245 secs)
[1A[2KChrome Headless 144.0.0.0 (Windows 10): Executed 566 of 1649[32m SUCCESS[39m (0 secs / 2.246 secs)
[1A[2KChrome Headless 144.0.0.0 (Windows 10): Executed 567 of 1649[32m SUCCESS[39m (0 secs / 2.246 secs)
[1A[2KChrome Headless 144.0.0.0 (Windows 10): Executed 568 of 1649[32m SUCCESS[39m (0 secs / 2.247 secs)
[1A[2KChrome Headless 144.0.0.0 (Windows 10): Executed 569 of 1649[32m SUCCESS[39m (0 secs / 2.247 secs)
[1A[2KChrome Headless 144.0.0.0 (Windows 10): Executed 570 of 1649[32m SUCCESS[39m (0 secs / 2.247 secs)
[1A[2KChrome Headless 144.0.0.0 (Windows 10): Executed 571 of 1649[32m SUCCESS[39m (0 secs / 2.248 secs)
[1A[2KChrome Headless 144.0.0.0 (Windows 10): Executed 572 of 1649[32m SUCCESS[39m (0 secs / 2.248 secs)
[1A[2KChrome Headless 144.0.0.0 (Windows 10): Executed 573 of 1649[32m SUCCESS[39m (0 secs / 2.248 secs)
[1A[2KChrome Headless 144.0.0.0 (Windows 10): Executed 574 of 1649[32m SUCCESS[39m (0 secs / 2.248 secs)
[1A[2KChrome Headless 144.0.0.0 (Windows 10): Executed 575 of 1649[32m SUCCESS[39m (0 secs / 2.249 secs)
[1A[2KChrome Headless 144.0.0.0 (Windows 10): Executed 576 of 1649[32m SUCCESS[39m (0 secs / 2.249 secs)
[1A[2KChrome Headless 144.0.0.0 (Windows 10): Executed 577 of 1649[32m SUCCESS[39m (0 secs / 2.249 secs)
[1A[2KChrome Headless 144.0.0.0 (Windows 10): Executed 578 of 1649[32m SUCCESS[39m (0 secs / 2.249 secs)
[1A[2KChrome Headless 144.0.0.0 (Windows 10): Executed 579 of 1649[32m SUCCESS[39m (0 secs / 2.249 secs)
[1A[2KChrome Headless 144.0.0.0 (Windows 10): Executed 580 of 1649[32m SUCCESS[39m (0 secs / 2.25 secs)
[1A[2KChrome Headless 144.0.0.0 (Windows 10): Executed 581 of 1649[32m SUCCESS[39m (0 secs / 2.25 secs)
[1A[2KChrome Headless 144.0.0.0 (Windows 10): Executed 582 of 1649[32m SUCCESS[39m (0 secs / 2.251 secs)
[1A[2KChrome Headless 144.0.0.0 (Windows 10): Executed 583 of 1649[32m SUCCESS[39m (0 secs / 2.251 secs)
[1A[2KChrome Headless 144.0.0.0 (Windows 10): Executed 584 of 1649[32m SUCCESS[39m (0 secs / 2.252 secs)
[1A[2KChrome Headless 144.0.0.0 (Windows 10): Executed 585 of 1649[32m SUCCESS[39m (0 secs / 2.252 secs)
[1A[2KChrome Headless 144.0.0.0 (Windows 10): Executed 586 of 1649[32m SUCCESS[39m (0 secs / 2.252 secs)
[1A[2KChrome Headless 144.0.0.0 (Windows 10): Executed 587 of 1649[32m SUCCESS[39m (0 secs / 2.252 secs)
[1A[2KChrome Headless 144.0.0.0 (Windows 10): Executed 588 of 1649[32m SUCCESS[39m (0 secs / 2.252 secs)
[1A[2KChrome Headless 144.0.0.0 (Windows 10): Executed 589 of 1649[32m SUCCESS[39m (0 secs / 2.253 secs)
[1A[2KChrome Headless 144.0.0.0 (Windows 10): Executed 590 of 1649[32m SUCCESS[39m (0 secs / 2.253 secs)
[1A[2KChrome Headless 144.0.0.0 (Windows 10): Executed 591 of 1649[32m SUCCESS[39m (0 secs / 2.254 secs)
[1A[2KChrome Headless 144.0.0.0 (Windows 10): Executed 592 of 1649[32m SUCCESS[39m (0 secs / 2.254 secs)
[1A[2KChrome Headless 144.0.0.0 (Windows 10): Executed 593 of 1649[32m SUCCESS[39m (0 secs / 2.255 secs)
[1A[2KChrome Headless 144.0.0.0 (Windows 10): Executed 594 of 1649[32m SUCCESS[39m (0 secs / 2.255 secs)
[1A[2KChrome Headless 144.0.0.0 (Windows 10): Executed 595 of 1649[32m SUCCESS[39m (0 secs / 2.256 secs)
[1A[2KChrome Headless 144.0.0.0 (Windows 10): Executed 596 of 1649[32m SUCCESS[39m (0 secs / 2.256 secs)
[1A[2KChrome Headless 144.0.0.0 (Windows 10): Executed 597 of 1649[32m SUCCESS[39m (0 secs / 2.256 secs)
[1A[2KChrome Headless 144.0.0.0 (Windows 10): Executed 598 of 1649[32m SUCCESS[39m (0 secs / 2.256 secs)
[1A[2KChrome Headless 144.0.0.0 (Windows 10): Executed 599 of 1649[32m SUCCESS[39m (0 secs / 2.257 secs)
[1A[2KChrome Headless 144.0.0.0 (Windows 10): Executed 600 of 1649[32m SUCCESS[39m (0 secs / 2.257 secs)
[1A[2KChrome Headless 144.0.0.0 (Windows 10): Executed 601 of 1649[32m SUCCESS[39m (0 secs / 2.258 secs)
[1A[2KChrome Headless 144.0.0.0 (Windows 10): Executed 602 of 1649[32m SUCCESS[39m (0 secs / 2.258 secs)
[1A[2KChrome Headless 144.0.0.0 (Windows 10): Executed 603 of 1649[32m SUCCESS[39m (0 secs / 2.263 secs)
[1A[2KChrome Headless 144.0.0.0 (Windows 10): Executed 604 of 1649[32m SUCCESS[39m (0 secs / 2.264 secs)
[1A[2KChrome Headless 144.0.0.0 (Windows 10): Executed 605 of 1649[32m SUCCESS[39m (0 secs / 2.266 secs)
[1A[2KChrome Headless 144.0.0.0 (Windows 10): Executed 606 of 1649[32m SUCCESS[39m (0 secs / 2.267 secs)
[1A[2KChrome Headless 144.0.0.0 (Windows 10): Executed 607 of 1649[32m SUCCESS[39m (0 secs / 2.268 secs)
[1A[2KChrome Headless 144.0.0.0 (Windows 10): Executed 608 of 1649[32m SUCCESS[39m (0 secs / 2.268 secs)
[1A[2KChrome Headless 144.0.0.0 (Windows 10): Executed 609 of 1649[32m SUCCESS[39m (0 secs / 2.269 secs)
[1A[2KChrome Headless 144.0.0.0 (Windows 10): Executed 610 of 1649[32m SUCCESS[39m (0 secs / 2.27 secs)
[1A[2KChrome Headless 144.0.0.0 (Windows 10): Executed 611 of 1649[32m SUCCESS[39m (0 secs / 2.27 secs)
[1A[2KChrome Headless 144.0.0.0 (Windows 10): Executed 612 of 1649[32m SUCCESS[39m (0 secs / 2.271 secs)
[1A[2KChrome Headless 144.0.0.0 (Windows 10): Executed 613 of 1649[32m SUCCESS[39m (0 secs / 2.272 secs)
[1A[2KChrome Headless 144.0.0.0 (Windows 10): Executed 614 of 1649[32m SUCCESS[39m (0 secs / 2.272 secs)
[1A[2KChrome Headless 144.0.0.0 (Windows 10): Executed 615 of 1649[32m SUCCESS[39m (0 secs / 2.273 secs)
[1A[2KChrome Headless 144.0.0.0 (Windows 10): Executed 616 of 1649[32m SUCCESS[39m (0 secs / 2.273 secs)
[1A[2KChrome Headless 144.0.0.0 (Windows 10): Executed 617 of 1649[32m SUCCESS[39m (0 secs / 2.289 secs)
[1A[2KChrome Headless 144.0.0.0 (Windows 10): Executed 618 of 1649[32m SUCCESS[39m (0 secs / 2.291 secs)
[1A[2KChrome Headless 144.0.0.0 (Windows 10): Executed 619 of 1649[32m SUCCESS[39m (0 secs / 2.293 secs)
[1A[2KChrome Headless 144.0.0.0 (Windows 10): Executed 620 of 1649[32m SUCCESS[39m (0 secs / 2.298 secs)
[1A[2KChrome Headless 144.0.0.0 (Windows 10): Executed 621 of 1649[32m SUCCESS[39m (0 secs / 2.3 secs)
[1A[2KChrome Headless 144.0.0.0 (Windows 10): Executed 622 of 1649[32m SUCCESS[39m (0 secs / 2.305 secs)
[1A[2KChrome Headless 144.0.0.0 (Windows 10): Executed 623 of 1649[32m SUCCESS[39m (0 secs / 2.307 secs)
[1A[2KChrome Headless 144.0.0.0 (Windows 10): Executed 624 of 1649[32m SUCCESS[39m (0 secs / 2.311 secs)
[1A[2KChrome Headless 144.0.0.0 (Windows 10): Executed 625 of 1649[32m SUCCESS[39m (0 secs / 2.314 secs)
[1A[2KChrome Headless 144.0.0.0 (Windows 10): Executed 626 of 1649[32m SUCCESS[39m (0 secs / 2.317 secs)
[1A[2KChrome Headless 144.0.0.0 (Windows 10): Executed 627 of 1649[32m SUCCESS[39m (0 secs / 2.319 secs)
[1A[2KChrome Headless 144.0.0.0 (Windows 10): Executed 628 of 1649[32m SUCCESS[39m (0 secs / 2.321 secs)
[1A[2KChrome Headless 144.0.0.0 (Windows 10): Executed 629 of 1649[32m SUCCESS[39m (0 secs / 2.326 secs)
[1A[2KChrome Headless 144.0.0.0 (Windows 10): Executed 630 of 1649[32m SUCCESS[39m (0 secs / 2.336 secs)
[1A[2KChrome Headless 144.0.0.0 (Windows 10): Executed 631 of 1649[32m SUCCESS[39m (0 secs / 2.344 secs)
[1A[2KChrome Headless 144.0.0.0 (Windows 10): Executed 632 of 1649[32m SUCCESS[39m (0 secs / 2.349 secs)
[1A[2KChrome Headless 144.0.0.0 (Windows 10): Executed 633 of 1649[32m SUCCESS[39m (0 secs / 2.35 secs)
[1A[2KChrome Headless 144.0.0.0 (Windows 10): Executed 634 of 1649[32m SUCCESS[39m (0 secs / 2.351 secs)
[1A[2KChrome Headless 144.0.0.0 (Windows 10): Executed 635 of 1649[32m SUCCESS[39m (0 secs / 2.352 secs)
[1A[2KChrome Headless 144.0.0.0 (Windows 10): Executed 636 of 1649[32m SUCCESS[39m (0 secs / 2.353 secs)
[1A[2KChrome Headless 144.0.0.0 (Windows 10): Executed 637 of 1649[32m SUCCESS[39m (0 secs / 2.354 secs)
[1A[2KChrome Headless 144.0.0.0 (Windows 10): Executed 638 of 1649[32m SUCCESS[39m (0 secs / 2.355 secs)
[1A[2KChrome Headless 144.0.0.0 (Windows 10): Executed 639 of 1649[32m SUCCESS[39m (0 secs / 2.356 secs)
[1A[2KChrome Headless 144.0.0.0 (Windows 10): Executed 640 of 1649[32m SUCCESS[39m (0 secs / 2.357 secs)
[1A[2KChrome Headless 144.0.0.0 (Windows 10): Executed 641 of 1649[32m SUCCESS[39m (0 secs / 2.358 secs)
[1A[2KChrome Headless 144.0.0.0 (Windows 10): Executed 642 of 1649[32m SUCCESS[39m (0 secs / 2.359 secs)
[1A[2KChrome Headless 144.0.0.0 (Windows 10): Executed 643 of 1649[32m SUCCESS[39m (0 secs / 2.361 secs)
[1A[2KChrome Headless 144.0.0.0 (Windows 10): Executed 644 of 1649[32m SUCCESS[39m (0 secs / 2.363 secs)
[1A[2KChrome Headless 144.0.0.0 (Windows 10): Executed 645 of 1649[32m SUCCESS[39m (0 secs / 2.363 secs)
[1A[2KChrome Headless 144.0.0.0 (Windows 10): Executed 646 of 1649[32m SUCCESS[39m (0 secs / 2.364 secs)
[1A[2KChrome Headless 144.0.0.0 (Windows 10): Executed 647 of 1649[32m SUCCESS[39m (0 secs / 2.366 secs)
[1A[2KChrome Headless 144.0.0.0 (Windows 10): Executed 648 of 1649[32m SUCCESS[39m (0 secs / 2.367 secs)
[1A[2KChrome Headless 144.0.0.0 (Windows 10): Executed 649 of 1649[32m SUCCESS[39m (0 secs / 2.369 secs)
[1A[2KChrome Headless 144.0.0.0 (Windows 10): Executed 650 of 1649[32m SUCCESS[39m (0 secs / 2.395 secs)
[1A[2KChrome Headless 144.0.0.0 (Windows 10): Executed 651 of 1649[32m SUCCESS[39m (0 secs / 2.398 secs)
[1A[2KChrome Headless 144.0.0.0 (Windows 10): Executed 652 of 1649[32m SUCCESS[39m (0 secs / 2.4 secs)
[1A[2KChrome Headless 144.0.0.0 (Windows 10): Executed 653 of 1649[32m SUCCESS[39m (0 secs / 2.403 secs)
[1A[2KChrome Headless 144.0.0.0 (Windows 10): Executed 654 of 1649[32m SUCCESS[39m (0 secs / 2.405 secs)
[1A[2KChrome Headless 144.0.0.0 (Windows 10): Executed 655 of 1649[32m SUCCESS[39m (0 secs / 2.407 secs)
[1A[2KERROR: [36m'Error loading game details:', Error: Game not found
Error: Game not found
    at http://localhost:9876/base/src/app/features/game/game-detail/game-detail.component.tdd.spec.ts:250:72
    at _Observable.init [as _subscribe] (http://localhost:9876/base/node_modules/rxjs/dist/esm/internal/observable/throwError.js:5:51)
    at _Observable._trySubscribe (http://localhost:9876/base/node_modules/rxjs/dist/esm/internal/Observable.js:37:25)
    at http://localhost:9876/base/node_modules/rxjs/dist/esm/internal/Observable.js:31:30
    at errorContext (http://localhost:9876/base/node_modules/rxjs/dist/esm/internal/util/errorContext.js:19:9)
    at _Observable.subscribe (http://localhost:9876/base/node_modules/rxjs/dist/esm/internal/Observable.js:22:9)
    at GameDetailComponent2.loadGameDetails (http://localhost:9876/base/src/app/features/game/game-detail/game-detail.component.ts:75:51)
    at Object.next (http://localhost:9876/base/src/app/features/game/game-detail/game-detail.component.ts:65:14)
    at ConsumerObserver.next (http://localhost:9876/base/node_modules/rxjs/dist/esm/internal/Subscriber.js:91:33)
    at SafeSubscriber._next (http://localhost:9876/base/node_modules/rxjs/dist/esm/internal/Subscriber.js:60:26)[39m
Chrome Headless 144.0.0.0 (Windows 10): Executed 655 of 1649[32m SUCCESS[39m (0 secs / 2.407 secs)
ERROR: 'Error loading game details:', Error: Game not found
Error: Game not found
    at http://localhost:9876/base/src/app/features/game/game-detail/game-detail.component.tdd.spec.ts:250:72
    at _Observable.init [as _subscribe] (http://localhost:9876/base/node_modules/rxjs/dist/esm/internal/observable/throwError.js:5:51)
    at _Observable._trySubscribe (http://localhost:9876/base/node_modules/rxjs/dist/esm/internal/Observable.js:37:25)
    at http://localhost:9876/base/node_modules/rxjs/dist/esm/internal/Observable.js:31:30
    at errorContext (http://localhost:9876/base/node_modules/rxjs/dist/esm/internal/util/errorContext.js:19:9)
    at _Observable.subscribe (http://localhost:9876/base/node_modules/rxjs/dist/esm/internal/Observable.js:22:9)
    at GameDetailComponent2.loadGameDetails (http://localhost:9876/base/src/app/features/game/game-detail/game-detail.component.ts:75:51)
    at Object.next (http://localhost:9876/base/src/app/features/game/game-detail/game-detail.component.ts:65:14)
    at ConsumerObserver.next (http://localhost:9876/base/node_modules/rxjs/dist/esm/internal/Subscriber.js:91:33)
    at SafeSubscriber._next (http://localhost:9876/base/node_modules/rxjs/dist/esm/internal/Subscriber.js:60:26)
[1A[2KChrome Headless 144.0.0.0 (Windows 10): Executed 656 of 1649[32m SUCCESS[39m (0 secs / 2.418 secs)
[1A[2KERROR: [36m'Error loading participants:', Error: Participants not found
Error: Participants not found
    at http://localhost:9876/base/src/app/features/game/game-detail/game-detail.component.tdd.spec.ts:265:80
    at _Observable.init [as _subscribe] (http://localhost:9876/base/node_modules/rxjs/dist/esm/internal/observable/throwError.js:5:51)
    at _Observable._trySubscribe (http://localhost:9876/base/node_modules/rxjs/dist/esm/internal/Observable.js:37:25)
    at http://localhost:9876/base/node_modules/rxjs/dist/esm/internal/Observable.js:31:30
    at errorContext (http://localhost:9876/base/node_modules/rxjs/dist/esm/internal/util/errorContext.js:19:9)
    at _Observable.subscribe (http://localhost:9876/base/node_modules/rxjs/dist/esm/internal/Observable.js:22:9)
    at GameDetailComponent2.loadParticipants (http://localhost:9876/base/src/app/features/game/game-detail/game-detail.component.ts:98:59)
    at Object.next (http://localhost:9876/base/src/app/features/game/game-detail/game-detail.component.ts:86:14)
    at ConsumerObserver.next (http://localhost:9876/base/node_modules/rxjs/dist/esm/internal/Subscriber.js:91:33)
    at SafeSubscriber._next (http://localhost:9876/base/node_modules/rxjs/dist/esm/internal/Subscriber.js:60:26)[39m
Chrome Headless 144.0.0.0 (Windows 10): Executed 656 of 1649[32m SUCCESS[39m (0 secs / 2.418 secs)
ERROR: 'Error loading participants:', Error: Participants not found
Error: Participants not found
    at http://localhost:9876/base/src/app/features/game/game-detail/game-detail.component.tdd.spec.ts:265:80
    at _Observable.init [as _subscribe] (http://localhost:9876/base/node_modules/rxjs/dist/esm/internal/observable/throwError.js:5:51)
    at _Observable._trySubscribe (http://localhost:9876/base/node_modules/rxjs/dist/esm/internal/Observable.js:37:25)
    at http://localhost:9876/base/node_modules/rxjs/dist/esm/internal/Observable.js:31:30
    at errorContext (http://localhost:9876/base/node_modules/rxjs/dist/esm/internal/util/errorContext.js:19:9)
    at _Observable.subscribe (http://localhost:9876/base/node_modules/rxjs/dist/esm/internal/Observable.js:22:9)
    at GameDetailComponent2.loadParticipants (http://localhost:9876/base/src/app/features/game/game-detail/game-detail.component.ts:98:59)
    at Object.next (http://localhost:9876/base/src/app/features/game/game-detail/game-detail.component.ts:86:14)
    at ConsumerObserver.next (http://localhost:9876/base/node_modules/rxjs/dist/esm/internal/Subscriber.js:91:33)
    at SafeSubscriber._next (http://localhost:9876/base/node_modules/rxjs/dist/esm/internal/Subscriber.js:60:26)
[1A[2KChrome Headless 144.0.0.0 (Windows 10): Executed 657 of 1649[32m SUCCESS[39m (0 secs / 2.421 secs)
[1A[2KChrome Headless 144.0.0.0 (Windows 10): Executed 658 of 1649[32m SUCCESS[39m (0 secs / 2.424 secs)
[1A[2K[31mChrome Headless 144.0.0.0 (Windows 10) GameDetailComponent - TDD Tests Game Actions should determine if user can join game correctly FAILED[39m
	Expected false to be true.
	    at <Jasmine>
	    at UserContext.<anonymous> (src/app/features/game/game-detail/game-detail.component.tdd.spec.ts:242:23)
	    at _ZoneDelegate.invoke (node_modules/zone.js/fesm2015/zone.js:398:28)
	    at _ProxyZoneSpec.onInvoke (node_modules/zone.js/fesm2015/zone-testing.js:2132:39)
	    at _ZoneDelegate.invoke (node_modules/zone.js/fesm2015/zone.js:397:34)
Chrome Headless 144.0.0.0 (Windows 10): Executed 659 of 1649[31m (1 FAILED)[39m (0 secs / 2.428 secs)
[1A[2K[31mChrome Headless 144.0.0.0 (Windows 10) GameDetailComponent - TDD Tests Game Actions should determine if user can start draft correctly FAILED[39m
	Expected false to be true.
	    at <Jasmine>
	    at UserContext.<anonymous> (src/app/features/game/game-detail/game-detail.component.tdd.spec.ts:217:24)
	    at _ZoneDelegate.invoke (node_modules/zone.js/fesm2015/zone.js:398:28)
	    at _ProxyZoneSpec.onInvoke (node_modules/zone.js/fesm2015/zone-testing.js:2132:39)
	    at _ZoneDelegate.invoke (node_modules/zone.js/fesm2015/zone.js:397:34)
Chrome Headless 144.0.0.0 (Windows 10): Executed 660 of 1649[31m (2 FAILED)[39m (0 secs / 2.43 secs)
[1A[2KChrome Headless 144.0.0.0 (Windows 10): Executed 661 of 1649[31m (2 FAILED)[39m (0 secs / 2.432 secs)
[1A[2KChrome Headless 144.0.0.0 (Windows 10): Executed 662 of 1649[31m (2 FAILED)[39m (0 secs / 2.435 secs)
[1A[2KChrome Headless 144.0.0.0 (Windows 10): Executed 663 of 1649[31m (2 FAILED)[39m (0 secs / 2.436 secs)
[1A[2KChrome Headless 144.0.0.0 (Windows 10): Executed 664 of 1649[31m (2 FAILED)[39m (0 secs / 2.437 secs)
[1A[2KChrome Headless 144.0.0.0 (Windows 10): Executed 665 of 1649[31m (2 FAILED)[39m (0 secs / 2.438 secs)
[1A[2KChrome Headless 144.0.0.0 (Windows 10): Executed 666 of 1649[31m (2 FAILED)[39m (0 secs / 2.439 secs)
[1A[2KChrome Headless 144.0.0.0 (Windows 10): Executed 667 of 1649[31m (2 FAILED)[39m (0 secs / 2.44 secs)
[1A[2KChrome Headless 144.0.0.0 (Windows 10): Executed 668 of 1649[31m (2 FAILED)[39m (0 secs / 2.44 secs)
[1A[2KChrome Headless 144.0.0.0 (Windows 10): Executed 669 of 1649[31m (2 FAILED)[39m (0 secs / 2.44 secs)
[1A[2KChrome Headless 144.0.0.0 (Windows 10): Executed 670 of 1649[31m (2 FAILED)[39m (0 secs / 2.441 secs)
[1A[2KChrome Headless 144.0.0.0 (Windows 10): Executed 671 of 1649[31m (2 FAILED)[39m (0 secs / 2.442 secs)
[1A[2KChrome Headless 144.0.0.0 (Windows 10): Executed 672 of 1649[31m (2 FAILED)[39m (0 secs / 2.443 secs)
[1A[2KChrome Headless 144.0.0.0 (Windows 10): Executed 673 of 1649[31m (2 FAILED)[39m (0 secs / 2.444 secs)
[1A[2KChrome Headless 144.0.0.0 (Windows 10): Executed 674 of 1649[31m (2 FAILED)[39m (0 secs / 2.445 secs)
[1A[2KChrome Headless 144.0.0.0 (Windows 10): Executed 675 of 1649[31m (2 FAILED)[39m (0 secs / 2.446 secs)
[1A[2KERROR: [36m'DraftService error:', HttpErrorResponse{headers: _HttpHeaders{headers: Map{}, normalizedNames: Map{}, lazyInit: undefined, lazyUpdate: null}, status: 404, statusText: 'Not Found', url: 'http://localhost:8080/api/drafts/initialize', ok: false, type: undefined, name: 'HttpErrorResponse', message: 'Http failure response for http://localhost:8080/api/drafts/initialize: 404 Not Found', error: Object{message: 'Game not found'}}[39m
Chrome Headless 144.0.0.0 (Windows 10): Executed 675 of 1649[31m (2 FAILED)[39m (0 secs / 2.446 secs)
ERROR: 'DraftService error:', HttpErrorResponse{headers: _HttpHeaders{headers: Map{}, normalizedNames: Map{}, lazyInit: undefined, lazyUpdate: null}, status: 404, statusText: 'Not Found', url: 'http://localhost:8080/api/drafts/initialize', ok: false, type: undefined, name: 'HttpErrorResponse', message: 'Http failure response for http://localhost:8080/api/drafts/initialize: 404 Not Found', error: Object{message: 'Game not found'}}
[1A[2KChrome Headless 144.0.0.0 (Windows 10): Executed 676 of 1649[31m (2 FAILED)[39m (0 secs / 2.448 secs)
[1A[2KChrome Headless 144.0.0.0 (Windows 10): Executed 677 of 1649[31m (2 FAILED)[39m (0 secs / 2.449 secs)
[1A[2KChrome Headless 144.0.0.0 (Windows 10): Executed 678 of 1649[31m (2 FAILED)[39m (0 secs / 2.45 secs)
[1A[2KERROR: [36m'DraftService error:', HttpErrorResponse{headers: _HttpHeaders{headers: Map{}, normalizedNames: Map{}, lazyInit: undefined, lazyUpdate: null}, status: 0, statusText: 'Unknown Error', url: 'http://localhost:8080/api/drafts/game-123/board-state', ok: false, type: undefined, name: 'HttpErrorResponse', message: 'Http failure response for http://localhost:8080/api/drafts/game-123/board-state: 0 ', error: ErrorEvent{isTrusted: false}}[39m
Chrome Headless 144.0.0.0 (Windows 10): Executed 678 of 1649[31m (2 FAILED)[39m (0 secs / 2.45 secs)
ERROR: 'DraftService error:', HttpErrorResponse{headers: _HttpHeaders{headers: Map{}, normalizedNames: Map{}, lazyInit: undefined, lazyUpdate: null}, status: 0, statusText: 'Unknown Error', url: 'http://localhost:8080/api/drafts/game-123/board-state', ok: false, type: undefined, name: 'HttpErrorResponse', message: 'Http failure response for http://localhost:8080/api/drafts/game-123/board-state: 0 ', error: ErrorEvent{isTrusted: false}}
[1A[2KChrome Headless 144.0.0.0 (Windows 10): Executed 679 of 1649[31m (2 FAILED)[39m (0 secs / 2.451 secs)
[1A[2KERROR: [36m'DraftService error:', HttpErrorResponse{headers: _HttpHeaders{headers: Map{}, normalizedNames: Map{}, lazyInit: undefined, lazyUpdate: null}, status: 500, statusText: 'Internal Server Error', url: 'http://localhost:8080/api/drafts/game-123/board-state', ok: false, type: undefined, name: 'HttpErrorResponse', message: 'Http failure response for http://localhost:8080/api/drafts/game-123/board-state: 500 Internal Server Error', error: Object{error: 'Internal server error'}}[39m
Chrome Headless 144.0.0.0 (Windows 10): Executed 679 of 1649[31m (2 FAILED)[39m (0 secs / 2.451 secs)
ERROR: 'DraftService error:', HttpErrorResponse{headers: _HttpHeaders{headers: Map{}, normalizedNames: Map{}, lazyInit: undefined, lazyUpdate: null}, status: 500, statusText: 'Internal Server Error', url: 'http://localhost:8080/api/drafts/game-123/board-state', ok: false, type: undefined, name: 'HttpErrorResponse', message: 'Http failure response for http://localhost:8080/api/drafts/game-123/board-state: 500 Internal Server Error', error: Object{error: 'Internal server error'}}
[1A[2KChrome Headless 144.0.0.0 (Windows 10): Executed 680 of 1649[31m (2 FAILED)[39m (0 secs / 2.452 secs)
[1A[2KChrome Headless 144.0.0.0 (Windows 10): Executed 681 of 1649[31m (2 FAILED)[39m (0 secs / 2.453 secs)
[1A[2KChrome Headless 144.0.0.0 (Windows 10): Executed 682 of 1649[31m (2 FAILED)[39m (0 secs / 2.453 secs)
[1A[2KChrome Headless 144.0.0.0 (Windows 10): Executed 683 of 1649[31m (2 FAILED)[39m (0 secs / 2.454 secs)
[1A[2KERROR: [36m'DraftService error:', HttpErrorResponse{headers: _HttpHeaders{headers: Map{}, normalizedNames: Map{}, lazyInit: undefined, lazyUpdate: null}, status: 400, statusText: 'Bad Request', url: 'http://localhost:8080/api/drafts/game-123/select', ok: false, type: undefined, name: 'HttpErrorResponse', message: 'Http failure response for http://localhost:8080/api/drafts/game-123/select: 400 Bad Request', error: Object{message: 'Player already selected'}}[39m
Chrome Headless 144.0.0.0 (Windows 10): Executed 683 of 1649[31m (2 FAILED)[39m (0 secs / 2.454 secs)
ERROR: 'DraftService error:', HttpErrorResponse{headers: _HttpHeaders{headers: Map{}, normalizedNames: Map{}, lazyInit: undefined, lazyUpdate: null}, status: 400, statusText: 'Bad Request', url: 'http://localhost:8080/api/drafts/game-123/select', ok: false, type: undefined, name: 'HttpErrorResponse', message: 'Http failure response for http://localhost:8080/api/drafts/game-123/select: 400 Bad Request', error: Object{message: 'Player already selected'}}
[1A[2KChrome Headless 144.0.0.0 (Windows 10): Executed 684 of 1649[31m (2 FAILED)[39m (0 secs / 2.456 secs)
[1A[2KChrome Headless 144.0.0.0 (Windows 10): Executed 685 of 1649[31m (2 FAILED)[39m (0 secs / 2.457 secs)
[1A[2KChrome Headless 144.0.0.0 (Windows 10): Executed 686 of 1649[31m (2 FAILED)[39m (0 secs / 2.457 secs)
[1A[2KChrome Headless 144.0.0.0 (Windows 10): Executed 687 of 1649[31m (2 FAILED)[39m (0 secs / 2.457 secs)
[1A[2KChrome Headless 144.0.0.0 (Windows 10): Executed 688 of 1649[31m (2 FAILED)[39m (0 secs / 2.469 secs)
[1A[2KChrome Headless 144.0.0.0 (Windows 10): Executed 689 of 1649[31m (2 FAILED)[39m (0 secs / 2.472 secs)
[1A[2KChrome Headless 144.0.0.0 (Windows 10): Executed 690 of 1649[31m (2 FAILED)[39m (0 secs / 2.474 secs)
[1A[2KChrome Headless 144.0.0.0 (Windows 10): Executed 691 of 1649[31m (2 FAILED)[39m (0 secs / 2.478 secs)
[1A[2KChrome Headless 144.0.0.0 (Windows 10): Executed 692 of 1649[31m (2 FAILED)[39m (0 secs / 2.481 secs)
[1A[2KChrome Headless 144.0.0.0 (Windows 10): Executed 693 of 1649[31m (2 FAILED)[39m (0 secs / 2.484 secs)
[1A[2KChrome Headless 144.0.0.0 (Windows 10): Executed 694 of 1649[31m (2 FAILED)[39m (0 secs / 2.489 secs)
[1A[2KChrome Headless 144.0.0.0 (Windows 10): Executed 695 of 1649[31m (2 FAILED)[39m (0 secs / 2.492 secs)
[1A[2KChrome Headless 144.0.0.0 (Windows 10): Executed 696 of 1649[31m (2 FAILED)[39m (0 secs / 2.497 secs)
[1A[2KChrome Headless 144.0.0.0 (Windows 10): Executed 697 of 1649[31m (2 FAILED)[39m (0 secs / 2.5 secs)
[1A[2KChrome Headless 144.0.0.0 (Windows 10): Executed 698 of 1649[31m (2 FAILED)[39m (0 secs / 2.502 secs)
[1A[2KChrome Headless 144.0.0.0 (Windows 10): Executed 699 of 1649[31m (2 FAILED)[39m (0 secs / 2.505 secs)
[1A[2KChrome Headless 144.0.0.0 (Windows 10): Executed 700 of 1649[31m (2 FAILED)[39m (0 secs / 2.509 secs)
[1A[2KChrome Headless 144.0.0.0 (Windows 10): Executed 701 of 1649[31m (2 FAILED)[39m (0 secs / 2.512 secs)
[1A[2KChrome Headless 144.0.0.0 (Windows 10): Executed 702 of 1649[31m (2 FAILED)[39m (0 secs / 2.53 secs)
[1A[2KChrome Headless 144.0.0.0 (Windows 10): Executed 703 of 1649[31m (2 FAILED)[39m (0 secs / 2.533 secs)
[1A[2KChrome Headless 144.0.0.0 (Windows 10): Executed 704 of 1649[31m (2 FAILED)[39m (0 secs / 2.537 secs)
[1A[2KChrome Headless 144.0.0.0 (Windows 10): Executed 705 of 1649[31m (2 FAILED)[39m (0 secs / 2.539 secs)
[1A[2KChrome Headless 144.0.0.0 (Windows 10): Executed 706 of 1649[31m (2 FAILED)[39m (0 secs / 2.541 secs)
[1A[2KChrome Headless 144.0.0.0 (Windows 10): Executed 707 of 1649[31m (2 FAILED)[39m (0 secs / 2.542 secs)
[1A[2KChrome Headless 144.0.0.0 (Windows 10): Executed 708 of 1649[31m (2 FAILED)[39m (0 secs / 2.544 secs)
[1A[2KChrome Headless 144.0.0.0 (Windows 10): Executed 709 of 1649[31m (2 FAILED)[39m (0 secs / 2.549 secs)
[1A[2KChrome Headless 144.0.0.0 (Windows 10): Executed 710 of 1649[31m (2 FAILED)[39m (0 secs / 2.55 secs)
[1A[2KChrome Headless 144.0.0.0 (Windows 10): Executed 711 of 1649[31m (2 FAILED)[39m (0 secs / 2.552 secs)
[1A[2KChrome Headless 144.0.0.0 (Windows 10): Executed 712 of 1649[31m (2 FAILED)[39m (0 secs / 2.552 secs)
[1A[2KChrome Headless 144.0.0.0 (Windows 10): Executed 713 of 1649[31m (2 FAILED)[39m (0 secs / 2.553 secs)
[1A[2KChrome Headless 144.0.0.0 (Windows 10): Executed 714 of 1649[31m (2 FAILED)[39m (0 secs / 2.553 secs)
[1A[2KChrome Headless 144.0.0.0 (Windows 10): Executed 715 of 1649[31m (2 FAILED)[39m (0 secs / 2.553 secs)
[1A[2KChrome Headless 144.0.0.0 (Windows 10): Executed 716 of 1649[31m (2 FAILED)[39m (0 secs / 2.553 secs)
[1A[2KChrome Headless 144.0.0.0 (Windows 10): Executed 717 of 1649[31m (2 FAILED)[39m (0 secs / 2.553 secs)
[1A[2KChrome Headless 144.0.0.0 (Windows 10): Executed 718 of 1649[31m (2 FAILED)[39m (0 secs / 2.553 secs)
[1A[2KChrome Headless 144.0.0.0 (Windows 10): Executed 719 of 1649[31m (2 FAILED)[39m (0 secs / 2.553 secs)
[1A[2KChrome Headless 144.0.0.0 (Windows 10): Executed 720 of 1649[31m (2 FAILED)[39m (0 secs / 2.553 secs)
[1A[2KChrome Headless 144.0.0.0 (Windows 10): Executed 721 of 1649[31m (2 FAILED)[39m (0 secs / 2.553 secs)
[1A[2KChrome Headless 144.0.0.0 (Windows 10): Executed 722 of 1649[31m (2 FAILED)[39m (0 secs / 2.554 secs)
[1A[2KChrome Headless 144.0.0.0 (Windows 10): Executed 723 of 1649[31m (2 FAILED)[39m (0 secs / 2.554 secs)
[1A[2KChrome Headless 144.0.0.0 (Windows 10): Executed 724 of 1649[31m (2 FAILED)[39m (0 secs / 2.554 secs)
[1A[2KChrome Headless 144.0.0.0 (Windows 10): Executed 725 of 1649[31m (2 FAILED)[39m (0 secs / 2.554 secs)
[1A[2KChrome Headless 144.0.0.0 (Windows 10): Executed 726 of 1649[31m (2 FAILED)[39m (0 secs / 2.554 secs)
[1A[2KChrome Headless 144.0.0.0 (Windows 10): Executed 727 of 1649[31m (2 FAILED)[39m (0 secs / 2.569 secs)
[1A[2KChrome Headless 144.0.0.0 (Windows 10): Executed 728 of 1649[31m (2 FAILED)[39m (0 secs / 2.578 secs)
[1A[2KChrome Headless 144.0.0.0 (Windows 10): Executed 729 of 1649[31m (2 FAILED)[39m (0 secs / 2.589 secs)
[1A[2KChrome Headless 144.0.0.0 (Windows 10): Executed 730 of 1649[31m (2 FAILED)[39m (0 secs / 2.598 secs)
[1A[2KChrome Headless 144.0.0.0 (Windows 10): Executed 731 of 1649[31m (2 FAILED)[39m (0 secs / 2.608 secs)
[1A[2KChrome Headless 144.0.0.0 (Windows 10): Executed 732 of 1649[31m (2 FAILED)[39m (0 secs / 2.617 secs)
[1A[2KChrome Headless 144.0.0.0 (Windows 10): Executed 733 of 1649[31m (2 FAILED)[39m (0 secs / 2.618 secs)
[1A[2KChrome Headless 144.0.0.0 (Windows 10): Executed 734 of 1649[31m (2 FAILED)[39m (0 secs / 2.619 secs)
[1A[2KChrome Headless 144.0.0.0 (Windows 10): Executed 735 of 1649[31m (2 FAILED)[39m (0 secs / 2.619 secs)
[1A[2KChrome Headless 144.0.0.0 (Windows 10): Executed 736 of 1649[31m (2 FAILED)[39m (0 secs / 2.619 secs)
[1A[2KChrome Headless 144.0.0.0 (Windows 10): Executed 737 of 1649[31m (2 FAILED)[39m (0 secs / 2.619 secs)
[1A[2KChrome Headless 144.0.0.0 (Windows 10): Executed 738 of 1649[31m (2 FAILED)[39m (0 secs / 2.619 secs)
[1A[2KChrome Headless 144.0.0.0 (Windows 10): Executed 739 of 1649[31m (2 FAILED)[39m (0 secs / 2.62 secs)
[1A[2KChrome Headless 144.0.0.0 (Windows 10): Executed 740 of 1649[31m (2 FAILED)[39m (0 secs / 2.62 secs)
[1A[2KChrome Headless 144.0.0.0 (Windows 10): Executed 741 of 1649[31m (2 FAILED)[39m (0 secs / 2.62 secs)
[1A[2KChrome Headless 144.0.0.0 (Windows 10): Executed 742 of 1649[31m (2 FAILED)[39m (0 secs / 2.62 secs)
[1A[2KChrome Headless 144.0.0.0 (Windows 10): Executed 743 of 1649[31m (2 FAILED)[39m (0 secs / 2.62 secs)
[1A[2KChrome Headless 144.0.0.0 (Windows 10): Executed 744 of 1649[31m (2 FAILED)[39m (0 secs / 2.62 secs)
[1A[2KChrome Headless 144.0.0.0 (Windows 10): Executed 745 of 1649[31m (2 FAILED)[39m (0 secs / 2.62 secs)
[1A[2KChrome Headless 144.0.0.0 (Windows 10): Executed 746 of 1649[31m (2 FAILED)[39m (0 secs / 2.62 secs)
[1A[2KChrome Headless 144.0.0.0 (Windows 10): Executed 747 of 1649[31m (2 FAILED)[39m (0 secs / 2.62 secs)
[1A[2KChrome Headless 144.0.0.0 (Windows 10): Executed 748 of 1649[31m (2 FAILED)[39m (0 secs / 2.62 secs)
[1A[2KChrome Headless 144.0.0.0 (Windows 10): Executed 749 of 1649[31m (2 FAILED)[39m (0 secs / 2.62 secs)
[1A[2KChrome Headless 144.0.0.0 (Windows 10): Executed 750 of 1649[31m (2 FAILED)[39m (0 secs / 2.62 secs)
[1A[2KChrome Headless 144.0.0.0 (Windows 10): Executed 751 of 1649[31m (2 FAILED)[39m (0 secs / 2.621 secs)
[1A[2KChrome Headless 144.0.0.0 (Windows 10): Executed 752 of 1649[31m (2 FAILED)[39m (0 secs / 2.621 secs)
[1A[2KChrome Headless 144.0.0.0 (Windows 10): Executed 753 of 1649[31m (2 FAILED)[39m (0 secs / 2.621 secs)
[1A[2KChrome Headless 144.0.0.0 (Windows 10): Executed 754 of 1649[31m (2 FAILED)[39m (0 secs / 2.632 secs)
[1A[2KChrome Headless 144.0.0.0 (Windows 10): Executed 755 of 1649[31m (2 FAILED)[39m (0 secs / 2.634 secs)
[1A[2KChrome Headless 144.0.0.0 (Windows 10): Executed 756 of 1649[31m (2 FAILED)[39m (0 secs / 2.636 secs)
[1A[2KChrome Headless 144.0.0.0 (Windows 10): Executed 757 of 1649[31m (2 FAILED)[39m (0 secs / 2.637 secs)
[1A[2KChrome Headless 144.0.0.0 (Windows 10): Executed 758 of 1649[31m (2 FAILED)[39m (0 secs / 2.638 secs)
[1A[2KChrome Headless 144.0.0.0 (Windows 10): Executed 759 of 1649[31m (2 FAILED)[39m (0 secs / 2.64 secs)
[1A[2KChrome Headless 144.0.0.0 (Windows 10): Executed 760 of 1649[31m (2 FAILED)[39m (0 secs / 2.641 secs)
[1A[2KChrome Headless 144.0.0.0 (Windows 10): Executed 761 of 1649[31m (2 FAILED)[39m (0 secs / 2.642 secs)
[1A[2KChrome Headless 144.0.0.0 (Windows 10): Executed 762 of 1649[31m (2 FAILED)[39m (0 secs / 2.644 secs)
[1A[2KChrome Headless 144.0.0.0 (Windows 10): Executed 763 of 1649[31m (2 FAILED)[39m (0 secs / 2.645 secs)
[1A[2KChrome Headless 144.0.0.0 (Windows 10): Executed 764 of 1649[31m (2 FAILED)[39m (0 secs / 2.646 secs)
[1A[2KChrome Headless 144.0.0.0 (Windows 10): Executed 765 of 1649[31m (2 FAILED)[39m (0 secs / 2.648 secs)
[1A[2KChrome Headless 144.0.0.0 (Windows 10): Executed 766 of 1649[31m (2 FAILED)[39m (0 secs / 2.649 secs)
[1A[2KChrome Headless 144.0.0.0 (Windows 10): Executed 767 of 1649[31m (2 FAILED)[39m (0 secs / 2.651 secs)
[1A[2KChrome Headless 144.0.0.0 (Windows 10): Executed 768 of 1649[31m (2 FAILED)[39m (0 secs / 2.652 secs)
[1A[2KChrome Headless 144.0.0.0 (Windows 10): Executed 769 of 1649[31m (2 FAILED)[39m (0 secs / 2.654 secs)
[1A[2KChrome Headless 144.0.0.0 (Windows 10): Executed 770 of 1649[31m (2 FAILED)[39m (0 secs / 2.655 secs)
[1A[2KChrome Headless 144.0.0.0 (Windows 10): Executed 771 of 1649[31m (2 FAILED)[39m (0 secs / 2.656 secs)
[1A[2KChrome Headless 144.0.0.0 (Windows 10): Executed 772 of 1649[31m (2 FAILED)[39m (0 secs / 2.657 secs)
[1A[2KChrome Headless 144.0.0.0 (Windows 10): Executed 773 of 1649[31m (2 FAILED)[39m (0 secs / 2.658 secs)
[1A[2KChrome Headless 144.0.0.0 (Windows 10): Executed 774 of 1649[31m (2 FAILED)[39m (0 secs / 2.659 secs)
[1A[2KChrome Headless 144.0.0.0 (Windows 10): Executed 775 of 1649[31m (2 FAILED)[39m (0 secs / 2.66 secs)
[1A[2KChrome Headless 144.0.0.0 (Windows 10): Executed 776 of 1649[31m (2 FAILED)[39m (0 secs / 2.661 secs)
[1A[2KChrome Headless 144.0.0.0 (Windows 10): Executed 777 of 1649[31m (2 FAILED)[39m (0 secs / 2.662 secs)
[1A[2KChrome Headless 144.0.0.0 (Windows 10): Executed 778 of 1649[31m (2 FAILED)[39m (0 secs / 2.663 secs)
[1A[2KChrome Headless 144.0.0.0 (Windows 10): Executed 779 of 1649[31m (2 FAILED)[39m (0 secs / 2.665 secs)
[1A[2KChrome Headless 144.0.0.0 (Windows 10): Executed 780 of 1649[31m (2 FAILED)[39m (0 secs / 2.666 secs)
[1A[2KChrome Headless 144.0.0.0 (Windows 10): Executed 781 of 1649[31m (2 FAILED)[39m (0 secs / 2.667 secs)
[1A[2KChrome Headless 144.0.0.0 (Windows 10): Executed 782 of 1649[31m (2 FAILED)[39m (0 secs / 2.668 secs)
[1A[2KChrome Headless 144.0.0.0 (Windows 10): Executed 783 of 1649[31m (2 FAILED)[39m (0 secs / 2.669 secs)
[1A[2KChrome Headless 144.0.0.0 (Windows 10): Executed 784 of 1649[31m (2 FAILED)[39m (0 secs / 2.67 secs)
[1A[2KChrome Headless 144.0.0.0 (Windows 10): Executed 785 of 1649[31m (2 FAILED)[39m (0 secs / 2.671 secs)
[1A[2KChrome Headless 144.0.0.0 (Windows 10): Executed 786 of 1649[31m (2 FAILED)[39m (0 secs / 2.672 secs)
[1A[2KChrome Headless 144.0.0.0 (Windows 10): Executed 787 of 1649[31m (2 FAILED)[39m (0 secs / 2.673 secs)
[1A[2KChrome Headless 144.0.0.0 (Windows 10): Executed 788 of 1649[31m (2 FAILED)[39m (0 secs / 2.674 secs)
[1A[2KChrome Headless 144.0.0.0 (Windows 10): Executed 789 of 1649[31m (2 FAILED)[39m (0 secs / 2.674 secs)
[1A[2KChrome Headless 144.0.0.0 (Windows 10): Executed 790 of 1649[31m (2 FAILED)[39m (0 secs / 2.675 secs)
[1A[2KChrome Headless 144.0.0.0 (Windows 10): Executed 791 of 1649[31m (2 FAILED)[39m (0 secs / 2.677 secs)
[1A[2KChrome Headless 144.0.0.0 (Windows 10): Executed 792 of 1649[31m (2 FAILED)[39m (0 secs / 2.677 secs)
[1A[2KChrome Headless 144.0.0.0 (Windows 10): Executed 793 of 1649[31m (2 FAILED)[39m (0 secs / 2.678 secs)
[1A[2KChrome Headless 144.0.0.0 (Windows 10): Executed 794 of 1649[31m (2 FAILED)[39m (0 secs / 2.678 secs)
[1A[2KChrome Headless 144.0.0.0 (Windows 10): Executed 795 of 1649[31m (2 FAILED)[39m (0 secs / 2.678 secs)
[1A[2KChrome Headless 144.0.0.0 (Windows 10): Executed 796 of 1649[31m (2 FAILED)[39m (0 secs / 2.679 secs)
[1A[2KChrome Headless 144.0.0.0 (Windows 10): Executed 797 of 1649[31m (2 FAILED)[39m (0 secs / 2.679 secs)
[1A[2KChrome Headless 144.0.0.0 (Windows 10): Executed 798 of 1649[31m (2 FAILED)[39m (0 secs / 2.679 secs)
[1A[2KChrome Headless 144.0.0.0 (Windows 10): Executed 799 of 1649[31m (2 FAILED)[39m (0 secs / 2.68 secs)
[1A[2KChrome Headless 144.0.0.0 (Windows 10): Executed 800 of 1649[31m (2 FAILED)[39m (0 secs / 2.681 secs)
[1A[2KChrome Headless 144.0.0.0 (Windows 10): Executed 801 of 1649[31m (2 FAILED)[39m (0 secs / 2.681 secs)
[1A[2KChrome Headless 144.0.0.0 (Windows 10): Executed 802 of 1649[31m (2 FAILED)[39m (0 secs / 2.682 secs)
[1A[2KChrome Headless 144.0.0.0 (Windows 10): Executed 803 of 1649[31m (2 FAILED)[39m (0 secs / 2.682 secs)
[1A[2KChrome Headless 144.0.0.0 (Windows 10): Executed 804 of 1649[31m (2 FAILED)[39m (0 secs / 2.682 secs)
[1A[2KChrome Headless 144.0.0.0 (Windows 10): Executed 805 of 1649[31m (2 FAILED)[39m (0 secs / 2.683 secs)
[1A[2KChrome Headless 144.0.0.0 (Windows 10): Executed 806 of 1649[31m (2 FAILED)[39m (0 secs / 2.683 secs)
[1A[2KChrome Headless 144.0.0.0 (Windows 10): Executed 807 of 1649[31m (2 FAILED)[39m (0 secs / 2.684 secs)
[1A[2KChrome Headless 144.0.0.0 (Windows 10): Executed 808 of 1649[31m (2 FAILED)[39m (0 secs / 2.684 secs)
[1A[2KChrome Headless 144.0.0.0 (Windows 10): Executed 809 of 1649[31m (2 FAILED)[39m (0 secs / 2.684 secs)
[1A[2KChrome Headless 144.0.0.0 (Windows 10): Executed 810 of 1649[31m (2 FAILED)[39m (0 secs / 2.685 secs)
[1A[2KWARN: [36m'[WebSocket] Not connected, cannot subscribe to game trades'[39m
Chrome Headless 144.0.0.0 (Windows 10): Executed 810 of 1649[31m (2 FAILED)[39m (0 secs / 2.685 secs)
WARN: '[WebSocket] Not connected, cannot subscribe to game trades'
[1A[2KChrome Headless 144.0.0.0 (Windows 10): Executed 811 of 1649[31m (2 FAILED)[39m (0 secs / 2.685 secs)
[1A[2KChrome Headless 144.0.0.0 (Windows 10): Executed 812 of 1649[31m (2 FAILED)[39m (0 secs / 2.686 secs)
[1A[2KChrome Headless 144.0.0.0 (Windows 10): Executed 813 of 1649[31m (2 FAILED)[39m (0 secs / 2.686 secs)
[1A[2KChrome Headless 144.0.0.0 (Windows 10): Executed 814 of 1649[31m (2 FAILED)[39m (0 secs / 2.687 secs)
[1A[2KChrome Headless 144.0.0.0 (Windows 10): Executed 815 of 1649[31m (2 FAILED)[39m (0 secs / 2.687 secs)
[1A[2KChrome Headless 144.0.0.0 (Windows 10): Executed 816 of 1649[31m (2 FAILED)[39m (0 secs / 2.688 secs)
[1A[2KChrome Headless 144.0.0.0 (Windows 10): Executed 817 of 1649[31m (2 FAILED)[39m (0 secs / 2.688 secs)
[1A[2KChrome Headless 144.0.0.0 (Windows 10): Executed 818 of 1649[31m (2 FAILED)[39m (0 secs / 2.688 secs)
[1A[2KChrome Headless 144.0.0.0 (Windows 10): Executed 819 of 1649[31m (2 FAILED)[39m (0 secs / 2.689 secs)
[1A[2KChrome Headless 144.0.0.0 (Windows 10): Executed 820 of 1649[31m (2 FAILED)[39m (0 secs / 2.689 secs)
[1A[2KChrome Headless 144.0.0.0 (Windows 10): Executed 821 of 1649[31m (2 FAILED)[39m (0 secs / 2.69 secs)
[1A[2KChrome Headless 144.0.0.0 (Windows 10): Executed 822 of 1649[31m (2 FAILED)[39m (0 secs / 2.691 secs)
[1A[2KChrome Headless 144.0.0.0 (Windows 10): Executed 823 of 1649[31m (2 FAILED)[39m (0 secs / 2.691 secs)
[1A[2KChrome Headless 144.0.0.0 (Windows 10): Executed 824 of 1649[31m (2 FAILED)[39m (0 secs / 2.691 secs)
[1A[2KChrome Headless 144.0.0.0 (Windows 10): Executed 825 of 1649[31m (2 FAILED)[39m (0 secs / 2.692 secs)
[1A[2KChrome Headless 144.0.0.0 (Windows 10): Executed 826 of 1649[31m (2 FAILED)[39m (0 secs / 2.692 secs)
[1A[2KWARN: [36m'Erreur lors du chargement des équipes:', Object{status: 0, message: 'Network Error'}[39m
Chrome Headless 144.0.0.0 (Windows 10): Executed 826 of 1649[31m (2 FAILED)[39m (0 secs / 2.692 secs)
WARN: 'Erreur lors du chargement des équipes:', Object{status: 0, message: 'Network Error'}
[1A[2KChrome Headless 144.0.0.0 (Windows 10): Executed 827 of 1649[31m (2 FAILED)[39m (0 secs / 2.693 secs)
[1A[2KChrome Headless 144.0.0.0 (Windows 10): Executed 828 of 1649[31m (2 FAILED)[39m (0 secs / 2.693 secs)
[1A[2KChrome Headless 144.0.0.0 (Windows 10): Executed 829 of 1649[31m (2 FAILED)[39m (0 secs / 2.693 secs)
[1A[2KChrome Headless 144.0.0.0 (Windows 10): Executed 830 of 1649[31m (2 FAILED)[39m (0 secs / 2.694 secs)
[1A[2KChrome Headless 144.0.0.0 (Windows 10): Executed 831 of 1649[31m (2 FAILED)[39m (0 secs / 2.694 secs)
[1A[2KWARN: [36m'Erreur lors du chargement des équipes:', Error: API Error
Error: API Error
    at http://localhost:9876/base/src/app/features/teams/services/team-detail-data.service.spec.ts:152:26
    at _Observable.init [as _subscribe] (http://localhost:9876/base/node_modules/rxjs/dist/esm/internal/observable/throwError.js:5:51)
    at _Observable._trySubscribe (http://localhost:9876/base/node_modules/rxjs/dist/esm/internal/Observable.js:37:25)
    at http://localhost:9876/base/node_modules/rxjs/dist/esm/internal/Observable.js:31:30
    at errorContext (http://localhost:9876/base/node_modules/rxjs/dist/esm/internal/util/errorContext.js:19:9)
    at _Observable.subscribe (http://localhost:9876/base/node_modules/rxjs/dist/esm/internal/Observable.js:22:9)
    at http://localhost:9876/base/node_modules/rxjs/dist/esm/internal/operators/map.js:6:16
    at OperatorSubscriber.<anonymous> (http://localhost:9876/base/node_modules/rxjs/dist/esm/internal/util/lift.js:10:28)
    at http://localhost:9876/base/node_modules/rxjs/dist/esm/internal/Observable.js:26:30
    at errorContext (http://localhost:9876/base/node_modules/rxjs/dist/esm/internal/util/errorContext.js:19:9)[39m
Chrome Headless 144.0.0.0 (Windows 10): Executed 831 of 1649[31m (2 FAILED)[39m (0 secs / 2.694 secs)
WARN: 'Erreur lors du chargement des équipes:', Error: API Error
Error: API Error
    at http://localhost:9876/base/src/app/features/teams/services/team-detail-data.service.spec.ts:152:26
    at _Observable.init [as _subscribe] (http://localhost:9876/base/node_modules/rxjs/dist/esm/internal/observable/throwError.js:5:51)
    at _Observable._trySubscribe (http://localhost:9876/base/node_modules/rxjs/dist/esm/internal/Observable.js:37:25)
    at http://localhost:9876/base/node_modules/rxjs/dist/esm/internal/Observable.js:31:30
    at errorContext (http://localhost:9876/base/node_modules/rxjs/dist/esm/internal/util/errorContext.js:19:9)
    at _Observable.subscribe (http://localhost:9876/base/node_modules/rxjs/dist/esm/internal/Observable.js:22:9)
    at http://localhost:9876/base/node_modules/rxjs/dist/esm/internal/operators/map.js:6:16
    at OperatorSubscriber.<anonymous> (http://localhost:9876/base/node_modules/rxjs/dist/esm/internal/util/lift.js:10:28)
    at http://localhost:9876/base/node_modules/rxjs/dist/esm/internal/Observable.js:26:30
    at errorContext (http://localhost:9876/base/node_modules/rxjs/dist/esm/internal/util/errorContext.js:19:9)
[1A[2KChrome Headless 144.0.0.0 (Windows 10): Executed 832 of 1649[31m (2 FAILED)[39m (0 secs / 2.695 secs)
[1A[2KChrome Headless 144.0.0.0 (Windows 10): Executed 833 of 1649[31m (2 FAILED)[39m (0 secs / 2.695 secs)
[1A[2KChrome Headless 144.0.0.0 (Windows 10): Executed 834 of 1649[31m (2 FAILED)[39m (0 secs / 2.695 secs)
[1A[2KChrome Headless 144.0.0.0 (Windows 10): Executed 835 of 1649[31m (2 FAILED)[39m (0 secs / 2.695 secs)
[1A[2KChrome Headless 144.0.0.0 (Windows 10): Executed 836 of 1649[31m (2 FAILED)[39m (0 secs / 2.695 secs)
[1A[2KChrome Headless 144.0.0.0 (Windows 10): Executed 837 of 1649[31m (2 FAILED)[39m (0 secs / 2.695 secs)
[1A[2KChrome Headless 144.0.0.0 (Windows 10): Executed 838 of 1649[31m (2 FAILED)[39m (0 secs / 2.696 secs)
[1A[2KWARN: [36m'Erreur lors du chargement des équipes:', Error: API Error
Error: API Error
    at http://localhost:9876/base/src/app/features/teams/services/team-detail-data.service.spec.ts:113:26
    at _Observable.init [as _subscribe] (http://localhost:9876/base/node_modules/rxjs/dist/esm/internal/observable/throwError.js:5:51)
    at _Observable._trySubscribe (http://localhost:9876/base/node_modules/rxjs/dist/esm/internal/Observable.js:37:25)
    at http://localhost:9876/base/node_modules/rxjs/dist/esm/internal/Observable.js:31:30
    at errorContext (http://localhost:9876/base/node_modules/rxjs/dist/esm/internal/util/errorContext.js:19:9)
    at _Observable.subscribe (http://localhost:9876/base/node_modules/rxjs/dist/esm/internal/Observable.js:22:9)
    at http://localhost:9876/base/node_modules/rxjs/dist/esm/internal/operators/map.js:6:16
    at OperatorSubscriber.<anonymous> (http://localhost:9876/base/node_modules/rxjs/dist/esm/internal/util/lift.js:10:28)
    at http://localhost:9876/base/node_modules/rxjs/dist/esm/internal/Observable.js:26:30
    at errorContext (http://localhost:9876/base/node_modules/rxjs/dist/esm/internal/util/errorContext.js:19:9)[39m
Chrome Headless 144.0.0.0 (Windows 10): Executed 838 of 1649[31m (2 FAILED)[39m (0 secs / 2.696 secs)
WARN: 'Erreur lors du chargement des équipes:', Error: API Error
Error: API Error
    at http://localhost:9876/base/src/app/features/teams/services/team-detail-data.service.spec.ts:113:26
    at _Observable.init [as _subscribe] (http://localhost:9876/base/node_modules/rxjs/dist/esm/internal/observable/throwError.js:5:51)
    at _Observable._trySubscribe (http://localhost:9876/base/node_modules/rxjs/dist/esm/internal/Observable.js:37:25)
    at http://localhost:9876/base/node_modules/rxjs/dist/esm/internal/Observable.js:31:30
    at errorContext (http://localhost:9876/base/node_modules/rxjs/dist/esm/internal/util/errorContext.js:19:9)
    at _Observable.subscribe (http://localhost:9876/base/node_modules/rxjs/dist/esm/internal/Observable.js:22:9)
    at http://localhost:9876/base/node_modules/rxjs/dist/esm/internal/operators/map.js:6:16
    at OperatorSubscriber.<anonymous> (http://localhost:9876/base/node_modules/rxjs/dist/esm/internal/util/lift.js:10:28)
    at http://localhost:9876/base/node_modules/rxjs/dist/esm/internal/Observable.js:26:30
    at errorContext (http://localhost:9876/base/node_modules/rxjs/dist/esm/internal/util/errorContext.js:19:9)
[1A[2KChrome Headless 144.0.0.0 (Windows 10): Executed 839 of 1649[31m (2 FAILED)[39m (0 secs / 2.697 secs)
[1A[2KChrome Headless 144.0.0.0 (Windows 10): Executed 840 of 1649[31m (2 FAILED)[39m (0 secs / 2.697 secs)
[1A[2KChrome Headless 144.0.0.0 (Windows 10): Executed 841 of 1649[31m (2 FAILED)[39m (0 secs / 2.697 secs)
[1A[2KChrome Headless 144.0.0.0 (Windows 10): Executed 842 of 1649[31m (2 FAILED)[39m (0 secs / 2.697 secs)
[1A[2KChrome Headless 144.0.0.0 (Windows 10): Executed 843 of 1649[31m (2 FAILED)[39m (0 secs / 2.698 secs)
[1A[2KChrome Headless 144.0.0.0 (Windows 10): Executed 844 of 1649[31m (2 FAILED)[39m (0 secs / 2.698 secs)
[1A[2KChrome Headless 144.0.0.0 (Windows 10): Executed 845 of 1649[31m (2 FAILED)[39m (0 secs / 2.699 secs)
[1A[2KChrome Headless 144.0.0.0 (Windows 10): Executed 846 of 1649[31m (2 FAILED)[39m (0 secs / 2.699 secs)
[1A[2KChrome Headless 144.0.0.0 (Windows 10): Executed 847 of 1649[31m (2 FAILED)[39m (0 secs / 2.7 secs)
[1A[2KChrome Headless 144.0.0.0 (Windows 10): Executed 848 of 1649[31m (2 FAILED)[39m (0 secs / 2.7 secs)
[1A[2KChrome Headless 144.0.0.0 (Windows 10): Executed 849 of 1649[31m (2 FAILED)[39m (0 secs / 2.701 secs)
[1A[2KChrome Headless 144.0.0.0 (Windows 10): Executed 850 of 1649[31m (2 FAILED)[39m (0 secs / 2.701 secs)
[1A[2KChrome Headless 144.0.0.0 (Windows 10): Executed 851 of 1649[31m (2 FAILED)[39m (0 secs / 2.701 secs)
[1A[2KChrome Headless 144.0.0.0 (Windows 10): Executed 852 of 1649[31m (2 FAILED)[39m (0 secs / 2.701 secs)
[1A[2KChrome Headless 144.0.0.0 (Windows 10): Executed 853 of 1649[31m (2 FAILED)[39m (0 secs / 2.701 secs)
[1A[2KChrome Headless 144.0.0.0 (Windows 10): Executed 854 of 1649[31m (2 FAILED)[39m (0 secs / 2.702 secs)
[1A[2KChrome Headless 144.0.0.0 (Windows 10): Executed 855 of 1649[31m (2 FAILED)[39m (0 secs / 2.702 secs)
[1A[2KChrome Headless 144.0.0.0 (Windows 10): Executed 856 of 1649[31m (2 FAILED)[39m (0 secs / 2.703 secs)
[1A[2KChrome Headless 144.0.0.0 (Windows 10): Executed 857 of 1649[31m (2 FAILED)[39m (0 secs / 2.703 secs)
[1A[2KChrome Headless 144.0.0.0 (Windows 10): Executed 858 of 1649[31m (2 FAILED)[39m (0 secs / 2.703 secs)
[1A[2KChrome Headless 144.0.0.0 (Windows 10): Executed 859 of 1649[31m (2 FAILED)[39m (0 secs / 2.703 secs)
[1A[2KChrome Headless 144.0.0.0 (Windows 10): Executed 860 of 1649[31m (2 FAILED)[39m (0 secs / 2.703 secs)
[1A[2KChrome Headless 144.0.0.0 (Windows 10): Executed 861 of 1649[31m (2 FAILED)[39m (0 secs / 2.704 secs)
[1A[2KChrome Headless 144.0.0.0 (Windows 10): Executed 862 of 1649[31m (2 FAILED)[39m (0 secs / 2.704 secs)
[1A[2KChrome Headless 144.0.0.0 (Windows 10): Executed 863 of 1649[31m (2 FAILED)[39m (0 secs / 2.704 secs)
[1A[2KChrome Headless 144.0.0.0 (Windows 10): Executed 864 of 1649[31m (2 FAILED)[39m (0 secs / 2.704 secs)
[1A[2KChrome Headless 144.0.0.0 (Windows 10): Executed 865 of 1649[31m (2 FAILED)[39m (0 secs / 2.704 secs)
[1A[2KChrome Headless 144.0.0.0 (Windows 10): Executed 866 of 1649[31m (2 FAILED)[39m (0 secs / 2.705 secs)
[1A[2KChrome Headless 144.0.0.0 (Windows 10): Executed 867 of 1649[31m (2 FAILED)[39m (0 secs / 2.705 secs)
[1A[2KChrome Headless 144.0.0.0 (Windows 10): Executed 868 of 1649[31m (2 FAILED)[39m (0 secs / 2.706 secs)
[1A[2KChrome Headless 144.0.0.0 (Windows 10): Executed 869 of 1649[31m (2 FAILED)[39m (0 secs / 2.706 secs)
[1A[2KChrome Headless 144.0.0.0 (Windows 10): Executed 870 of 1649[31m (2 FAILED)[39m (0 secs / 2.706 secs)
[1A[2KChrome Headless 144.0.0.0 (Windows 10): Executed 871 of 1649[31m (2 FAILED)[39m (0 secs / 2.706 secs)
[1A[2KChrome Headless 144.0.0.0 (Windows 10): Executed 872 of 1649[31m (2 FAILED)[39m (0 secs / 2.706 secs)
[1A[2KChrome Headless 144.0.0.0 (Windows 10): Executed 873 of 1649[31m (2 FAILED)[39m (0 secs / 2.706 secs)
[1A[2KChrome Headless 144.0.0.0 (Windows 10): Executed 874 of 1649[31m (2 FAILED)[39m (0 secs / 2.709 secs)
[1A[2KChrome Headless 144.0.0.0 (Windows 10): Executed 875 of 1649[31m (2 FAILED)[39m (0 secs / 2.709 secs)
[1A[2KChrome Headless 144.0.0.0 (Windows 10): Executed 876 of 1649[31m (2 FAILED)[39m (0 secs / 2.709 secs)
[1A[2KChrome Headless 144.0.0.0 (Windows 10): Executed 877 of 1649[31m (2 FAILED)[39m (0 secs / 2.709 secs)
[1A[2KChrome Headless 144.0.0.0 (Windows 10): Executed 878 of 1649[31m (2 FAILED)[39m (0 secs / 2.709 secs)
[1A[2KChrome Headless 144.0.0.0 (Windows 10): Executed 879 of 1649[31m (2 FAILED)[39m (0 secs / 2.709 secs)
[1A[2KChrome Headless 144.0.0.0 (Windows 10): Executed 880 of 1649[31m (2 FAILED)[39m (0 secs / 2.71 secs)
[1A[2KChrome Headless 144.0.0.0 (Windows 10): Executed 881 of 1649[31m (2 FAILED)[39m (0 secs / 2.71 secs)
[1A[2KChrome Headless 144.0.0.0 (Windows 10): Executed 882 of 1649[31m (2 FAILED)[39m (0 secs / 2.711 secs)
[1A[2KChrome Headless 144.0.0.0 (Windows 10): Executed 883 of 1649[31m (2 FAILED)[39m (0 secs / 2.711 secs)
[1A[2KChrome Headless 144.0.0.0 (Windows 10): Executed 884 of 1649[31m (2 FAILED)[39m (0 secs / 2.712 secs)
[1A[2KChrome Headless 144.0.0.0 (Windows 10): Executed 885 of 1649[31m (2 FAILED)[39m (0 secs / 2.712 secs)
[1A[2KChrome Headless 144.0.0.0 (Windows 10): Executed 886 of 1649[31m (2 FAILED)[39m (0 secs / 2.712 secs)
[1A[2KChrome Headless 144.0.0.0 (Windows 10): Executed 887 of 1649[31m (2 FAILED)[39m (0 secs / 2.712 secs)
[1A[2KChrome Headless 144.0.0.0 (Windows 10): Executed 888 of 1649[31m (2 FAILED)[39m (0 secs / 2.712 secs)
[1A[2KChrome Headless 144.0.0.0 (Windows 10): Executed 889 of 1649[31m (2 FAILED)[39m (0 secs / 2.713 secs)
[1A[2KChrome Headless 144.0.0.0 (Windows 10): Executed 890 of 1649[31m (2 FAILED)[39m (0 secs / 2.713 secs)
[1A[2KChrome Headless 144.0.0.0 (Windows 10): Executed 891 of 1649[31m (2 FAILED)[39m (0 secs / 2.713 secs)
[1A[2KChrome Headless 144.0.0.0 (Windows 10): Executed 892 of 1649[31m (2 FAILED)[39m (0 secs / 2.713 secs)
[1A[2KChrome Headless 144.0.0.0 (Windows 10): Executed 893 of 1649[31m (2 FAILED)[39m (0 secs / 2.713 secs)
[1A[2KChrome Headless 144.0.0.0 (Windows 10): Executed 894 of 1649[31m (2 FAILED)[39m (0 secs / 2.714 secs)
[1A[2KChrome Headless 144.0.0.0 (Windows 10): Executed 895 of 1649[31m (2 FAILED)[39m (0 secs / 2.714 secs)
[1A[2KChrome Headless 144.0.0.0 (Windows 10): Executed 896 of 1649[31m (2 FAILED)[39m (0 secs / 2.715 secs)
[1A[2KChrome Headless 144.0.0.0 (Windows 10): Executed 897 of 1649[31m (2 FAILED)[39m (0 secs / 2.715 secs)
[1A[2KChrome Headless 144.0.0.0 (Windows 10): Executed 898 of 1649[31m (2 FAILED)[39m (0 secs / 2.715 secs)
[1A[2KChrome Headless 144.0.0.0 (Windows 10): Executed 899 of 1649[31m (2 FAILED)[39m (0 secs / 2.716 secs)
[1A[2KChrome Headless 144.0.0.0 (Windows 10): Executed 900 of 1649[31m (2 FAILED)[39m (0 secs / 2.716 secs)
[1A[2KChrome Headless 144.0.0.0 (Windows 10): Executed 901 of 1649[31m (2 FAILED)[39m (0 secs / 2.716 secs)
[1A[2KChrome Headless 144.0.0.0 (Windows 10): Executed 902 of 1649[31m (2 FAILED)[39m (0 secs / 2.716 secs)
[1A[2KChrome Headless 144.0.0.0 (Windows 10): Executed 903 of 1649[31m (2 FAILED)[39m (0 secs / 2.716 secs)
[1A[2KChrome Headless 144.0.0.0 (Windows 10): Executed 904 of 1649[31m (2 FAILED)[39m (0 secs / 2.716 secs)
[1A[2KChrome Headless 144.0.0.0 (Windows 10): Executed 905 of 1649[31m (2 FAILED)[39m (0 secs / 2.716 secs)
[1A[2KChrome Headless 144.0.0.0 (Windows 10): Executed 906 of 1649[31m (2 FAILED)[39m (0 secs / 2.716 secs)
[1A[2KChrome Headless 144.0.0.0 (Windows 10): Executed 907 of 1649[31m (2 FAILED)[39m (0 secs / 2.716 secs)
[1A[2KChrome Headless 144.0.0.0 (Windows 10): Executed 908 of 1649[31m (2 FAILED)[39m (0 secs / 2.716 secs)
[1A[2KChrome Headless 144.0.0.0 (Windows 10): Executed 909 of 1649[31m (2 FAILED)[39m (0 secs / 2.727 secs)
[1A[2KChrome Headless 144.0.0.0 (Windows 10): Executed 910 of 1649[31m (2 FAILED)[39m (0 secs / 2.731 secs)
[1A[2KChrome Headless 144.0.0.0 (Windows 10): Executed 911 of 1649[31m (2 FAILED)[39m (0 secs / 2.733 secs)
[1A[2KChrome Headless 144.0.0.0 (Windows 10): Executed 912 of 1649[31m (2 FAILED)[39m (0 secs / 2.737 secs)
[1A[2KChrome Headless 144.0.0.0 (Windows 10): Executed 913 of 1649[31m (2 FAILED)[39m (0 secs / 2.739 secs)
[1A[2KChrome Headless 144.0.0.0 (Windows 10): Executed 914 of 1649[31m (2 FAILED)[39m (0 secs / 2.742 secs)
[1A[2KChrome Headless 144.0.0.0 (Windows 10): Executed 915 of 1649[31m (2 FAILED)[39m (0 secs / 2.744 secs)
[1A[2KChrome Headless 144.0.0.0 (Windows 10): Executed 916 of 1649[31m (2 FAILED)[39m (0 secs / 2.748 secs)
[1A[2KChrome Headless 144.0.0.0 (Windows 10): Executed 917 of 1649[31m (2 FAILED)[39m (0 secs / 2.752 secs)
[1A[2KChrome Headless 144.0.0.0 (Windows 10): Executed 918 of 1649[31m (2 FAILED)[39m (0 secs / 2.755 secs)
[1A[2KChrome Headless 144.0.0.0 (Windows 10): Executed 919 of 1649[31m (2 FAILED)[39m (0 secs / 2.76 secs)
[1A[2KChrome Headless 144.0.0.0 (Windows 10): Executed 920 of 1649[31m (2 FAILED)[39m (0 secs / 2.764 secs)
[1A[2KChrome Headless 144.0.0.0 (Windows 10): Executed 921 of 1649[31m (2 FAILED)[39m (0 secs / 2.766 secs)
[1A[2KChrome Headless 144.0.0.0 (Windows 10): Executed 922 of 1649[31m (2 FAILED)[39m (0 secs / 2.77 secs)
[1A[2KChrome Headless 144.0.0.0 (Windows 10): Executed 923 of 1649[31m (2 FAILED)[39m (0 secs / 2.773 secs)
[1A[2KChrome Headless 144.0.0.0 (Windows 10): Executed 924 of 1649[31m (2 FAILED)[39m (0 secs / 2.781 secs)
[1A[2KChrome Headless 144.0.0.0 (Windows 10): Executed 925 of 1649[31m (2 FAILED)[39m (0 secs / 2.784 secs)
[1A[2KChrome Headless 144.0.0.0 (Windows 10): Executed 926 of 1649[31m (2 FAILED)[39m (0 secs / 2.788 secs)
[1A[2KChrome Headless 144.0.0.0 (Windows 10): Executed 927 of 1649[31m (2 FAILED)[39m (0 secs / 2.793 secs)
[1A[2KChrome Headless 144.0.0.0 (Windows 10): Executed 928 of 1649[31m (2 FAILED)[39m (0 secs / 2.8 secs)
[1A[2KChrome Headless 144.0.0.0 (Windows 10): Executed 929 of 1649[31m (2 FAILED)[39m (0 secs / 2.808 secs)
[1A[2KChrome Headless 144.0.0.0 (Windows 10): Executed 930 of 1649[31m (2 FAILED)[39m (0 secs / 2.811 secs)
[1A[2KChrome Headless 144.0.0.0 (Windows 10): Executed 931 of 1649[31m (2 FAILED)[39m (0 secs / 2.814 secs)
[1A[2KChrome Headless 144.0.0.0 (Windows 10): Executed 932 of 1649[31m (2 FAILED)[39m (0 secs / 2.818 secs)
[1A[2KChrome Headless 144.0.0.0 (Windows 10): Executed 933 of 1649[31m (2 FAILED)[39m (0 secs / 2.826 secs)
[1A[2KChrome Headless 144.0.0.0 (Windows 10): Executed 934 of 1649[31m (2 FAILED)[39m (0 secs / 2.829 secs)
[1A[2KChrome Headless 144.0.0.0 (Windows 10): Executed 935 of 1649[31m (2 FAILED)[39m (0 secs / 2.832 secs)
[1A[2KChrome Headless 144.0.0.0 (Windows 10): Executed 936 of 1649[31m (2 FAILED)[39m (0 secs / 2.839 secs)
[1A[2KChrome Headless 144.0.0.0 (Windows 10): Executed 937 of 1649[31m (2 FAILED)[39m (0 secs / 2.842 secs)
[1A[2KChrome Headless 144.0.0.0 (Windows 10): Executed 938 of 1649[31m (2 FAILED)[39m (0 secs / 2.846 secs)
[1A[2KChrome Headless 144.0.0.0 (Windows 10): Executed 939 of 1649[31m (2 FAILED)[39m (0 secs / 2.846 secs)
[1A[2KChrome Headless 144.0.0.0 (Windows 10): Executed 940 of 1649[31m (2 FAILED)[39m (0 secs / 2.846 secs)
[1A[2KChrome Headless 144.0.0.0 (Windows 10): Executed 941 of 1649[31m (2 FAILED)[39m (0 secs / 2.847 secs)
[1A[2KWARN: [36m'NG0914: The application is using zoneless change detection, but is still loading Zone.js. Consider removing Zone.js to get the full benefits of zoneless. In applications using the Angular CLI, Zone.js is typically included in the "polyfills" section of the angular.json file.'[39m
Chrome Headless 144.0.0.0 (Windows 10): Executed 941 of 1649[31m (2 FAILED)[39m (0 secs / 2.847 secs)
WARN: 'NG0914: The application is using zoneless change detection, but is still loading Zone.js. Consider removing Zone.js to get the full benefits of zoneless. In applications using the Angular CLI, Zone.js is typically included in the "polyfills" section of the angular.json file.'
[1A[2KChrome Headless 144.0.0.0 (Windows 10): Executed 942 of 1649[31m (2 FAILED)[39m (0 secs / 2.848 secs)
[1A[2KWARN: [36m'NG0914: The application is using zoneless change detection, but is still loading Zone.js. Consider removing Zone.js to get the full benefits of zoneless. In applications using the Angular CLI, Zone.js is typically included in the "polyfills" section of the angular.json file.'[39m
Chrome Headless 144.0.0.0 (Windows 10): Executed 942 of 1649[31m (2 FAILED)[39m (0 secs / 2.848 secs)
WARN: 'NG0914: The application is using zoneless change detection, but is still loading Zone.js. Consider removing Zone.js to get the full benefits of zoneless. In applications using the Angular CLI, Zone.js is typically included in the "polyfills" section of the angular.json file.'
[1A[2KChrome Headless 144.0.0.0 (Windows 10): Executed 943 of 1649[31m (2 FAILED)[39m (0 secs / 2.849 secs)
[1A[2KChrome Headless 144.0.0.0 (Windows 10): Executed 944 of 1649[31m (2 FAILED)[39m (0 secs / 2.85 secs)
[1A[2KChrome Headless 144.0.0.0 (Windows 10): Executed 945 of 1649[31m (2 FAILED)[39m (0 secs / 2.851 secs)
[1A[2KChrome Headless 144.0.0.0 (Windows 10): Executed 946 of 1649[31m (2 FAILED)[39m (0 secs / 2.851 secs)
[1A[2KChrome Headless 144.0.0.0 (Windows 10): Executed 947 of 1649[31m (2 FAILED)[39m (0 secs / 2.852 secs)
[1A[2KChrome Headless 144.0.0.0 (Windows 10): Executed 948 of 1649[31m (2 FAILED)[39m (0 secs / 2.853 secs)
[1A[2KChrome Headless 144.0.0.0 (Windows 10): Executed 949 of 1649[31m (2 FAILED)[39m (0 secs / 2.854 secs)
[1A[2KChrome Headless 144.0.0.0 (Windows 10): Executed 950 of 1649[31m (2 FAILED)[39m (0 secs / 2.854 secs)
[1A[2KChrome Headless 144.0.0.0 (Windows 10): Executed 951 of 1649[31m (2 FAILED)[39m (0 secs / 2.855 secs)
[1A[2KChrome Headless 144.0.0.0 (Windows 10): Executed 952 of 1649[31m (2 FAILED)[39m (0 secs / 2.856 secs)
[1A[2KChrome Headless 144.0.0.0 (Windows 10): Executed 953 of 1649[31m (2 FAILED)[39m (0 secs / 2.856 secs)
[1A[2KChrome Headless 144.0.0.0 (Windows 10): Executed 954 of 1649[31m (2 FAILED)[39m (0 secs / 2.857 secs)
[1A[2KChrome Headless 144.0.0.0 (Windows 10): Executed 955 of 1649[31m (2 FAILED)[39m (0 secs / 2.857 secs)
[1A[2KChrome Headless 144.0.0.0 (Windows 10): Executed 956 of 1649[31m (2 FAILED)[39m (0 secs / 2.858 secs)
[1A[2KChrome Headless 144.0.0.0 (Windows 10): Executed 957 of 1649[31m (2 FAILED)[39m (0 secs / 2.859 secs)
[1A[2KChrome Headless 144.0.0.0 (Windows 10): Executed 958 of 1649[31m (2 FAILED)[39m (0 secs / 2.859 secs)
[1A[2KChrome Headless 144.0.0.0 (Windows 10): Executed 959 of 1649[31m (2 FAILED)[39m (0 secs / 2.86 secs)
[1A[2KChrome Headless 144.0.0.0 (Windows 10): Executed 960 of 1649[31m (2 FAILED)[39m (0 secs / 2.86 secs)
[1A[2KChrome Headless 144.0.0.0 (Windows 10): Executed 961 of 1649[31m (2 FAILED)[39m (0 secs / 2.861 secs)
[1A[2KChrome Headless 144.0.0.0 (Windows 10): Executed 962 of 1649[31m (2 FAILED)[39m (0 secs / 2.861 secs)
[1A[2KChrome Headless 144.0.0.0 (Windows 10): Executed 963 of 1649[31m (2 FAILED)[39m (0 secs / 2.862 secs)
[1A[2KChrome Headless 144.0.0.0 (Windows 10): Executed 964 of 1649[31m (2 FAILED)[39m (0 secs / 2.862 secs)
[1A[2KChrome Headless 144.0.0.0 (Windows 10): Executed 965 of 1649[31m (2 FAILED)[39m (0 secs / 2.863 secs)
[1A[2KChrome Headless 144.0.0.0 (Windows 10): Executed 966 of 1649[31m (2 FAILED)[39m (0 secs / 2.864 secs)
[1A[2KChrome Headless 144.0.0.0 (Windows 10): Executed 967 of 1649[31m (2 FAILED)[39m (0 secs / 2.864 secs)
[1A[2KChrome Headless 144.0.0.0 (Windows 10): Executed 968 of 1649[31m (2 FAILED)[39m (0 secs / 2.865 secs)
[1A[2KChrome Headless 144.0.0.0 (Windows 10): Executed 969 of 1649[31m (2 FAILED)[39m (0 secs / 2.865 secs)
[1A[2KChrome Headless 144.0.0.0 (Windows 10): Executed 970 of 1649[31m (2 FAILED)[39m (0 secs / 2.866 secs)
[1A[2KChrome Headless 144.0.0.0 (Windows 10): Executed 971 of 1649[31m (2 FAILED)[39m (0 secs / 2.866 secs)
[1A[2KChrome Headless 144.0.0.0 (Windows 10): Executed 972 of 1649[31m (2 FAILED)[39m (0 secs / 2.866 secs)
[1A[2KChrome Headless 144.0.0.0 (Windows 10): Executed 973 of 1649[31m (2 FAILED)[39m (0 secs / 2.866 secs)
[1A[2KChrome Headless 144.0.0.0 (Windows 10): Executed 974 of 1649[31m (2 FAILED)[39m (0 secs / 2.866 secs)
[1A[2KChrome Headless 144.0.0.0 (Windows 10): Executed 975 of 1649[31m (2 FAILED)[39m (0 secs / 2.867 secs)
[1A[2KChrome Headless 144.0.0.0 (Windows 10): Executed 976 of 1649[31m (2 FAILED)[39m (0 secs / 2.867 secs)
[1A[2KChrome Headless 144.0.0.0 (Windows 10): Executed 977 of 1649[31m (2 FAILED)[39m (0 secs / 2.867 secs)
[1A[2KChrome Headless 144.0.0.0 (Windows 10): Executed 978 of 1649[31m (2 FAILED)[39m (0 secs / 2.867 secs)
[1A[2KChrome Headless 144.0.0.0 (Windows 10): Executed 979 of 1649[31m (2 FAILED)[39m (0 secs / 2.867 secs)
[1A[2KChrome Headless 144.0.0.0 (Windows 10): Executed 980 of 1649[31m (2 FAILED)[39m (0 secs / 2.867 secs)
[1A[2KChrome Headless 144.0.0.0 (Windows 10): Executed 981 of 1649[31m (2 FAILED)[39m (0 secs / 2.868 secs)
[1A[2KChrome Headless 144.0.0.0 (Windows 10): Executed 982 of 1649[31m (2 FAILED)[39m (0 secs / 2.868 secs)
[1A[2KChrome Headless 144.0.0.0 (Windows 10): Executed 983 of 1649[31m (2 FAILED)[39m (0 secs / 2.868 secs)
[1A[2KChrome Headless 144.0.0.0 (Windows 10): Executed 984 of 1649[31m (2 FAILED)[39m (0 secs / 2.868 secs)
[1A[2KChrome Headless 144.0.0.0 (Windows 10): Executed 985 of 1649[31m (2 FAILED)[39m (0 secs / 2.868 secs)
[1A[2KChrome Headless 144.0.0.0 (Windows 10): Executed 986 of 1649[31m (2 FAILED)[39m (0 secs / 2.868 secs)
[1A[2KChrome Headless 144.0.0.0 (Windows 10): Executed 987 of 1649[31m (2 FAILED)[39m (0 secs / 2.871 secs)
[1A[2KChrome Headless 144.0.0.0 (Windows 10): Executed 988 of 1649[31m (2 FAILED)[39m (0 secs / 2.871 secs)
[1A[2KChrome Headless 144.0.0.0 (Windows 10): Executed 989 of 1649[31m (2 FAILED)[39m (0 secs / 2.872 secs)
[1A[2KChrome Headless 144.0.0.0 (Windows 10): Executed 990 of 1649[31m (2 FAILED)[39m (0 secs / 2.873 secs)
[1A[2KChrome Headless 144.0.0.0 (Windows 10): Executed 991 of 1649[31m (2 FAILED)[39m (0 secs / 2.873 secs)
[1A[2KChrome Headless 144.0.0.0 (Windows 10): Executed 992 of 1649[31m (2 FAILED)[39m (0 secs / 2.874 secs)
[1A[2KChrome Headless 144.0.0.0 (Windows 10): Executed 993 of 1649[31m (2 FAILED)[39m (0 secs / 2.877 secs)
[1A[2KChrome Headless 144.0.0.0 (Windows 10): Executed 994 of 1649[31m (2 FAILED)[39m (0 secs / 2.879 secs)
[1A[2KChrome Headless 144.0.0.0 (Windows 10): Executed 995 of 1649[31m (2 FAILED)[39m (0 secs / 2.881 secs)
[1A[2KChrome Headless 144.0.0.0 (Windows 10): Executed 996 of 1649[31m (2 FAILED)[39m (0 secs / 2.884 secs)
[1A[2KChrome Headless 144.0.0.0 (Windows 10): Executed 997 of 1649[31m (2 FAILED)[39m (0 secs / 2.886 secs)
[1A[2KChrome Headless 144.0.0.0 (Windows 10): Executed 998 of 1649[31m (2 FAILED)[39m (0 secs / 2.887 secs)
[1A[2KERROR: [36m'Error loading game details:', Error: Erreur
Error: Erreur
    at http://localhost:9876/base/src/app/features/game/game-detail/game-detail.component.spec.ts:166:69
    at _Observable.init [as _subscribe] (http://localhost:9876/base/node_modules/rxjs/dist/esm/internal/observable/throwError.js:5:51)
    at _Observable._trySubscribe (http://localhost:9876/base/node_modules/rxjs/dist/esm/internal/Observable.js:37:25)
    at http://localhost:9876/base/node_modules/rxjs/dist/esm/internal/Observable.js:31:30
    at errorContext (http://localhost:9876/base/node_modules/rxjs/dist/esm/internal/util/errorContext.js:19:9)
    at _Observable.subscribe (http://localhost:9876/base/node_modules/rxjs/dist/esm/internal/Observable.js:22:9)
    at GameDetailComponent2.loadGameDetails (http://localhost:9876/base/src/app/features/game/game-detail/game-detail.component.ts:75:51)
    at Object.next (http://localhost:9876/base/src/app/features/game/game-detail/game-detail.component.ts:65:14)
    at ConsumerObserver.next (http://localhost:9876/base/node_modules/rxjs/dist/esm/internal/Subscriber.js:91:33)
    at SafeSubscriber._next (http://localhost:9876/base/node_modules/rxjs/dist/esm/internal/Subscriber.js:60:26)[39m
Chrome Headless 144.0.0.0 (Windows 10): Executed 998 of 1649[31m (2 FAILED)[39m (0 secs / 2.887 secs)
ERROR: 'Error loading game details:', Error: Erreur
Error: Erreur
    at http://localhost:9876/base/src/app/features/game/game-detail/game-detail.component.spec.ts:166:69
    at _Observable.init [as _subscribe] (http://localhost:9876/base/node_modules/rxjs/dist/esm/internal/observable/throwError.js:5:51)
    at _Observable._trySubscribe (http://localhost:9876/base/node_modules/rxjs/dist/esm/internal/Observable.js:37:25)
    at http://localhost:9876/base/node_modules/rxjs/dist/esm/internal/Observable.js:31:30
    at errorContext (http://localhost:9876/base/node_modules/rxjs/dist/esm/internal/util/errorContext.js:19:9)
    at _Observable.subscribe (http://localhost:9876/base/node_modules/rxjs/dist/esm/internal/Observable.js:22:9)
    at GameDetailComponent2.loadGameDetails (http://localhost:9876/base/src/app/features/game/game-detail/game-detail.component.ts:75:51)
    at Object.next (http://localhost:9876/base/src/app/features/game/game-detail/game-detail.component.ts:65:14)
    at ConsumerObserver.next (http://localhost:9876/base/node_modules/rxjs/dist/esm/internal/Subscriber.js:91:33)
    at SafeSubscriber._next (http://localhost:9876/base/node_modules/rxjs/dist/esm/internal/Subscriber.js:60:26)
[1A[2KChrome Headless 144.0.0.0 (Windows 10): Executed 999 of 1649[31m (2 FAILED)[39m (0 secs / 2.888 secs)
[1A[2KChrome Headless 144.0.0.0 (Windows 10): Executed 1000 of 1649[31m (2 FAILED)[39m (0 secs / 2.889 secs)
[1A[2KChrome Headless 144.0.0.0 (Windows 10): Executed 1001 of 1649[31m (2 FAILED)[39m (0 secs / 2.893 secs)
[1A[2KChrome Headless 144.0.0.0 (Windows 10): Executed 1002 of 1649[31m (2 FAILED)[39m (0 secs / 2.895 secs)
[1A[2KERROR: [36m'Error loading game details:', Error: Erreur
Error: Erreur
    at http://localhost:9876/base/src/app/features/game/game-detail/game-detail.component.spec.ts:156:69
    at _Observable.init [as _subscribe] (http://localhost:9876/base/node_modules/rxjs/dist/esm/internal/observable/throwError.js:5:51)
    at _Observable._trySubscribe (http://localhost:9876/base/node_modules/rxjs/dist/esm/internal/Observable.js:37:25)
    at http://localhost:9876/base/node_modules/rxjs/dist/esm/internal/Observable.js:31:30
    at errorContext (http://localhost:9876/base/node_modules/rxjs/dist/esm/internal/util/errorContext.js:19:9)
    at _Observable.subscribe (http://localhost:9876/base/node_modules/rxjs/dist/esm/internal/Observable.js:22:9)
    at GameDetailComponent2.loadGameDetails (http://localhost:9876/base/src/app/features/game/game-detail/game-detail.component.ts:75:51)
    at Object.next (http://localhost:9876/base/src/app/features/game/game-detail/game-detail.component.ts:65:14)
    at ConsumerObserver.next (http://localhost:9876/base/node_modules/rxjs/dist/esm/internal/Subscriber.js:91:33)
    at SafeSubscriber._next (http://localhost:9876/base/node_modules/rxjs/dist/esm/internal/Subscriber.js:60:26)[39m
Chrome Headless 144.0.0.0 (Windows 10): Executed 1002 of 1649[31m (2 FAILED)[39m (0 secs / 2.895 secs)
ERROR: 'Error loading game details:', Error: Erreur
Error: Erreur
    at http://localhost:9876/base/src/app/features/game/game-detail/game-detail.component.spec.ts:156:69
    at _Observable.init [as _subscribe] (http://localhost:9876/base/node_modules/rxjs/dist/esm/internal/observable/throwError.js:5:51)
    at _Observable._trySubscribe (http://localhost:9876/base/node_modules/rxjs/dist/esm/internal/Observable.js:37:25)
    at http://localhost:9876/base/node_modules/rxjs/dist/esm/internal/Observable.js:31:30
    at errorContext (http://localhost:9876/base/node_modules/rxjs/dist/esm/internal/util/errorContext.js:19:9)
    at _Observable.subscribe (http://localhost:9876/base/node_modules/rxjs/dist/esm/internal/Observable.js:22:9)
    at GameDetailComponent2.loadGameDetails (http://localhost:9876/base/src/app/features/game/game-detail/game-detail.component.ts:75:51)
    at Object.next (http://localhost:9876/base/src/app/features/game/game-detail/game-detail.component.ts:65:14)
    at ConsumerObserver.next (http://localhost:9876/base/node_modules/rxjs/dist/esm/internal/Subscriber.js:91:33)
    at SafeSubscriber._next (http://localhost:9876/base/node_modules/rxjs/dist/esm/internal/Subscriber.js:60:26)
[1A[2KChrome Headless 144.0.0.0 (Windows 10): Executed 1003 of 1649[31m (2 FAILED)[39m (0 secs / 2.897 secs)
[1A[2KERROR: [36m'Error loading participants:', Error: Erreur
Error: Erreur
    at http://localhost:9876/base/src/app/features/game/game-detail/game-detail.component.spec.ts:281:77
    at _Observable.init [as _subscribe] (http://localhost:9876/base/node_modules/rxjs/dist/esm/internal/observable/throwError.js:5:51)
    at _Observable._trySubscribe (http://localhost:9876/base/node_modules/rxjs/dist/esm/internal/Observable.js:37:25)
    at http://localhost:9876/base/node_modules/rxjs/dist/esm/internal/Observable.js:31:30
    at errorContext (http://localhost:9876/base/node_modules/rxjs/dist/esm/internal/util/errorContext.js:19:9)
    at _Observable.subscribe (http://localhost:9876/base/node_modules/rxjs/dist/esm/internal/Observable.js:22:9)
    at GameDetailComponent2.loadParticipants (http://localhost:9876/base/src/app/features/game/game-detail/game-detail.component.ts:98:59)
    at Object.next (http://localhost:9876/base/src/app/features/game/game-detail/game-detail.component.ts:86:14)
    at ConsumerObserver.next (http://localhost:9876/base/node_modules/rxjs/dist/esm/internal/Subscriber.js:91:33)
    at SafeSubscriber._next (http://localhost:9876/base/node_modules/rxjs/dist/esm/internal/Subscriber.js:60:26)[39m
Chrome Headless 144.0.0.0 (Windows 10): Executed 1003 of 1649[31m (2 FAILED)[39m (0 secs / 2.897 secs)
ERROR: 'Error loading participants:', Error: Erreur
Error: Erreur
    at http://localhost:9876/base/src/app/features/game/game-detail/game-detail.component.spec.ts:281:77
    at _Observable.init [as _subscribe] (http://localhost:9876/base/node_modules/rxjs/dist/esm/internal/observable/throwError.js:5:51)
    at _Observable._trySubscribe (http://localhost:9876/base/node_modules/rxjs/dist/esm/internal/Observable.js:37:25)
    at http://localhost:9876/base/node_modules/rxjs/dist/esm/internal/Observable.js:31:30
    at errorContext (http://localhost:9876/base/node_modules/rxjs/dist/esm/internal/util/errorContext.js:19:9)
    at _Observable.subscribe (http://localhost:9876/base/node_modules/rxjs/dist/esm/internal/Observable.js:22:9)
    at GameDetailComponent2.loadParticipants (http://localhost:9876/base/src/app/features/game/game-detail/game-detail.component.ts:98:59)
    at Object.next (http://localhost:9876/base/src/app/features/game/game-detail/game-detail.component.ts:86:14)
    at ConsumerObserver.next (http://localhost:9876/base/node_modules/rxjs/dist/esm/internal/Subscriber.js:91:33)
    at SafeSubscriber._next (http://localhost:9876/base/node_modules/rxjs/dist/esm/internal/Subscriber.js:60:26)
[1A[2KChrome Headless 144.0.0.0 (Windows 10): Executed 1004 of 1649[31m (2 FAILED)[39m (0 secs / 2.9 secs)
[1A[2KERROR: [36m'Error loading participants:', Error: Accès interdit
Error: Accès interdit
    at http://localhost:9876/base/src/app/features/game/game-detail/game-detail.component.spec.ts:292:24
    at _Observable.init [as _subscribe] (http://localhost:9876/base/node_modules/rxjs/dist/esm/internal/observable/throwError.js:5:51)
    at _Observable._trySubscribe (http://localhost:9876/base/node_modules/rxjs/dist/esm/internal/Observable.js:37:25)
    at http://localhost:9876/base/node_modules/rxjs/dist/esm/internal/Observable.js:31:30
    at errorContext (http://localhost:9876/base/node_modules/rxjs/dist/esm/internal/util/errorContext.js:19:9)
    at _Observable.subscribe (http://localhost:9876/base/node_modules/rxjs/dist/esm/internal/Observable.js:22:9)
    at GameDetailComponent2.loadParticipants (http://localhost:9876/base/src/app/features/game/game-detail/game-detail.component.ts:98:59)
    at Object.next (http://localhost:9876/base/src/app/features/game/game-detail/game-detail.component.ts:86:14)
    at ConsumerObserver.next (http://localhost:9876/base/node_modules/rxjs/dist/esm/internal/Subscriber.js:91:33)
    at SafeSubscriber._next (http://localhost:9876/base/node_modules/rxjs/dist/esm/internal/Subscriber.js:60:26)[39m
Chrome Headless 144.0.0.0 (Windows 10): Executed 1004 of 1649[31m (2 FAILED)[39m (0 secs / 2.9 secs)
ERROR: 'Error loading participants:', Error: Accès interdit
Error: Accès interdit
    at http://localhost:9876/base/src/app/features/game/game-detail/game-detail.component.spec.ts:292:24
    at _Observable.init [as _subscribe] (http://localhost:9876/base/node_modules/rxjs/dist/esm/internal/observable/throwError.js:5:51)
    at _Observable._trySubscribe (http://localhost:9876/base/node_modules/rxjs/dist/esm/internal/Observable.js:37:25)
    at http://localhost:9876/base/node_modules/rxjs/dist/esm/internal/Observable.js:31:30
    at errorContext (http://localhost:9876/base/node_modules/rxjs/dist/esm/internal/util/errorContext.js:19:9)
    at _Observable.subscribe (http://localhost:9876/base/node_modules/rxjs/dist/esm/internal/Observable.js:22:9)
    at GameDetailComponent2.loadParticipants (http://localhost:9876/base/src/app/features/game/game-detail/game-detail.component.ts:98:59)
    at Object.next (http://localhost:9876/base/src/app/features/game/game-detail/game-detail.component.ts:86:14)
    at ConsumerObserver.next (http://localhost:9876/base/node_modules/rxjs/dist/esm/internal/Subscriber.js:91:33)
    at SafeSubscriber._next (http://localhost:9876/base/node_modules/rxjs/dist/esm/internal/Subscriber.js:60:26)
[1A[2KChrome Headless 144.0.0.0 (Windows 10): Executed 1005 of 1649[31m (2 FAILED)[39m (0 secs / 2.904 secs)
[1A[2KChrome Headless 144.0.0.0 (Windows 10): Executed 1006 of 1649[31m (2 FAILED)[39m (0 secs / 2.906 secs)
[1A[2KChrome Headless 144.0.0.0 (Windows 10): Executed 1007 of 1649[31m (2 FAILED)[39m (0 secs / 2.907 secs)
[1A[2KChrome Headless 144.0.0.0 (Windows 10): Executed 1008 of 1649[31m (2 FAILED)[39m (0 secs / 2.91 secs)
[1A[2KChrome Headless 144.0.0.0 (Windows 10): Executed 1009 of 1649[31m (2 FAILED)[39m (0 secs / 2.911 secs)
[1A[2KChrome Headless 144.0.0.0 (Windows 10): Executed 1010 of 1649[31m (2 FAILED)[39m (0 secs / 2.912 secs)
[1A[2KChrome Headless 144.0.0.0 (Windows 10): Executed 1011 of 1649[31m (2 FAILED)[39m (0 secs / 2.917 secs)
[1A[2KChrome Headless 144.0.0.0 (Windows 10): Executed 1012 of 1649[31m (2 FAILED)[39m (0 secs / 2.919 secs)
[1A[2KChrome Headless 144.0.0.0 (Windows 10): Executed 1013 of 1649[31m (2 FAILED)[39m (0 secs / 2.92 secs)
[1A[2KChrome Headless 144.0.0.0 (Windows 10): Executed 1014 of 1649[31m (2 FAILED)[39m (0 secs / 2.922 secs)
[1A[2KChrome Headless 144.0.0.0 (Windows 10): Executed 1015 of 1649[31m (2 FAILED)[39m (0 secs / 2.923 secs)
[1A[2KChrome Headless 144.0.0.0 (Windows 10): Executed 1016 of 1649[31m (2 FAILED)[39m (0 secs / 2.924 secs)
[1A[2KChrome Headless 144.0.0.0 (Windows 10): Executed 1017 of 1649[31m (2 FAILED)[39m (0 secs / 2.925 secs)
[1A[2KChrome Headless 144.0.0.0 (Windows 10): Executed 1018 of 1649[31m (2 FAILED)[39m (0 secs / 2.926 secs)
[1A[2KChrome Headless 144.0.0.0 (Windows 10): Executed 1019 of 1649[31m (2 FAILED)[39m (0 secs / 2.927 secs)
[1A[2KChrome Headless 144.0.0.0 (Windows 10): Executed 1020 of 1649[31m (2 FAILED)[39m (0 secs / 2.93 secs)
[1A[2KChrome Headless 144.0.0.0 (Windows 10): Executed 1021 of 1649[31m (2 FAILED)[39m (0 secs / 2.932 secs)
[1A[2KChrome Headless 144.0.0.0 (Windows 10): Executed 1022 of 1649[31m (2 FAILED)[39m (0 secs / 2.934 secs)
[1A[2KChrome Headless 144.0.0.0 (Windows 10): Executed 1023 of 1649[31m (2 FAILED)[39m (0 secs / 2.935 secs)
[1A[2KChrome Headless 144.0.0.0 (Windows 10): Executed 1024 of 1649[31m (2 FAILED)[39m (0 secs / 2.936 secs)
[1A[2KChrome Headless 144.0.0.0 (Windows 10): Executed 1025 of 1649[31m (2 FAILED)[39m (0 secs / 2.937 secs)
[1A[2KChrome Headless 144.0.0.0 (Windows 10): Executed 1026 of 1649[31m (2 FAILED)[39m (0 secs / 2.938 secs)
[1A[2KChrome Headless 144.0.0.0 (Windows 10): Executed 1027 of 1649[31m (2 FAILED)[39m (0 secs / 2.94 secs)
[1A[2KChrome Headless 144.0.0.0 (Windows 10): Executed 1028 of 1649[31m (2 FAILED)[39m (0 secs / 2.941 secs)
[1A[2KChrome Headless 144.0.0.0 (Windows 10): Executed 1029 of 1649[31m (2 FAILED)[39m (0 secs / 2.942 secs)
[1A[2KChrome Headless 144.0.0.0 (Windows 10): Executed 1030 of 1649[31m (2 FAILED)[39m (0 secs / 2.943 secs)
[1A[2KChrome Headless 144.0.0.0 (Windows 10): Executed 1031 of 1649[31m (2 FAILED)[39m (0 secs / 2.943 secs)
[1A[2KChrome Headless 144.0.0.0 (Windows 10): Executed 1032 of 1649[31m (2 FAILED)[39m (0 secs / 2.944 secs)
[1A[2KChrome Headless 144.0.0.0 (Windows 10): Executed 1033 of 1649[31m (2 FAILED)[39m (0 secs / 2.944 secs)
[1A[2KChrome Headless 144.0.0.0 (Windows 10): Executed 1034 of 1649[31m (2 FAILED)[39m (0 secs / 2.945 secs)
[1A[2KChrome Headless 144.0.0.0 (Windows 10): Executed 1035 of 1649[31m (2 FAILED)[39m (0 secs / 2.947 secs)
[1A[2KChrome Headless 144.0.0.0 (Windows 10): Executed 1036 of 1649[31m (2 FAILED)[39m (0 secs / 2.948 secs)
[1A[2KChrome Headless 144.0.0.0 (Windows 10): Executed 1037 of 1649[31m (2 FAILED)[39m (0 secs / 2.948 secs)
[1A[2KChrome Headless 144.0.0.0 (Windows 10): Executed 1038 of 1649[31m (2 FAILED)[39m (0 secs / 2.949 secs)
[1A[2KChrome Headless 144.0.0.0 (Windows 10): Executed 1039 of 1649[31m (2 FAILED)[39m (0 secs / 2.95 secs)
[1A[2KChrome Headless 144.0.0.0 (Windows 10): Executed 1040 of 1649[31m (2 FAILED)[39m (0 secs / 2.951 secs)
[1A[2KChrome Headless 144.0.0.0 (Windows 10): Executed 1041 of 1649[31m (2 FAILED)[39m (0 secs / 2.952 secs)
[1A[2KChrome Headless 144.0.0.0 (Windows 10): Executed 1042 of 1649[31m (2 FAILED)[39m (0 secs / 2.952 secs)
[1A[2KChrome Headless 144.0.0.0 (Windows 10): Executed 1043 of 1649[31m (2 FAILED)[39m (0 secs / 2.952 secs)
[1A[2KChrome Headless 144.0.0.0 (Windows 10): Executed 1044 of 1649[31m (2 FAILED)[39m (0 secs / 2.953 secs)
[1A[2KChrome Headless 144.0.0.0 (Windows 10): Executed 1045 of 1649[31m (2 FAILED)[39m (0 secs / 2.954 secs)
[1A[2KChrome Headless 144.0.0.0 (Windows 10): Executed 1046 of 1649[31m (2 FAILED)[39m (0 secs / 2.955 secs)
[1A[2KChrome Headless 144.0.0.0 (Windows 10): Executed 1047 of 1649[31m (2 FAILED)[39m (0 secs / 2.956 secs)
[1A[2KChrome Headless 144.0.0.0 (Windows 10): Executed 1048 of 1649[31m (2 FAILED)[39m (0 secs / 2.957 secs)
[1A[2KChrome Headless 144.0.0.0 (Windows 10): Executed 1049 of 1649[31m (2 FAILED)[39m (0 secs / 2.958 secs)
[1A[2KChrome Headless 144.0.0.0 (Windows 10): Executed 1050 of 1649[31m (2 FAILED)[39m (0 secs / 2.959 secs)
[1A[2KChrome Headless 144.0.0.0 (Windows 10): Executed 1051 of 1649[31m (2 FAILED)[39m (0 secs / 2.96 secs)
[1A[2KChrome Headless 144.0.0.0 (Windows 10): Executed 1052 of 1649[31m (2 FAILED)[39m (0 secs / 2.961 secs)
[1A[2KChrome Headless 144.0.0.0 (Windows 10): Executed 1053 of 1649[31m (2 FAILED)[39m (0 secs / 2.962 secs)
[1A[2KChrome Headless 144.0.0.0 (Windows 10): Executed 1054 of 1649[31m (2 FAILED)[39m (0 secs / 2.963 secs)
[1A[2KChrome Headless 144.0.0.0 (Windows 10): Executed 1055 of 1649[31m (2 FAILED)[39m (0 secs / 2.964 secs)
[1A[2KChrome Headless 144.0.0.0 (Windows 10): Executed 1056 of 1649[31m (2 FAILED)[39m (0 secs / 2.964 secs)
[1A[2KChrome Headless 144.0.0.0 (Windows 10): Executed 1057 of 1649[31m (2 FAILED)[39m (0 secs / 2.964 secs)
[1A[2KChrome Headless 144.0.0.0 (Windows 10): Executed 1058 of 1649[31m (2 FAILED)[39m (0 secs / 2.965 secs)
[1A[2KChrome Headless 144.0.0.0 (Windows 10): Executed 1059 of 1649[31m (2 FAILED)[39m (0 secs / 2.965 secs)
[1A[2KChrome Headless 144.0.0.0 (Windows 10): Executed 1060 of 1649[31m (2 FAILED)[39m (0 secs / 2.965 secs)
[1A[2KChrome Headless 144.0.0.0 (Windows 10): Executed 1061 of 1649[31m (2 FAILED)[39m (0 secs / 2.965 secs)
[1A[2KChrome Headless 144.0.0.0 (Windows 10): Executed 1062 of 1649[31m (2 FAILED)[39m (0 secs / 2.972 secs)
[1A[2KChrome Headless 144.0.0.0 (Windows 10): Executed 1063 of 1649[31m (2 FAILED)[39m (0 secs / 2.973 secs)
[1A[2KChrome Headless 144.0.0.0 (Windows 10): Executed 1064 of 1649[31m (2 FAILED)[39m (0 secs / 2.974 secs)
[1A[2KChrome Headless 144.0.0.0 (Windows 10): Executed 1065 of 1649[31m (2 FAILED)[39m (0 secs / 2.975 secs)
[1A[2KChrome Headless 144.0.0.0 (Windows 10): Executed 1066 of 1649[31m (2 FAILED)[39m (0 secs / 2.977 secs)
[1A[2KChrome Headless 144.0.0.0 (Windows 10): Executed 1067 of 1649[31m (2 FAILED)[39m (0 secs / 2.978 secs)
[1A[2KChrome Headless 144.0.0.0 (Windows 10): Executed 1068 of 1649[31m (2 FAILED)[39m (0 secs / 2.979 secs)
[1A[2KChrome Headless 144.0.0.0 (Windows 10): Executed 1069 of 1649[31m (2 FAILED)[39m (0 secs / 2.98 secs)
[1A[2KChrome Headless 144.0.0.0 (Windows 10): Executed 1070 of 1649[31m (2 FAILED)[39m (0 secs / 2.981 secs)
[1A[2KChrome Headless 144.0.0.0 (Windows 10): Executed 1071 of 1649[31m (2 FAILED)[39m (0 secs / 2.982 secs)
[1A[2KChrome Headless 144.0.0.0 (Windows 10): Executed 1072 of 1649[31m (2 FAILED)[39m (0 secs / 2.983 secs)
[1A[2KChrome Headless 144.0.0.0 (Windows 10): Executed 1073 of 1649[31m (2 FAILED)[39m (0 secs / 2.984 secs)
[1A[2KChrome Headless 144.0.0.0 (Windows 10): Executed 1074 of 1649[31m (2 FAILED)[39m (0 secs / 2.985 secs)
[1A[2KChrome Headless 144.0.0.0 (Windows 10): Executed 1075 of 1649[31m (2 FAILED)[39m (0 secs / 2.986 secs)
[1A[2KChrome Headless 144.0.0.0 (Windows 10): Executed 1076 of 1649[31m (2 FAILED)[39m (0 secs / 2.987 secs)
[1A[2KChrome Headless 144.0.0.0 (Windows 10): Executed 1077 of 1649[31m (2 FAILED)[39m (0 secs / 2.991 secs)
[1A[2KChrome Headless 144.0.0.0 (Windows 10): Executed 1078 of 1649[31m (2 FAILED)[39m (0 secs / 2.993 secs)
[1A[2KChrome Headless 144.0.0.0 (Windows 10): Executed 1079 of 1649[31m (2 FAILED)[39m (0 secs / 2.994 secs)
[1A[2KChrome Headless 144.0.0.0 (Windows 10): Executed 1080 of 1649[31m (2 FAILED)[39m (0 secs / 2.995 secs)
[1A[2KChrome Headless 144.0.0.0 (Windows 10): Executed 1081 of 1649[31m (2 FAILED)[39m (0 secs / 2.996 secs)
[1A[2KChrome Headless 144.0.0.0 (Windows 10): Executed 1082 of 1649[31m (2 FAILED)[39m (0 secs / 2.997 secs)
[1A[2KChrome Headless 144.0.0.0 (Windows 10): Executed 1083 of 1649[31m (2 FAILED)[39m (0 secs / 2.998 secs)
[1A[2KChrome Headless 144.0.0.0 (Windows 10): Executed 1084 of 1649[31m (2 FAILED)[39m (0 secs / 2.998 secs)
[1A[2KChrome Headless 144.0.0.0 (Windows 10): Executed 1085 of 1649[31m (2 FAILED)[39m (0 secs / 2.999 secs)
[1A[2KChrome Headless 144.0.0.0 (Windows 10): Executed 1086 of 1649[31m (2 FAILED)[39m (0 secs / 3 secs)
[1A[2KChrome Headless 144.0.0.0 (Windows 10): Executed 1087 of 1649[31m (2 FAILED)[39m (0 secs / 3.001 secs)
[1A[2KChrome Headless 144.0.0.0 (Windows 10): Executed 1088 of 1649[31m (2 FAILED)[39m (0 secs / 3.002 secs)
[1A[2KChrome Headless 144.0.0.0 (Windows 10): Executed 1089 of 1649[31m (2 FAILED)[39m (0 secs / 3.002 secs)
[1A[2KChrome Headless 144.0.0.0 (Windows 10): Executed 1090 of 1649[31m (2 FAILED)[39m (0 secs / 3.003 secs)
[1A[2KChrome Headless 144.0.0.0 (Windows 10): Executed 1091 of 1649[31m (2 FAILED)[39m (0 secs / 3.003 secs)
[1A[2KChrome Headless 144.0.0.0 (Windows 10): Executed 1092 of 1649[31m (2 FAILED)[39m (0 secs / 3.003 secs)
[1A[2KChrome Headless 144.0.0.0 (Windows 10): Executed 1093 of 1649[31m (2 FAILED)[39m (0 secs / 3.003 secs)
[1A[2KChrome Headless 144.0.0.0 (Windows 10): Executed 1094 of 1649[31m (2 FAILED)[39m (0 secs / 3.003 secs)
[1A[2KChrome Headless 144.0.0.0 (Windows 10): Executed 1095 of 1649[31m (2 FAILED)[39m (0 secs / 3.004 secs)
[1A[2KChrome Headless 144.0.0.0 (Windows 10): Executed 1096 of 1649[31m (2 FAILED)[39m (0 secs / 3.004 secs)
[1A[2KChrome Headless 144.0.0.0 (Windows 10): Executed 1097 of 1649[31m (2 FAILED)[39m (0 secs / 3.005 secs)
[1A[2KChrome Headless 144.0.0.0 (Windows 10): Executed 1098 of 1649[31m (2 FAILED)[39m (0 secs / 3.006 secs)
[1A[2KChrome Headless 144.0.0.0 (Windows 10): Executed 1099 of 1649[31m (2 FAILED)[39m (0 secs / 3.006 secs)
[1A[2KChrome Headless 144.0.0.0 (Windows 10): Executed 1100 of 1649[31m (2 FAILED)[39m (0 secs / 3.007 secs)
[1A[2KChrome Headless 144.0.0.0 (Windows 10): Executed 1101 of 1649[31m (2 FAILED)[39m (0 secs / 3.007 secs)
[1A[2KChrome Headless 144.0.0.0 (Windows 10): Executed 1102 of 1649[31m (2 FAILED)[39m (0 secs / 3.008 secs)
[1A[2KChrome Headless 144.0.0.0 (Windows 10): Executed 1103 of 1649[31m (2 FAILED)[39m (0 secs / 3.008 secs)
[1A[2KChrome Headless 144.0.0.0 (Windows 10): Executed 1104 of 1649[31m (2 FAILED)[39m (0 secs / 3.013 secs)
[1A[2KChrome Headless 144.0.0.0 (Windows 10): Executed 1105 of 1649[31m (2 FAILED)[39m (0 secs / 3.014 secs)
[1A[2KChrome Headless 144.0.0.0 (Windows 10): Executed 1106 of 1649[31m (2 FAILED)[39m (0 secs / 3.015 secs)
[1A[2KChrome Headless 144.0.0.0 (Windows 10): Executed 1107 of 1649[31m (2 FAILED)[39m (0 secs / 3.025 secs)
[1A[2KChrome Headless 144.0.0.0 (Windows 10): Executed 1108 of 1649[31m (2 FAILED)[39m (0 secs / 3.03 secs)
[1A[2KChrome Headless 144.0.0.0 (Windows 10): Executed 1109 of 1649[31m (2 FAILED)[39m (0 secs / 3.038 secs)
[1A[2KChrome Headless 144.0.0.0 (Windows 10): Executed 1110 of 1649[31m (2 FAILED)[39m (0 secs / 3.043 secs)
[1A[2KChrome Headless 144.0.0.0 (Windows 10): Executed 1111 of 1649[31m (2 FAILED)[39m (0 secs / 3.048 secs)
[1A[2KChrome Headless 144.0.0.0 (Windows 10): Executed 1112 of 1649[31m (2 FAILED)[39m (0 secs / 3.052 secs)
[1A[2KChrome Headless 144.0.0.0 (Windows 10): Executed 1113 of 1649[31m (2 FAILED)[39m (0 secs / 3.058 secs)
[1A[2KChrome Headless 144.0.0.0 (Windows 10): Executed 1114 of 1649[31m (2 FAILED)[39m (0 secs / 3.063 secs)
[1A[2KChrome Headless 144.0.0.0 (Windows 10): Executed 1115 of 1649[31m (2 FAILED)[39m (0 secs / 3.065 secs)
[1A[2KChrome Headless 144.0.0.0 (Windows 10): Executed 1116 of 1649[31m (2 FAILED)[39m (0 secs / 3.066 secs)
[1A[2KChrome Headless 144.0.0.0 (Windows 10): Executed 1117 of 1649[31m (2 FAILED)[39m (0 secs / 3.067 secs)
[1A[2KChrome Headless 144.0.0.0 (Windows 10): Executed 1118 of 1649[31m (2 FAILED)[39m (0 secs / 3.068 secs)
[1A[2KChrome Headless 144.0.0.0 (Windows 10): Executed 1119 of 1649[31m (2 FAILED)[39m (0 secs / 3.069 secs)
[1A[2KChrome Headless 144.0.0.0 (Windows 10): Executed 1120 of 1649[31m (2 FAILED)[39m (0 secs / 3.07 secs)
[1A[2KChrome Headless 144.0.0.0 (Windows 10): Executed 1121 of 1649[31m (2 FAILED)[39m (0 secs / 3.071 secs)
[1A[2KChrome Headless 144.0.0.0 (Windows 10): Executed 1122 of 1649[31m (2 FAILED)[39m (0 secs / 3.073 secs)
[1A[2KChrome Headless 144.0.0.0 (Windows 10): Executed 1123 of 1649[31m (2 FAILED)[39m (0 secs / 3.073 secs)
[1A[2KChrome Headless 144.0.0.0 (Windows 10): Executed 1124 of 1649[31m (2 FAILED)[39m (0 secs / 3.073 secs)
[1A[2KChrome Headless 144.0.0.0 (Windows 10): Executed 1125 of 1649[31m (2 FAILED)[39m (0 secs / 3.074 secs)
[1A[2KChrome Headless 144.0.0.0 (Windows 10): Executed 1126 of 1649[31m (2 FAILED)[39m (0 secs / 3.074 secs)
[1A[2KChrome Headless 144.0.0.0 (Windows 10): Executed 1127 of 1649[31m (2 FAILED)[39m (0 secs / 3.074 secs)
[1A[2KChrome Headless 144.0.0.0 (Windows 10): Executed 1128 of 1649[31m (2 FAILED)[39m (0 secs / 3.074 secs)
[1A[2KChrome Headless 144.0.0.0 (Windows 10): Executed 1129 of 1649[31m (2 FAILED)[39m (0 secs / 3.074 secs)
[1A[2KChrome Headless 144.0.0.0 (Windows 10): Executed 1130 of 1649[31m (2 FAILED)[39m (0 secs / 3.075 secs)
[1A[2KChrome Headless 144.0.0.0 (Windows 10): Executed 1131 of 1649[31m (2 FAILED)[39m (0 secs / 3.075 secs)
[1A[2KChrome Headless 144.0.0.0 (Windows 10): Executed 1132 of 1649[31m (2 FAILED)[39m (0 secs / 3.075 secs)
[1A[2KChrome Headless 144.0.0.0 (Windows 10): Executed 1133 of 1649[31m (2 FAILED)[39m (0 secs / 3.076 secs)
[1A[2KChrome Headless 144.0.0.0 (Windows 10): Executed 1134 of 1649[31m (2 FAILED)[39m (0 secs / 3.078 secs)
[1A[2KChrome Headless 144.0.0.0 (Windows 10): Executed 1135 of 1649[31m (2 FAILED)[39m (0 secs / 3.079 secs)
[1A[2KChrome Headless 144.0.0.0 (Windows 10): Executed 1136 of 1649[31m (2 FAILED)[39m (0 secs / 3.079 secs)
[1A[2KChrome Headless 144.0.0.0 (Windows 10): Executed 1137 of 1649[31m (2 FAILED)[39m (0 secs / 3.079 secs)
[1A[2KChrome Headless 144.0.0.0 (Windows 10): Executed 1138 of 1649[31m (2 FAILED)[39m (0 secs / 3.079 secs)
[1A[2KChrome Headless 144.0.0.0 (Windows 10): Executed 1139 of 1649[31m (2 FAILED)[39m (0 secs / 3.08 secs)
[1A[2KChrome Headless 144.0.0.0 (Windows 10): Executed 1140 of 1649[31m (2 FAILED)[39m (0 secs / 3.08 secs)
[1A[2KChrome Headless 144.0.0.0 (Windows 10): Executed 1141 of 1649[31m (2 FAILED)[39m (0 secs / 3.081 secs)
[1A[2KChrome Headless 144.0.0.0 (Windows 10): Executed 1142 of 1649[31m (2 FAILED)[39m (0 secs / 3.083 secs)
[1A[2KChrome Headless 144.0.0.0 (Windows 10): Executed 1143 of 1649[31m (2 FAILED)[39m (0 secs / 3.083 secs)
[1A[2KChrome Headless 144.0.0.0 (Windows 10): Executed 1144 of 1649[31m (2 FAILED)[39m (0 secs / 3.084 secs)
[1A[2KChrome Headless 144.0.0.0 (Windows 10): Executed 1145 of 1649[31m (2 FAILED)[39m (0 secs / 3.085 secs)
[1A[2KChrome Headless 144.0.0.0 (Windows 10): Executed 1146 of 1649[31m (2 FAILED)[39m (0 secs / 3.086 secs)
[1A[2KChrome Headless 144.0.0.0 (Windows 10): Executed 1147 of 1649[31m (2 FAILED)[39m (0 secs / 3.087 secs)
[1A[2KChrome Headless 144.0.0.0 (Windows 10): Executed 1148 of 1649[31m (2 FAILED)[39m (0 secs / 3.087 secs)
[1A[2KChrome Headless 144.0.0.0 (Windows 10): Executed 1149 of 1649[31m (2 FAILED)[39m (0 secs / 3.087 secs)
[1A[2KChrome Headless 144.0.0.0 (Windows 10): Executed 1150 of 1649[31m (2 FAILED)[39m (0 secs / 3.088 secs)
[1A[2KChrome Headless 144.0.0.0 (Windows 10): Executed 1151 of 1649[31m (2 FAILED)[39m (0 secs / 3.088 secs)
[1A[2KChrome Headless 144.0.0.0 (Windows 10): Executed 1152 of 1649[31m (2 FAILED)[39m (0 secs / 3.089 secs)
[1A[2KChrome Headless 144.0.0.0 (Windows 10): Executed 1153 of 1649[31m (2 FAILED)[39m (0 secs / 3.09 secs)
[1A[2KChrome Headless 144.0.0.0 (Windows 10): Executed 1154 of 1649[31m (2 FAILED)[39m (0 secs / 3.09 secs)
[1A[2KChrome Headless 144.0.0.0 (Windows 10): Executed 1155 of 1649[31m (2 FAILED)[39m (0 secs / 3.091 secs)
[1A[2KChrome Headless 144.0.0.0 (Windows 10): Executed 1156 of 1649[31m (2 FAILED)[39m (0 secs / 3.091 secs)
[1A[2KChrome Headless 144.0.0.0 (Windows 10): Executed 1157 of 1649[31m (2 FAILED)[39m (0 secs / 3.092 secs)
[1A[2KChrome Headless 144.0.0.0 (Windows 10): Executed 1158 of 1649[31m (2 FAILED)[39m (0 secs / 3.092 secs)
[1A[2KChrome Headless 144.0.0.0 (Windows 10): Executed 1159 of 1649[31m (2 FAILED)[39m (0 secs / 3.092 secs)
[1A[2KChrome Headless 144.0.0.0 (Windows 10): Executed 1160 of 1649[31m (2 FAILED)[39m (0 secs / 3.092 secs)
[1A[2KChrome Headless 144.0.0.0 (Windows 10): Executed 1161 of 1649[31m (2 FAILED)[39m (0 secs / 3.093 secs)
[1A[2KChrome Headless 144.0.0.0 (Windows 10): Executed 1162 of 1649[31m (2 FAILED)[39m (0 secs / 3.093 secs)
[1A[2KChrome Headless 144.0.0.0 (Windows 10): Executed 1163 of 1649[31m (2 FAILED)[39m (0 secs / 3.094 secs)
[1A[2KChrome Headless 144.0.0.0 (Windows 10): Executed 1164 of 1649[31m (2 FAILED)[39m (0 secs / 3.095 secs)
[1A[2KChrome Headless 144.0.0.0 (Windows 10): Executed 1165 of 1649[31m (2 FAILED)[39m (0 secs / 3.095 secs)
[1A[2KChrome Headless 144.0.0.0 (Windows 10): Executed 1166 of 1649[31m (2 FAILED)[39m (0 secs / 3.096 secs)
[1A[2KChrome Headless 144.0.0.0 (Windows 10): Executed 1167 of 1649[31m (2 FAILED)[39m (0 secs / 3.096 secs)
[1A[2KChrome Headless 144.0.0.0 (Windows 10): Executed 1168 of 1649[31m (2 FAILED)[39m (0 secs / 3.098 secs)
[1A[2KChrome Headless 144.0.0.0 (Windows 10): Executed 1169 of 1649[31m (2 FAILED)[39m (0 secs / 3.099 secs)
[1A[2KChrome Headless 144.0.0.0 (Windows 10): Executed 1170 of 1649[31m (2 FAILED)[39m (0 secs / 3.1 secs)
[1A[2KChrome Headless 144.0.0.0 (Windows 10): Executed 1171 of 1649[31m (2 FAILED)[39m (0 secs / 3.1 secs)
[1A[2KChrome Headless 144.0.0.0 (Windows 10): Executed 1172 of 1649[31m (2 FAILED)[39m (0 secs / 3.102 secs)
[1A[2KChrome Headless 144.0.0.0 (Windows 10): Executed 1173 of 1649[31m (2 FAILED)[39m (0 secs / 3.103 secs)
[1A[2KChrome Headless 144.0.0.0 (Windows 10): Executed 1174 of 1649[31m (2 FAILED)[39m (0 secs / 3.104 secs)
[1A[2KChrome Headless 144.0.0.0 (Windows 10): Executed 1175 of 1649[31m (2 FAILED)[39m (0 secs / 3.104 secs)
[1A[2KChrome Headless 144.0.0.0 (Windows 10): Executed 1176 of 1649[31m (2 FAILED)[39m (0 secs / 3.105 secs)
[1A[2KChrome Headless 144.0.0.0 (Windows 10): Executed 1177 of 1649[31m (2 FAILED)[39m (0 secs / 3.106 secs)
[1A[2KChrome Headless 144.0.0.0 (Windows 10): Executed 1178 of 1649[31m (2 FAILED)[39m (0 secs / 3.107 secs)
[1A[2KChrome Headless 144.0.0.0 (Windows 10): Executed 1179 of 1649[31m (2 FAILED)[39m (0 secs / 3.108 secs)
[1A[2KChrome Headless 144.0.0.0 (Windows 10): Executed 1180 of 1649[31m (2 FAILED)[39m (0 secs / 3.109 secs)
[1A[2KChrome Headless 144.0.0.0 (Windows 10): Executed 1181 of 1649[31m (2 FAILED)[39m (0 secs / 3.11 secs)
[1A[2KChrome Headless 144.0.0.0 (Windows 10): Executed 1182 of 1649[31m (2 FAILED)[39m (0 secs / 3.111 secs)
[1A[2KChrome Headless 144.0.0.0 (Windows 10): Executed 1183 of 1649[31m (2 FAILED)[39m (0 secs / 3.112 secs)
[1A[2KChrome Headless 144.0.0.0 (Windows 10): Executed 1184 of 1649[31m (2 FAILED)[39m (0 secs / 3.113 secs)
[1A[2KChrome Headless 144.0.0.0 (Windows 10): Executed 1185 of 1649[31m (2 FAILED)[39m (0 secs / 3.113 secs)
[1A[2KChrome Headless 144.0.0.0 (Windows 10): Executed 1186 of 1649[31m (2 FAILED)[39m (0 secs / 3.114 secs)
[1A[2KChrome Headless 144.0.0.0 (Windows 10): Executed 1187 of 1649[31m (2 FAILED)[39m (0 secs / 3.114 secs)
[1A[2KChrome Headless 144.0.0.0 (Windows 10): Executed 1188 of 1649[31m (2 FAILED)[39m (0 secs / 3.115 secs)
[1A[2KChrome Headless 144.0.0.0 (Windows 10): Executed 1189 of 1649[31m (2 FAILED)[39m (0 secs / 3.115 secs)
[1A[2KChrome Headless 144.0.0.0 (Windows 10): Executed 1190 of 1649[31m (2 FAILED)[39m (0 secs / 3.116 secs)
[1A[2KChrome Headless 144.0.0.0 (Windows 10): Executed 1191 of 1649[31m (2 FAILED)[39m (0 secs / 3.116 secs)
[1A[2KChrome Headless 144.0.0.0 (Windows 10): Executed 1192 of 1649[31m (2 FAILED)[39m (0 secs / 3.117 secs)
[1A[2KChrome Headless 144.0.0.0 (Windows 10): Executed 1193 of 1649[31m (2 FAILED)[39m (0 secs / 3.117 secs)
[1A[2KChrome Headless 144.0.0.0 (Windows 10): Executed 1194 of 1649[31m (2 FAILED)[39m (0 secs / 3.118 secs)
[1A[2KChrome Headless 144.0.0.0 (Windows 10): Executed 1195 of 1649[31m (2 FAILED)[39m (0 secs / 3.118 secs)
[1A[2KChrome Headless 144.0.0.0 (Windows 10): Executed 1196 of 1649[31m (2 FAILED)[39m (0 secs / 3.118 secs)
[1A[2KChrome Headless 144.0.0.0 (Windows 10): Executed 1197 of 1649[31m (2 FAILED)[39m (0 secs / 3.118 secs)
[1A[2KChrome Headless 144.0.0.0 (Windows 10): Executed 1198 of 1649[31m (2 FAILED)[39m (0 secs / 3.119 secs)
[1A[2KChrome Headless 144.0.0.0 (Windows 10): Executed 1199 of 1649[31m (2 FAILED)[39m (0 secs / 3.119 secs)
[1A[2KChrome Headless 144.0.0.0 (Windows 10): Executed 1200 of 1649[31m (2 FAILED)[39m (0 secs / 3.119 secs)
[1A[2KChrome Headless 144.0.0.0 (Windows 10): Executed 1201 of 1649[31m (2 FAILED)[39m (0 secs / 3.119 secs)
[1A[2KChrome Headless 144.0.0.0 (Windows 10): Executed 1202 of 1649[31m (2 FAILED)[39m (0 secs / 3.119 secs)
[1A[2KChrome Headless 144.0.0.0 (Windows 10): Executed 1203 of 1649[31m (2 FAILED)[39m (0 secs / 3.119 secs)
[1A[2KChrome Headless 144.0.0.0 (Windows 10): Executed 1204 of 1649[31m (2 FAILED)[39m (0 secs / 3.119 secs)
[1A[2KChrome Headless 144.0.0.0 (Windows 10): Executed 1205 of 1649[31m (2 FAILED)[39m (0 secs / 3.12 secs)
[1A[2KChrome Headless 144.0.0.0 (Windows 10): Executed 1206 of 1649[31m (2 FAILED)[39m (0 secs / 3.12 secs)
[1A[2KChrome Headless 144.0.0.0 (Windows 10): Executed 1207 of 1649[31m (2 FAILED)[39m (0 secs / 3.121 secs)
[1A[2KChrome Headless 144.0.0.0 (Windows 10): Executed 1208 of 1649[31m (2 FAILED)[39m (0 secs / 3.121 secs)
[1A[2KChrome Headless 144.0.0.0 (Windows 10): Executed 1209 of 1649[31m (2 FAILED)[39m (0 secs / 3.122 secs)
[1A[2KChrome Headless 144.0.0.0 (Windows 10): Executed 1210 of 1649[31m (2 FAILED)[39m (0 secs / 3.123 secs)
[1A[2KChrome Headless 144.0.0.0 (Windows 10): Executed 1211 of 1649[31m (2 FAILED)[39m (0 secs / 3.123 secs)
[1A[2KChrome Headless 144.0.0.0 (Windows 10): Executed 1212 of 1649[31m (2 FAILED)[39m (0 secs / 3.124 secs)
[1A[2KChrome Headless 144.0.0.0 (Windows 10): Executed 1213 of 1649[31m (2 FAILED)[39m (0 secs / 3.124 secs)
[1A[2KChrome Headless 144.0.0.0 (Windows 10): Executed 1214 of 1649[31m (2 FAILED)[39m (0 secs / 3.125 secs)
[1A[2KChrome Headless 144.0.0.0 (Windows 10): Executed 1215 of 1649[31m (2 FAILED)[39m (0 secs / 3.125 secs)
[1A[2KChrome Headless 144.0.0.0 (Windows 10): Executed 1216 of 1649[31m (2 FAILED)[39m (0 secs / 3.126 secs)
[1A[2KChrome Headless 144.0.0.0 (Windows 10): Executed 1217 of 1649[31m (2 FAILED)[39m (0 secs / 3.126 secs)
[1A[2KChrome Headless 144.0.0.0 (Windows 10): Executed 1218 of 1649[31m (2 FAILED)[39m (0 secs / 3.126 secs)
[1A[2KChrome Headless 144.0.0.0 (Windows 10): Executed 1219 of 1649[31m (2 FAILED)[39m (0 secs / 3.127 secs)
[1A[2KChrome Headless 144.0.0.0 (Windows 10): Executed 1220 of 1649[31m (2 FAILED)[39m (0 secs / 3.127 secs)
[1A[2KChrome Headless 144.0.0.0 (Windows 10): Executed 1221 of 1649[31m (2 FAILED)[39m (0 secs / 3.128 secs)
[1A[2KChrome Headless 144.0.0.0 (Windows 10): Executed 1222 of 1649[31m (2 FAILED)[39m (0 secs / 3.129 secs)
[1A[2KChrome Headless 144.0.0.0 (Windows 10): Executed 1223 of 1649[31m (2 FAILED)[39m (0 secs / 3.129 secs)
[1A[2KChrome Headless 144.0.0.0 (Windows 10): Executed 1224 of 1649[31m (2 FAILED)[39m (0 secs / 3.13 secs)
[1A[2KChrome Headless 144.0.0.0 (Windows 10): Executed 1225 of 1649[31m (2 FAILED)[39m (0 secs / 3.131 secs)
[1A[2KChrome Headless 144.0.0.0 (Windows 10): Executed 1226 of 1649[31m (2 FAILED)[39m (0 secs / 3.131 secs)
[1A[2KChrome Headless 144.0.0.0 (Windows 10): Executed 1227 of 1649[31m (2 FAILED)[39m (0 secs / 3.131 secs)
[1A[2KChrome Headless 144.0.0.0 (Windows 10): Executed 1228 of 1649[31m (2 FAILED)[39m (0 secs / 3.131 secs)
[1A[2KChrome Headless 144.0.0.0 (Windows 10): Executed 1229 of 1649[31m (2 FAILED)[39m (0 secs / 3.131 secs)
[1A[2KChrome Headless 144.0.0.0 (Windows 10): Executed 1230 of 1649[31m (2 FAILED)[39m (0 secs / 3.131 secs)
[1A[2KChrome Headless 144.0.0.0 (Windows 10): Executed 1231 of 1649[31m (2 FAILED)[39m (0 secs / 3.136 secs)
[1A[2KChrome Headless 144.0.0.0 (Windows 10): Executed 1232 of 1649[31m (2 FAILED)[39m (0 secs / 3.136 secs)
[1A[2KChrome Headless 144.0.0.0 (Windows 10): Executed 1233 of 1649[31m (2 FAILED)[39m (0 secs / 3.136 secs)
[1A[2KChrome Headless 144.0.0.0 (Windows 10): Executed 1234 of 1649[31m (2 FAILED)[39m (0 secs / 3.137 secs)
[1A[2KChrome Headless 144.0.0.0 (Windows 10): Executed 1235 of 1649[31m (2 FAILED)[39m (0 secs / 3.138 secs)
[1A[2KChrome Headless 144.0.0.0 (Windows 10): Executed 1236 of 1649[31m (2 FAILED)[39m (0 secs / 3.138 secs)
[1A[2KChrome Headless 144.0.0.0 (Windows 10): Executed 1237 of 1649[31m (2 FAILED)[39m (0 secs / 3.139 secs)
[1A[2KChrome Headless 144.0.0.0 (Windows 10): Executed 1238 of 1649[31m (2 FAILED)[39m (0 secs / 3.14 secs)
[1A[2KChrome Headless 144.0.0.0 (Windows 10): Executed 1239 of 1649[31m (2 FAILED)[39m (0 secs / 3.14 secs)
[1A[2KChrome Headless 144.0.0.0 (Windows 10): Executed 1240 of 1649[31m (2 FAILED)[39m (0 secs / 3.14 secs)
[1A[2KChrome Headless 144.0.0.0 (Windows 10): Executed 1241 of 1649[31m (2 FAILED)[39m (0 secs / 3.141 secs)
[1A[2KChrome Headless 144.0.0.0 (Windows 10): Executed 1242 of 1649[31m (2 FAILED)[39m (0 secs / 3.142 secs)
[1A[2KChrome Headless 144.0.0.0 (Windows 10): Executed 1243 of 1649[31m (2 FAILED)[39m (0 secs / 3.142 secs)
[1A[2KChrome Headless 144.0.0.0 (Windows 10): Executed 1244 of 1649[31m (2 FAILED)[39m (0 secs / 3.143 secs)
[1A[2KChrome Headless 144.0.0.0 (Windows 10): Executed 1245 of 1649[31m (2 FAILED)[39m (0 secs / 3.146 secs)
[1A[2KChrome Headless 144.0.0.0 (Windows 10): Executed 1246 of 1649[31m (2 FAILED)[39m (0 secs / 3.147 secs)
[1A[2KChrome Headless 144.0.0.0 (Windows 10): Executed 1247 of 1649[31m (2 FAILED)[39m (0 secs / 3.147 secs)
[1A[2KChrome Headless 144.0.0.0 (Windows 10): Executed 1248 of 1649[31m (2 FAILED)[39m (0 secs / 3.147 secs)
[1A[2KChrome Headless 144.0.0.0 (Windows 10): Executed 1249 of 1649[31m (2 FAILED)[39m (0 secs / 3.148 secs)
[1A[2KChrome Headless 144.0.0.0 (Windows 10): Executed 1250 of 1649[31m (2 FAILED)[39m (0 secs / 3.149 secs)
[1A[2KChrome Headless 144.0.0.0 (Windows 10): Executed 1251 of 1649[31m (2 FAILED)[39m (0 secs / 3.149 secs)
[1A[2KChrome Headless 144.0.0.0 (Windows 10): Executed 1252 of 1649[31m (2 FAILED)[39m (0 secs / 3.149 secs)
[1A[2KChrome Headless 144.0.0.0 (Windows 10): Executed 1253 of 1649[31m (2 FAILED)[39m (0 secs / 3.15 secs)
[1A[2KChrome Headless 144.0.0.0 (Windows 10): Executed 1254 of 1649[31m (2 FAILED)[39m (0 secs / 3.151 secs)
[1A[2KChrome Headless 144.0.0.0 (Windows 10): Executed 1255 of 1649[31m (2 FAILED)[39m (0 secs / 3.152 secs)
[1A[2KChrome Headless 144.0.0.0 (Windows 10): Executed 1256 of 1649[31m (2 FAILED)[39m (0 secs / 3.153 secs)
[1A[2KChrome Headless 144.0.0.0 (Windows 10): Executed 1257 of 1649[31m (2 FAILED)[39m (0 secs / 3.154 secs)
[1A[2KChrome Headless 144.0.0.0 (Windows 10): Executed 1258 of 1649[31m (2 FAILED)[39m (0 secs / 3.154 secs)
[1A[2KChrome Headless 144.0.0.0 (Windows 10): Executed 1259 of 1649[31m (2 FAILED)[39m (0 secs / 3.154 secs)
[1A[2KChrome Headless 144.0.0.0 (Windows 10): Executed 1260 of 1649[31m (2 FAILED)[39m (0 secs / 3.155 secs)
[1A[2KChrome Headless 144.0.0.0 (Windows 10): Executed 1261 of 1649[31m (2 FAILED)[39m (0 secs / 3.156 secs)
[1A[2KChrome Headless 144.0.0.0 (Windows 10): Executed 1262 of 1649[31m (2 FAILED)[39m (0 secs / 3.157 secs)
[1A[2KChrome Headless 144.0.0.0 (Windows 10): Executed 1263 of 1649[31m (2 FAILED)[39m (0 secs / 3.158 secs)
[1A[2KChrome Headless 144.0.0.0 (Windows 10): Executed 1264 of 1649[31m (2 FAILED)[39m (0 secs / 3.158 secs)
[1A[2KChrome Headless 144.0.0.0 (Windows 10): Executed 1265 of 1649[31m (2 FAILED)[39m (0 secs / 3.159 secs)
[1A[2KChrome Headless 144.0.0.0 (Windows 10): Executed 1266 of 1649[31m (2 FAILED)[39m (0 secs / 3.159 secs)
[1A[2KChrome Headless 144.0.0.0 (Windows 10): Executed 1267 of 1649[31m (2 FAILED)[39m (0 secs / 3.16 secs)
[1A[2KChrome Headless 144.0.0.0 (Windows 10): Executed 1268 of 1649[31m (2 FAILED)[39m (0 secs / 3.16 secs)
[1A[2KChrome Headless 144.0.0.0 (Windows 10): Executed 1269 of 1649[31m (2 FAILED)[39m (0 secs / 3.161 secs)
[1A[2KChrome Headless 144.0.0.0 (Windows 10): Executed 1270 of 1649[31m (2 FAILED)[39m (0 secs / 3.162 secs)
[1A[2KChrome Headless 144.0.0.0 (Windows 10): Executed 1271 of 1649[31m (2 FAILED)[39m (0 secs / 3.162 secs)
[1A[2KERROR: [36m'GameDataService HTTP Error:', Object{status: 404, message: 'Ressource non trouvée', originalError: HttpErrorResponse{headers: _HttpHeaders{headers: ..., normalizedNames: ..., lazyInit: ..., lazyUpdate: ...}, status: 404, statusText: 'Not Found', url: 'http://localhost:8080/api/games/missing-id', ok: false, type: undefined, name: 'HttpErrorResponse', message: 'Http failure response for http://localhost:8080/api/games/missing-id: 404 Not Found', error: 'Not Found'}}[39m
Chrome Headless 144.0.0.0 (Windows 10): Executed 1271 of 1649[31m (2 FAILED)[39m (0 secs / 3.162 secs)
ERROR: 'GameDataService HTTP Error:', Object{status: 404, message: 'Ressource non trouvée', originalError: HttpErrorResponse{headers: _HttpHeaders{headers: ..., normalizedNames: ..., lazyInit: ..., lazyUpdate: ...}, status: 404, statusText: 'Not Found', url: 'http://localhost:8080/api/games/missing-id', ok: false, type: undefined, name: 'HttpErrorResponse', message: 'Http failure response for http://localhost:8080/api/games/missing-id: 404 Not Found', error: 'Not Found'}}
[1A[2KChrome Headless 144.0.0.0 (Windows 10): Executed 1272 of 1649[31m (2 FAILED)[39m (0 secs / 3.162 secs)
[1A[2KChrome Headless 144.0.0.0 (Windows 10): Executed 1273 of 1649[31m (2 FAILED)[39m (0 secs / 3.162 secs)
[1A[2KChrome Headless 144.0.0.0 (Windows 10): Executed 1274 of 1649[31m (2 FAILED)[39m (0 secs / 3.162 secs)
[1A[2KChrome Headless 144.0.0.0 (Windows 10): Executed 1275 of 1649[31m (2 FAILED)[39m (0 secs / 3.163 secs)
[1A[2KChrome Headless 144.0.0.0 (Windows 10): Executed 1276 of 1649[31m (2 FAILED)[39m (0 secs / 3.164 secs)
[1A[2KChrome Headless 144.0.0.0 (Windows 10): Executed 1277 of 1649[31m (2 FAILED)[39m (0 secs / 3.165 secs)
[1A[2KChrome Headless 144.0.0.0 (Windows 10): Executed 1278 of 1649[31m (2 FAILED)[39m (0 secs / 3.167 secs)
[1A[2KChrome Headless 144.0.0.0 (Windows 10): Executed 1279 of 1649[31m (2 FAILED)[39m (0 secs / 3.169 secs)
[1A[2KChrome Headless 144.0.0.0 (Windows 10): Executed 1280 of 1649[31m (2 FAILED)[39m (0 secs / 3.17 secs)
[1A[2KChrome Headless 144.0.0.0 (Windows 10): Executed 1281 of 1649[31m (2 FAILED)[39m (0 secs / 3.174 secs)
[1A[2KChrome Headless 144.0.0.0 (Windows 10): Executed 1282 of 1649[31m (2 FAILED)[39m (0 secs / 3.175 secs)
[1A[2KChrome Headless 144.0.0.0 (Windows 10): Executed 1283 of 1649[31m (2 FAILED)[39m (0 secs / 3.176 secs)
[1A[2KChrome Headless 144.0.0.0 (Windows 10): Executed 1284 of 1649[31m (2 FAILED)[39m (0 secs / 3.177 secs)
[1A[2KChrome Headless 144.0.0.0 (Windows 10): Executed 1285 of 1649[31m (2 FAILED)[39m (0 secs / 3.179 secs)
[1A[2KChrome Headless 144.0.0.0 (Windows 10): Executed 1286 of 1649[31m (2 FAILED)[39m (0 secs / 3.182 secs)
[1A[2KChrome Headless 144.0.0.0 (Windows 10): Executed 1287 of 1649[31m (2 FAILED)[39m (0 secs / 3.184 secs)
[1A[2KChrome Headless 144.0.0.0 (Windows 10): Executed 1288 of 1649[31m (2 FAILED)[39m (0 secs / 3.186 secs)
[1A[2KChrome Headless 144.0.0.0 (Windows 10): Executed 1289 of 1649[31m (2 FAILED)[39m (0 secs / 3.188 secs)
[1A[2KChrome Headless 144.0.0.0 (Windows 10): Executed 1290 of 1649[31m (2 FAILED)[39m (0 secs / 3.189 secs)
[1A[2KChrome Headless 144.0.0.0 (Windows 10): Executed 1291 of 1649[31m (2 FAILED)[39m (0 secs / 3.191 secs)
[1A[2KChrome Headless 144.0.0.0 (Windows 10): Executed 1292 of 1649[31m (2 FAILED)[39m (0 secs / 3.193 secs)
[1A[2KChrome Headless 144.0.0.0 (Windows 10): Executed 1293 of 1649[31m (2 FAILED)[39m (0 secs / 3.196 secs)
[1A[2KChrome Headless 144.0.0.0 (Windows 10): Executed 1294 of 1649[31m (2 FAILED)[39m (0 secs / 3.198 secs)
[1A[2KChrome Headless 144.0.0.0 (Windows 10): Executed 1295 of 1649[31m (2 FAILED)[39m (0 secs / 3.199 secs)
[1A[2KChrome Headless 144.0.0.0 (Windows 10): Executed 1296 of 1649[31m (2 FAILED)[39m (0 secs / 3.201 secs)
[1A[2KChrome Headless 144.0.0.0 (Windows 10): Executed 1297 of 1649[31m (2 FAILED)[39m (0 secs / 3.202 secs)
[1A[2KChrome Headless 144.0.0.0 (Windows 10): Executed 1298 of 1649[31m (2 FAILED)[39m (0 secs / 3.203 secs)
[1A[2KChrome Headless 144.0.0.0 (Windows 10): Executed 1299 of 1649[31m (2 FAILED)[39m (0 secs / 3.206 secs)
[1A[2KChrome Headless 144.0.0.0 (Windows 10): Executed 1300 of 1649[31m (2 FAILED)[39m (0 secs / 3.208 secs)
[1A[2KChrome Headless 144.0.0.0 (Windows 10): Executed 1301 of 1649[31m (2 FAILED)[39m (0 secs / 3.209 secs)
[1A[2KChrome Headless 144.0.0.0 (Windows 10): Executed 1302 of 1649[31m (2 FAILED)[39m (0 secs / 3.21 secs)
[1A[2KChrome Headless 144.0.0.0 (Windows 10): Executed 1303 of 1649[31m (2 FAILED)[39m (0 secs / 3.21 secs)
[1A[2KChrome Headless 144.0.0.0 (Windows 10): Executed 1304 of 1649[31m (2 FAILED)[39m (0 secs / 3.21 secs)
[1A[2KChrome Headless 144.0.0.0 (Windows 10): Executed 1305 of 1649[31m (2 FAILED)[39m (0 secs / 3.211 secs)
[1A[2KChrome Headless 144.0.0.0 (Windows 10): Executed 1306 of 1649[31m (2 FAILED)[39m (0 secs / 3.211 secs)
[1A[2KChrome Headless 144.0.0.0 (Windows 10): Executed 1307 of 1649[31m (2 FAILED)[39m (0 secs / 3.212 secs)
[1A[2KChrome Headless 144.0.0.0 (Windows 10): Executed 1308 of 1649[31m (2 FAILED)[39m (0 secs / 3.213 secs)
[1A[2KChrome Headless 144.0.0.0 (Windows 10): Executed 1309 of 1649[31m (2 FAILED)[39m (0 secs / 3.213 secs)
[1A[2KChrome Headless 144.0.0.0 (Windows 10): Executed 1310 of 1649[31m (2 FAILED)[39m (0 secs / 3.214 secs)
[1A[2KChrome Headless 144.0.0.0 (Windows 10): Executed 1311 of 1649[31m (2 FAILED)[39m (0 secs / 3.215 secs)
[1A[2KChrome Headless 144.0.0.0 (Windows 10): Executed 1312 of 1649[31m (2 FAILED)[39m (0 secs / 3.215 secs)
[1A[2KChrome Headless 144.0.0.0 (Windows 10): Executed 1313 of 1649[31m (2 FAILED)[39m (0 secs / 3.215 secs)
[1A[2KChrome Headless 144.0.0.0 (Windows 10): Executed 1314 of 1649[31m (2 FAILED)[39m (0 secs / 3.216 secs)
[1A[2KChrome Headless 144.0.0.0 (Windows 10): Executed 1315 of 1649[31m (2 FAILED)[39m (0 secs / 3.216 secs)
[1A[2KChrome Headless 144.0.0.0 (Windows 10): Executed 1316 of 1649[31m (2 FAILED)[39m (0 secs / 3.216 secs)
[1A[2KChrome Headless 144.0.0.0 (Windows 10): Executed 1317 of 1649[31m (2 FAILED)[39m (0 secs / 3.216 secs)
[1A[2KChrome Headless 144.0.0.0 (Windows 10): Executed 1318 of 1649[31m (2 FAILED)[39m (0 secs / 3.216 secs)
[1A[2KChrome Headless 144.0.0.0 (Windows 10): Executed 1319 of 1649[31m (2 FAILED)[39m (0 secs / 3.217 secs)
[1A[2KChrome Headless 144.0.0.0 (Windows 10): Executed 1320 of 1649[31m (2 FAILED)[39m (0 secs / 3.217 secs)
[1A[2KChrome Headless 144.0.0.0 (Windows 10): Executed 1321 of 1649[31m (2 FAILED)[39m (0 secs / 3.218 secs)
[1A[2KChrome Headless 144.0.0.0 (Windows 10): Executed 1322 of 1649[31m (2 FAILED)[39m (0 secs / 3.219 secs)
[1A[2KChrome Headless 144.0.0.0 (Windows 10): Executed 1323 of 1649[31m (2 FAILED)[39m (0 secs / 3.219 secs)
[1A[2KChrome Headless 144.0.0.0 (Windows 10): Executed 1324 of 1649[31m (2 FAILED)[39m (0 secs / 3.226 secs)
[1A[2KChrome Headless 144.0.0.0 (Windows 10): Executed 1325 of 1649[31m (2 FAILED)[39m (0 secs / 3.227 secs)
[1A[2KChrome Headless 144.0.0.0 (Windows 10): Executed 1326 of 1649[31m (2 FAILED)[39m (0 secs / 3.228 secs)
[1A[2KChrome Headless 144.0.0.0 (Windows 10): Executed 1327 of 1649[31m (2 FAILED)[39m (0 secs / 3.228 secs)
[1A[2KChrome Headless 144.0.0.0 (Windows 10): Executed 1328 of 1649[31m (2 FAILED)[39m (0 secs / 3.229 secs)
[1A[2KChrome Headless 144.0.0.0 (Windows 10): Executed 1329 of 1649[31m (2 FAILED)[39m (0 secs / 3.23 secs)
[1A[2KChrome Headless 144.0.0.0 (Windows 10): Executed 1330 of 1649[31m (2 FAILED)[39m (0 secs / 3.23 secs)
[1A[2KChrome Headless 144.0.0.0 (Windows 10): Executed 1331 of 1649[31m (2 FAILED)[39m (0 secs / 3.231 secs)
[1A[2KChrome Headless 144.0.0.0 (Windows 10): Executed 1332 of 1649[31m (2 FAILED)[39m (0 secs / 3.231 secs)
[1A[2KChrome Headless 144.0.0.0 (Windows 10): Executed 1333 of 1649[31m (2 FAILED)[39m (0 secs / 3.231 secs)
[1A[2KChrome Headless 144.0.0.0 (Windows 10): Executed 1334 of 1649[31m (2 FAILED)[39m (0 secs / 3.232 secs)
[1A[2KChrome Headless 144.0.0.0 (Windows 10): Executed 1335 of 1649[31m (2 FAILED)[39m (0 secs / 3.232 secs)
[1A[2KChrome Headless 144.0.0.0 (Windows 10): Executed 1336 of 1649[31m (2 FAILED)[39m (0 secs / 3.233 secs)
[1A[2KChrome Headless 144.0.0.0 (Windows 10): Executed 1337 of 1649[31m (2 FAILED)[39m (0 secs / 3.233 secs)
[1A[2KChrome Headless 144.0.0.0 (Windows 10): Executed 1338 of 1649[31m (2 FAILED)[39m (0 secs / 3.234 secs)
[1A[2KChrome Headless 144.0.0.0 (Windows 10): Executed 1339 of 1649[31m (2 FAILED)[39m (0 secs / 3.234 secs)
[1A[2KChrome Headless 144.0.0.0 (Windows 10): Executed 1340 of 1649[31m (2 FAILED)[39m (0 secs / 3.235 secs)
[1A[2KChrome Headless 144.0.0.0 (Windows 10): Executed 1341 of 1649[31m (2 FAILED)[39m (0 secs / 3.235 secs)
[1A[2KChrome Headless 144.0.0.0 (Windows 10): Executed 1342 of 1649[31m (2 FAILED)[39m (0 secs / 3.236 secs)
[1A[2KChrome Headless 144.0.0.0 (Windows 10): Executed 1343 of 1649[31m (2 FAILED)[39m (0 secs / 3.239 secs)
[1A[2KChrome Headless 144.0.0.0 (Windows 10): Executed 1344 of 1649[31m (2 FAILED)[39m (0 secs / 3.24 secs)
[1A[2KChrome Headless 144.0.0.0 (Windows 10): Executed 1345 of 1649[31m (2 FAILED)[39m (0 secs / 3.241 secs)
[1A[2KChrome Headless 144.0.0.0 (Windows 10): Executed 1346 of 1649[31m (2 FAILED)[39m (0 secs / 3.242 secs)
[1A[2KChrome Headless 144.0.0.0 (Windows 10): Executed 1347 of 1649[31m (2 FAILED)[39m (0 secs / 3.246 secs)
[1A[2KChrome Headless 144.0.0.0 (Windows 10): Executed 1348 of 1649[31m (2 FAILED)[39m (0 secs / 3.247 secs)
[1A[2KChrome Headless 144.0.0.0 (Windows 10): Executed 1349 of 1649[31m (2 FAILED)[39m (0 secs / 3.249 secs)
[1A[2KChrome Headless 144.0.0.0 (Windows 10): Executed 1350 of 1649[31m (2 FAILED)[39m (0 secs / 3.251 secs)
[1A[2KChrome Headless 144.0.0.0 (Windows 10): Executed 1351 of 1649[31m (2 FAILED)[39m (0 secs / 3.252 secs)
[1A[2KChrome Headless 144.0.0.0 (Windows 10): Executed 1352 of 1649[31m (2 FAILED)[39m (0 secs / 3.253 secs)
[1A[2KChrome Headless 144.0.0.0 (Windows 10): Executed 1353 of 1649[31m (2 FAILED)[39m (0 secs / 3.254 secs)
[1A[2KChrome Headless 144.0.0.0 (Windows 10): Executed 1354 of 1649[31m (2 FAILED)[39m (0 secs / 3.255 secs)
[1A[2KChrome Headless 144.0.0.0 (Windows 10): Executed 1355 of 1649[31m (2 FAILED)[39m (0 secs / 3.258 secs)
[1A[2KChrome Headless 144.0.0.0 (Windows 10): Executed 1356 of 1649[31m (2 FAILED)[39m (0 secs / 3.262 secs)
[1A[2KChrome Headless 144.0.0.0 (Windows 10): Executed 1357 of 1649[31m (2 FAILED)[39m (0 secs / 3.264 secs)
[1A[2KChrome Headless 144.0.0.0 (Windows 10): Executed 1358 of 1649[31m (2 FAILED)[39m (0 secs / 3.265 secs)
[1A[2KChrome Headless 144.0.0.0 (Windows 10): Executed 1359 of 1649[31m (2 FAILED)[39m (0 secs / 3.267 secs)
[1A[2KChrome Headless 144.0.0.0 (Windows 10): Executed 1360 of 1649[31m (2 FAILED)[39m (0 secs / 3.268 secs)
[1A[2KChrome Headless 144.0.0.0 (Windows 10): Executed 1361 of 1649[31m (2 FAILED)[39m (0 secs / 3.269 secs)
[1A[2KChrome Headless 144.0.0.0 (Windows 10): Executed 1362 of 1649[31m (2 FAILED)[39m (0 secs / 3.271 secs)
[1A[2KChrome Headless 144.0.0.0 (Windows 10): Executed 1363 of 1649[31m (2 FAILED)[39m (0 secs / 3.271 secs)
[1A[2KChrome Headless 144.0.0.0 (Windows 10): Executed 1364 of 1649[31m (2 FAILED)[39m (0 secs / 3.271 secs)
[1A[2KChrome Headless 144.0.0.0 (Windows 10): Executed 1365 of 1649[31m (2 FAILED)[39m (0 secs / 3.271 secs)
[1A[2KChrome Headless 144.0.0.0 (Windows 10): Executed 1366 of 1649[31m (2 FAILED)[39m (0 secs / 3.271 secs)
[1A[2KChrome Headless 144.0.0.0 (Windows 10): Executed 1367 of 1649[31m (2 FAILED)[39m (0 secs / 3.271 secs)
[1A[2KChrome Headless 144.0.0.0 (Windows 10): Executed 1368 of 1649[31m (2 FAILED)[39m (0 secs / 3.272 secs)
[1A[2KChrome Headless 144.0.0.0 (Windows 10): Executed 1369 of 1649[31m (2 FAILED)[39m (0 secs / 3.272 secs)
[1A[2KChrome Headless 144.0.0.0 (Windows 10): Executed 1370 of 1649[31m (2 FAILED)[39m (0 secs / 3.273 secs)
[1A[2KChrome Headless 144.0.0.0 (Windows 10): Executed 1371 of 1649[31m (2 FAILED)[39m (0 secs / 3.273 secs)
[1A[2KChrome Headless 144.0.0.0 (Windows 10): Executed 1372 of 1649[31m (2 FAILED)[39m (0 secs / 3.274 secs)
[1A[2KChrome Headless 144.0.0.0 (Windows 10): Executed 1373 of 1649[31m (2 FAILED)[39m (0 secs / 3.274 secs)
[1A[2KChrome Headless 144.0.0.0 (Windows 10): Executed 1374 of 1649[31m (2 FAILED)[39m (0 secs / 3.274 secs)
[1A[2KChrome Headless 144.0.0.0 (Windows 10): Executed 1375 of 1649[31m (2 FAILED)[39m (0 secs / 3.274 secs)
[1A[2KChrome Headless 144.0.0.0 (Windows 10): Executed 1376 of 1649[31m (2 FAILED)[39m (0 secs / 3.274 secs)
[1A[2KChrome Headless 144.0.0.0 (Windows 10): Executed 1377 of 1649[31m (2 FAILED)[39m (0 secs / 3.275 secs)
[1A[2KChrome Headless 144.0.0.0 (Windows 10): Executed 1378 of 1649[31m (2 FAILED)[39m (0 secs / 3.275 secs)
[1A[2KChrome Headless 144.0.0.0 (Windows 10): Executed 1379 of 1649[31m (2 FAILED)[39m (0 secs / 3.276 secs)
[1A[2KChrome Headless 144.0.0.0 (Windows 10): Executed 1380 of 1649[31m (2 FAILED)[39m (0 secs / 3.276 secs)
[1A[2KChrome Headless 144.0.0.0 (Windows 10): Executed 1381 of 1649[31m (2 FAILED)[39m (0 secs / 3.278 secs)
[1A[2KChrome Headless 144.0.0.0 (Windows 10): Executed 1382 of 1649[31m (2 FAILED)[39m (0 secs / 3.278 secs)
[1A[2KChrome Headless 144.0.0.0 (Windows 10): Executed 1383 of 1649[31m (2 FAILED)[39m (0 secs / 3.279 secs)
[1A[2KChrome Headless 144.0.0.0 (Windows 10): Executed 1384 of 1649[31m (2 FAILED)[39m (0 secs / 3.279 secs)
[1A[2KChrome Headless 144.0.0.0 (Windows 10): Executed 1385 of 1649[31m (2 FAILED)[39m (0 secs / 3.28 secs)
[1A[2KChrome Headless 144.0.0.0 (Windows 10): Executed 1386 of 1649[31m (2 FAILED)[39m (0 secs / 3.28 secs)
[1A[2KChrome Headless 144.0.0.0 (Windows 10): Executed 1387 of 1649[31m (2 FAILED)[39m (0 secs / 3.28 secs)
[1A[2KChrome Headless 144.0.0.0 (Windows 10): Executed 1388 of 1649[31m (2 FAILED)[39m (0 secs / 3.28 secs)
[1A[2KChrome Headless 144.0.0.0 (Windows 10): Executed 1389 of 1649[31m (2 FAILED)[39m (0 secs / 3.281 secs)
[1A[2KChrome Headless 144.0.0.0 (Windows 10): Executed 1390 of 1649[31m (2 FAILED)[39m (0 secs / 3.281 secs)
[1A[2KChrome Headless 144.0.0.0 (Windows 10): Executed 1391 of 1649[31m (2 FAILED)[39m (0 secs / 3.282 secs)
[1A[2KChrome Headless 144.0.0.0 (Windows 10): Executed 1392 of 1649[31m (2 FAILED)[39m (0 secs / 3.282 secs)
[1A[2KChrome Headless 144.0.0.0 (Windows 10): Executed 1393 of 1649[31m (2 FAILED)[39m (0 secs / 3.283 secs)
[1A[2KChrome Headless 144.0.0.0 (Windows 10): Executed 1394 of 1649[31m (2 FAILED)[39m (0 secs / 3.283 secs)
[1A[2KChrome Headless 144.0.0.0 (Windows 10): Executed 1395 of 1649[31m (2 FAILED)[39m (0 secs / 3.284 secs)
[1A[2KChrome Headless 144.0.0.0 (Windows 10): Executed 1396 of 1649[31m (2 FAILED)[39m (0 secs / 3.284 secs)
[1A[2KChrome Headless 144.0.0.0 (Windows 10): Executed 1397 of 1649[31m (2 FAILED)[39m (0 secs / 3.285 secs)
[1A[2KChrome Headless 144.0.0.0 (Windows 10): Executed 1398 of 1649[31m (2 FAILED)[39m (0 secs / 3.306 secs)
[1A[2KChrome Headless 144.0.0.0 (Windows 10): Executed 1399 of 1649[31m (2 FAILED)[39m (0 secs / 3.316 secs)
[1A[2KChrome Headless 144.0.0.0 (Windows 10): Executed 1400 of 1649[31m (2 FAILED)[39m (0 secs / 3.332 secs)
[1A[2KChrome Headless 144.0.0.0 (Windows 10): Executed 1401 of 1649[31m (2 FAILED)[39m (0 secs / 3.344 secs)
[1A[2KChrome Headless 144.0.0.0 (Windows 10): Executed 1402 of 1649[31m (2 FAILED)[39m (0 secs / 3.355 secs)
[1A[2KChrome Headless 144.0.0.0 (Windows 10): Executed 1403 of 1649[31m (2 FAILED)[39m (0 secs / 3.366 secs)
[1A[2KChrome Headless 144.0.0.0 (Windows 10): Executed 1404 of 1649[31m (2 FAILED)[39m (0 secs / 3.381 secs)
[1A[2KChrome Headless 144.0.0.0 (Windows 10): Executed 1405 of 1649[31m (2 FAILED)[39m (0 secs / 3.393 secs)
[1A[2KChrome Headless 144.0.0.0 (Windows 10): Executed 1406 of 1649[31m (2 FAILED)[39m (0 secs / 3.393 secs)
[1A[2KChrome Headless 144.0.0.0 (Windows 10): Executed 1407 of 1649[31m (2 FAILED)[39m (0 secs / 3.393 secs)
[1A[2KChrome Headless 144.0.0.0 (Windows 10): Executed 1408 of 1649[31m (2 FAILED)[39m (0 secs / 3.393 secs)
[1A[2KChrome Headless 144.0.0.0 (Windows 10): Executed 1409 of 1649[31m (2 FAILED)[39m (0 secs / 3.393 secs)
[1A[2KChrome Headless 144.0.0.0 (Windows 10): Executed 1410 of 1649[31m (2 FAILED)[39m (0 secs / 3.394 secs)
[1A[2KChrome Headless 144.0.0.0 (Windows 10): Executed 1411 of 1649[31m (2 FAILED)[39m (0 secs / 3.394 secs)
[1A[2KChrome Headless 144.0.0.0 (Windows 10): Executed 1412 of 1649[31m (2 FAILED)[39m (0 secs / 3.394 secs)
[1A[2KChrome Headless 144.0.0.0 (Windows 10): Executed 1413 of 1649[31m (2 FAILED)[39m (0 secs / 3.394 secs)
[1A[2KChrome Headless 144.0.0.0 (Windows 10): Executed 1414 of 1649[31m (2 FAILED)[39m (0 secs / 3.394 secs)
[1A[2KChrome Headless 144.0.0.0 (Windows 10): Executed 1415 of 1649[31m (2 FAILED)[39m (0 secs / 3.394 secs)
[1A[2KChrome Headless 144.0.0.0 (Windows 10): Executed 1416 of 1649[31m (2 FAILED)[39m (0 secs / 3.394 secs)
[1A[2KChrome Headless 144.0.0.0 (Windows 10): Executed 1417 of 1649[31m (2 FAILED)[39m (0 secs / 3.394 secs)
[1A[2KChrome Headless 144.0.0.0 (Windows 10): Executed 1418 of 1649[31m (2 FAILED)[39m (0 secs / 3.394 secs)
[1A[2KChrome Headless 144.0.0.0 (Windows 10): Executed 1419 of 1649[31m (2 FAILED)[39m (0 secs / 3.394 secs)
[1A[2KChrome Headless 144.0.0.0 (Windows 10): Executed 1420 of 1649[31m (2 FAILED)[39m (0 secs / 3.394 secs)
[1A[2KWARN: [36m'StatsApiMapper: API response is null or undefined'[39m
Chrome Headless 144.0.0.0 (Windows 10): Executed 1420 of 1649[31m (2 FAILED)[39m (0 secs / 3.394 secs)
WARN: 'StatsApiMapper: API response is null or undefined'
[1A[2KChrome Headless 144.0.0.0 (Windows 10): Executed 1421 of 1649[31m (2 FAILED)[39m (0 secs / 3.394 secs)
[1A[2KChrome Headless 144.0.0.0 (Windows 10): Executed 1422 of 1649[31m (2 FAILED)[39m (0 secs / 3.394 secs)
[1A[2KWARN: [36m'StatsApiMapper: API response is null or undefined'[39m
Chrome Headless 144.0.0.0 (Windows 10): Executed 1422 of 1649[31m (2 FAILED)[39m (0 secs / 3.394 secs)
WARN: 'StatsApiMapper: API response is null or undefined'
[1A[2KChrome Headless 144.0.0.0 (Windows 10): Executed 1423 of 1649[31m (2 FAILED)[39m (0 secs / 3.394 secs)
[1A[2KChrome Headless 144.0.0.0 (Windows 10): Executed 1424 of 1649[31m (2 FAILED)[39m (0 secs / 3.394 secs)
[1A[2KChrome Headless 144.0.0.0 (Windows 10): Executed 1425 of 1649[31m (2 FAILED)[39m (0 secs / 3.394 secs)
[1A[2KChrome Headless 144.0.0.0 (Windows 10): Executed 1426 of 1649[31m (2 FAILED)[39m (0 secs / 3.394 secs)
[1A[2KChrome Headless 144.0.0.0 (Windows 10): Executed 1427 of 1649[31m (2 FAILED)[39m (0 secs / 3.394 secs)
[1A[2KChrome Headless 144.0.0.0 (Windows 10): Executed 1428 of 1649[31m (2 FAILED)[39m (0 secs / 3.395 secs)
[1A[2KChrome Headless 144.0.0.0 (Windows 10): Executed 1429 of 1649[31m (2 FAILED)[39m (0 secs / 3.395 secs)
[1A[2KChrome Headless 144.0.0.0 (Windows 10): Executed 1430 of 1649[31m (2 FAILED)[39m (0 secs / 3.395 secs)
[1A[2KChrome Headless 144.0.0.0 (Windows 10): Executed 1431 of 1649[31m (2 FAILED)[39m (0 secs / 3.395 secs)
[1A[2KChrome Headless 144.0.0.0 (Windows 10): Executed 1432 of 1649[31m (2 FAILED)[39m (0 secs / 3.395 secs)
[1A[2KChrome Headless 144.0.0.0 (Windows 10): Executed 1433 of 1649[31m (2 FAILED)[39m (0 secs / 3.395 secs)
[1A[2KChrome Headless 144.0.0.0 (Windows 10): Executed 1434 of 1649[31m (2 FAILED)[39m (0 secs / 3.395 secs)
[1A[2KChrome Headless 144.0.0.0 (Windows 10): Executed 1435 of 1649[31m (2 FAILED)[39m (0 secs / 3.395 secs)
[1A[2KWARN: [36m'StatsApiMapper: Season progress out of valid range (0-100)'[39m
Chrome Headless 144.0.0.0 (Windows 10): Executed 1435 of 1649[31m (2 FAILED)[39m (0 secs / 3.395 secs)
WARN: 'StatsApiMapper: Season progress out of valid range (0-100)'
[1A[2KChrome Headless 144.0.0.0 (Windows 10): Executed 1436 of 1649[31m (2 FAILED)[39m (0 secs / 3.395 secs)
[1A[2KChrome Headless 144.0.0.0 (Windows 10): Executed 1437 of 1649[31m (2 FAILED)[39m (0 secs / 3.395 secs)
[1A[2KChrome Headless 144.0.0.0 (Windows 10): Executed 1438 of 1649[31m (2 FAILED)[39m (0 secs / 3.395 secs)
[1A[2KWARN: [36m'StatsApiMapper: Players exist but no teams - inconsistent data'[39m
Chrome Headless 144.0.0.0 (Windows 10): Executed 1438 of 1649[31m (2 FAILED)[39m (0 secs / 3.395 secs)
WARN: 'StatsApiMapper: Players exist but no teams - inconsistent data'
[1A[2KChrome Headless 144.0.0.0 (Windows 10): Executed 1439 of 1649[31m (2 FAILED)[39m (0 secs / 3.395 secs)
[1A[2KWARN: [36m'StatsApiMapper: Season progress out of valid range (0-100)'[39m
Chrome Headless 144.0.0.0 (Windows 10): Executed 1439 of 1649[31m (2 FAILED)[39m (0 secs / 3.395 secs)
WARN: 'StatsApiMapper: Season progress out of valid range (0-100)'
[1A[2KChrome Headless 144.0.0.0 (Windows 10): Executed 1440 of 1649[31m (2 FAILED)[39m (0 secs / 3.395 secs)
[1A[2KWARN: [36m'StatsApiMapper: Negative values detected in stats'[39m
Chrome Headless 144.0.0.0 (Windows 10): Executed 1440 of 1649[31m (2 FAILED)[39m (0 secs / 3.395 secs)
WARN: 'StatsApiMapper: Negative values detected in stats'
[1A[2KChrome Headless 144.0.0.0 (Windows 10): Executed 1441 of 1649[31m (2 FAILED)[39m (0 secs / 3.395 secs)
[1A[2KWARN: [36m'StatsApiMapper: Mapped stats is null or undefined'[39m
Chrome Headless 144.0.0.0 (Windows 10): Executed 1441 of 1649[31m (2 FAILED)[39m (0 secs / 3.395 secs)
WARN: 'StatsApiMapper: Mapped stats is null or undefined'
[1A[2KChrome Headless 144.0.0.0 (Windows 10): Executed 1442 of 1649[31m (2 FAILED)[39m (0 secs / 3.395 secs)
[1A[2KWARN: [36m'StatsApiMapper: Required field 'totalPoints' is missing'[39m
Chrome Headless 144.0.0.0 (Windows 10): Executed 1442 of 1649[31m (2 FAILED)[39m (0 secs / 3.395 secs)
WARN: 'StatsApiMapper: Required field 'totalPoints' is missing'
[1A[2KChrome Headless 144.0.0.0 (Windows 10): Executed 1443 of 1649[31m (2 FAILED)[39m (0 secs / 3.395 secs)
[1A[2KWARN: [36m'StatsApiMapper: Mapped stats is null or undefined'[39m
Chrome Headless 144.0.0.0 (Windows 10): Executed 1443 of 1649[31m (2 FAILED)[39m (0 secs / 3.395 secs)
WARN: 'StatsApiMapper: Mapped stats is null or undefined'
[1A[2KChrome Headless 144.0.0.0 (Windows 10): Executed 1444 of 1649[31m (2 FAILED)[39m (0 secs / 3.395 secs)
[1A[2KWARN: [36m'StatsApiMapper: Negative values detected in stats'[39m
Chrome Headless 144.0.0.0 (Windows 10): Executed 1444 of 1649[31m (2 FAILED)[39m (0 secs / 3.395 secs)
WARN: 'StatsApiMapper: Negative values detected in stats'
[1A[2KChrome Headless 144.0.0.0 (Windows 10): Executed 1445 of 1649[31m (2 FAILED)[39m (0 secs / 3.395 secs)
[1A[2KChrome Headless 144.0.0.0 (Windows 10): Executed 1446 of 1649[31m (2 FAILED)[39m (0 secs / 3.395 secs)
[1A[2KChrome Headless 144.0.0.0 (Windows 10): Executed 1447 of 1649[31m (2 FAILED)[39m (0 secs / 3.395 secs)
[1A[2KChrome Headless 144.0.0.0 (Windows 10): Executed 1448 of 1649[31m (2 FAILED)[39m (0 secs / 3.396 secs)
[1A[2KERROR: [36m'[ERROR] 2026-02-08T17:02:18.013Z ❌ Error loading leaderboard statistics:', Object{timestamp: '2026-02-08T17:02:18.013Z', level: 'ERROR', message: '❌ Error loading leaderboard statistics:', context: HttpErrorResponse{headers: _HttpHeaders{headers: ..., normalizedNames: ..., lazyInit: ..., lazyUpdate: ...}, status: 0, statusText: 'Unknown Error', url: 'http://localhost:8080/api/leaderboard/stats?season=2025&gameId=test-game-id', ok: false, type: undefined, name: 'HttpErrorResponse', message: 'Http failure response for http://localhost:8080/api/leaderboard/stats?season=2025&gameId=test-game-id: 0 ', error: ProgressEvent{isTrusted: ...}}, url: 'http://localhost:9876/context.html', userAgent: 'Mozilla/5.0 (Windows NT 10.0; Win64; x64) AppleWeb'}[39m
Chrome Headless 144.0.0.0 (Windows 10): Executed 1448 of 1649[31m (2 FAILED)[39m (0 secs / 3.396 secs)
ERROR: '[ERROR] 2026-02-08T17:02:18.013Z ❌ Error loading leaderboard statistics:', Object{timestamp: '2026-02-08T17:02:18.013Z', level: 'ERROR', message: '❌ Error loading leaderboard statistics:', context: HttpErrorResponse{headers: _HttpHeaders{headers: ..., normalizedNames: ..., lazyInit: ..., lazyUpdate: ...}, status: 0, statusText: 'Unknown Error', url: 'http://localhost:8080/api/leaderboard/stats?season=2025&gameId=test-game-id', ok: false, type: undefined, name: 'HttpErrorResponse', message: 'Http failure response for http://localhost:8080/api/leaderboard/stats?season=2025&gameId=test-game-id: 0 ', error: ProgressEvent{isTrusted: ...}}, url: 'http://localhost:9876/context.html', userAgent: 'Mozilla/5.0 (Windows NT 10.0; Win64; x64) AppleWeb'}
[1A[2KChrome Headless 144.0.0.0 (Windows 10): Executed 1449 of 1649[31m (2 FAILED)[39m (0 secs / 3.397 secs)
[1A[2KWARN: [36m'⚠️ Ce test montre le problème : on compte seulement les joueurs dans les équipes (12) au lieu du total BDD (147)'[39m
Chrome Headless 144.0.0.0 (Windows 10): Executed 1449 of 1649[31m (2 FAILED)[39m (0 secs / 3.397 secs)
WARN: '⚠️ Ce test montre le problème : on compte seulement les joueurs dans les équipes (12) au lieu du total BDD (147)'
[1A[2KChrome Headless 144.0.0.0 (Windows 10): Executed 1450 of 1649[31m (2 FAILED)[39m (0 secs / 3.397 secs)
[1A[2KLOG: [36m'✅ Solution : utiliser les statistiques directement de l'endpoint /api/leaderboard/stats'[39m
Chrome Headless 144.0.0.0 (Windows 10): Executed 1450 of 1649[31m (2 FAILED)[39m (0 secs / 3.397 secs)
LOG: '✅ Solution : utiliser les statistiques directement de l'endpoint /api/leaderboard/stats'
[1A[2KChrome Headless 144.0.0.0 (Windows 10): Executed 1451 of 1649[31m (2 FAILED)[39m (0 secs / 3.397 secs)
[1A[2KChrome Headless 144.0.0.0 (Windows 10): Executed 1452 of 1649[31m (2 FAILED)[39m (0 secs / 3.398 secs)
[1A[2KChrome Headless 144.0.0.0 (Windows 10): Executed 1453 of 1649[31m (2 FAILED)[39m (0 secs / 3.413 secs)
[1A[2KChrome Headless 144.0.0.0 (Windows 10): Executed 1454 of 1649[31m (2 FAILED)[39m (0 secs / 3.421 secs)
[1A[2KChrome Headless 144.0.0.0 (Windows 10): Executed 1455 of 1649[31m (2 FAILED)[39m (0 secs / 3.429 secs)
[1A[2KChrome Headless 144.0.0.0 (Windows 10): Executed 1456 of 1649[31m (2 FAILED)[39m (0 secs / 3.436 secs)
[1A[2KChrome Headless 144.0.0.0 (Windows 10): Executed 1457 of 1649[31m (2 FAILED)[39m (0 secs / 3.445 secs)
[1A[2KChrome Headless 144.0.0.0 (Windows 10): Executed 1458 of 1649[31m (2 FAILED)[39m (0 secs / 3.457 secs)
[1A[2KChrome Headless 144.0.0.0 (Windows 10): Executed 1459 of 1649[31m (2 FAILED)[39m (0 secs / 3.467 secs)
[1A[2KChrome Headless 144.0.0.0 (Windows 10): Executed 1460 of 1649[31m (2 FAILED)[39m (0 secs / 3.475 secs)
[1A[2KChrome Headless 144.0.0.0 (Windows 10): Executed 1461 of 1649[31m (2 FAILED)[39m (0 secs / 3.483 secs)
[1A[2KChrome Headless 144.0.0.0 (Windows 10): Executed 1462 of 1649[31m (2 FAILED)[39m (0 secs / 3.491 secs)
[1A[2KChrome Headless 144.0.0.0 (Windows 10): Executed 1463 of 1649[31m (2 FAILED)[39m (0 secs / 3.499 secs)
[1A[2KChrome Headless 144.0.0.0 (Windows 10): Executed 1464 of 1649[31m (2 FAILED)[39m (0 secs / 3.506 secs)
[1A[2KChrome Headless 144.0.0.0 (Windows 10): Executed 1465 of 1649[31m (2 FAILED)[39m (0 secs / 3.51 secs)
[1A[2KChrome Headless 144.0.0.0 (Windows 10): Executed 1466 of 1649[31m (2 FAILED)[39m (0 secs / 3.513 secs)
[1A[2KChrome Headless 144.0.0.0 (Windows 10): Executed 1467 of 1649[31m (2 FAILED)[39m (0 secs / 3.516 secs)
[1A[2KChrome Headless 144.0.0.0 (Windows 10): Executed 1468 of 1649[31m (2 FAILED)[39m (0 secs / 3.518 secs)
[1A[2KChrome Headless 144.0.0.0 (Windows 10): Executed 1469 of 1649[31m (2 FAILED)[39m (0 secs / 3.52 secs)
[1A[2KChrome Headless 144.0.0.0 (Windows 10): Executed 1470 of 1649[31m (2 FAILED)[39m (0 secs / 3.521 secs)
[1A[2KChrome Headless 144.0.0.0 (Windows 10): Executed 1471 of 1649[31m (2 FAILED)[39m (0 secs / 3.524 secs)
[1A[2KChrome Headless 144.0.0.0 (Windows 10): Executed 1472 of 1649[31m (2 FAILED)[39m (0 secs / 3.526 secs)
[1A[2KChrome Headless 144.0.0.0 (Windows 10): Executed 1473 of 1649[31m (2 FAILED)[39m (0 secs / 3.528 secs)
[1A[2KChrome Headless 144.0.0.0 (Windows 10): Executed 1474 of 1649[31m (2 FAILED)[39m (0 secs / 3.529 secs)
[1A[2KChrome Headless 144.0.0.0 (Windows 10): Executed 1475 of 1649[31m (2 FAILED)[39m (0 secs / 3.53 secs)
[1A[2KChrome Headless 144.0.0.0 (Windows 10): Executed 1476 of 1649[31m (2 FAILED)[39m (0 secs / 3.532 secs)
[1A[2KChrome Headless 144.0.0.0 (Windows 10): Executed 1477 of 1649[31m (2 FAILED)[39m (0 secs / 3.533 secs)
[1A[2KChrome Headless 144.0.0.0 (Windows 10): Executed 1478 of 1649[31m (2 FAILED)[39m (0 secs / 3.533 secs)
[1A[2KChrome Headless 144.0.0.0 (Windows 10): Executed 1479 of 1649[31m (2 FAILED)[39m (0 secs / 3.534 secs)
[1A[2KChrome Headless 144.0.0.0 (Windows 10): Executed 1480 of 1649[31m (2 FAILED)[39m (0 secs / 3.535 secs)
[1A[2KChrome Headless 144.0.0.0 (Windows 10): Executed 1481 of 1649[31m (2 FAILED)[39m (0 secs / 3.535 secs)
[1A[2KChrome Headless 144.0.0.0 (Windows 10): Executed 1482 of 1649[31m (2 FAILED)[39m (0 secs / 3.535 secs)
[1A[2KChrome Headless 144.0.0.0 (Windows 10): Executed 1483 of 1649[31m (2 FAILED)[39m (0 secs / 3.536 secs)
[1A[2KChrome Headless 144.0.0.0 (Windows 10): Executed 1484 of 1649[31m (2 FAILED)[39m (0 secs / 3.538 secs)
[1A[2KChrome Headless 144.0.0.0 (Windows 10): Executed 1485 of 1649[31m (2 FAILED)[39m (0 secs / 3.539 secs)
[1A[2KChrome Headless 144.0.0.0 (Windows 10): Executed 1486 of 1649[31m (2 FAILED)[39m (0 secs / 3.539 secs)
[1A[2KChrome Headless 144.0.0.0 (Windows 10): Executed 1487 of 1649[31m (2 FAILED)[39m (0 secs / 3.539 secs)
[1A[2KChrome Headless 144.0.0.0 (Windows 10): Executed 1488 of 1649[31m (2 FAILED)[39m (0 secs / 3.54 secs)
[1A[2KChrome Headless 144.0.0.0 (Windows 10): Executed 1489 of 1649[31m (2 FAILED)[39m (0 secs / 3.541 secs)
[1A[2KChrome Headless 144.0.0.0 (Windows 10): Executed 1490 of 1649[31m (2 FAILED)[39m (0 secs / 3.542 secs)
[1A[2KChrome Headless 144.0.0.0 (Windows 10): Executed 1491 of 1649[31m (2 FAILED)[39m (0 secs / 3.543 secs)
[1A[2KChrome Headless 144.0.0.0 (Windows 10): Executed 1492 of 1649[31m (2 FAILED)[39m (0 secs / 3.543 secs)
[1A[2KChrome Headless 144.0.0.0 (Windows 10): Executed 1493 of 1649[31m (2 FAILED)[39m (0 secs / 3.544 secs)
[1A[2KChrome Headless 144.0.0.0 (Windows 10): Executed 1494 of 1649[31m (2 FAILED)[39m (0 secs / 3.545 secs)
[1A[2KChrome Headless 144.0.0.0 (Windows 10): Executed 1495 of 1649[31m (2 FAILED)[39m (0 secs / 3.563 secs)
[1A[2KChrome Headless 144.0.0.0 (Windows 10): Executed 1496 of 1649[31m (2 FAILED)[39m (0 secs / 3.566 secs)
[1A[2KChrome Headless 144.0.0.0 (Windows 10): Executed 1497 of 1649[31m (2 FAILED)[39m (0 secs / 3.57 secs)
[1A[2KChrome Headless 144.0.0.0 (Windows 10): Executed 1498 of 1649[31m (2 FAILED)[39m (0 secs / 3.572 secs)
[1A[2KChrome Headless 144.0.0.0 (Windows 10): Executed 1499 of 1649[31m (2 FAILED)[39m (0 secs / 3.576 secs)
[1A[2KChrome Headless 144.0.0.0 (Windows 10): Executed 1500 of 1649[31m (2 FAILED)[39m (0 secs / 3.578 secs)
[1A[2KChrome Headless 144.0.0.0 (Windows 10): Executed 1501 of 1649[31m (2 FAILED)[39m (0 secs / 3.581 secs)
[1A[2KChrome Headless 144.0.0.0 (Windows 10): Executed 1502 of 1649[31m (2 FAILED)[39m (0 secs / 3.582 secs)
[1A[2KChrome Headless 144.0.0.0 (Windows 10): Executed 1503 of 1649[31m (2 FAILED)[39m (0 secs / 3.584 secs)
[1A[2KChrome Headless 144.0.0.0 (Windows 10): Executed 1504 of 1649[31m (2 FAILED)[39m (0 secs / 3.586 secs)
[1A[2KChrome Headless 144.0.0.0 (Windows 10): Executed 1505 of 1649[31m (2 FAILED)[39m (0 secs / 3.588 secs)
[1A[2KChrome Headless 144.0.0.0 (Windows 10): Executed 1506 of 1649[31m (2 FAILED)[39m (0 secs / 3.59 secs)
[1A[2KChrome Headless 144.0.0.0 (Windows 10): Executed 1507 of 1649[31m (2 FAILED)[39m (0 secs / 3.592 secs)
[1A[2KChrome Headless 144.0.0.0 (Windows 10): Executed 1508 of 1649[31m (2 FAILED)[39m (0 secs / 3.594 secs)
[1A[2KChrome Headless 144.0.0.0 (Windows 10): Executed 1509 of 1649[31m (2 FAILED)[39m (0 secs / 3.596 secs)
[1A[2KChrome Headless 144.0.0.0 (Windows 10): Executed 1510 of 1649[31m (2 FAILED)[39m (0 secs / 3.598 secs)
[1A[2KChrome Headless 144.0.0.0 (Windows 10): Executed 1511 of 1649[31m (2 FAILED)[39m (0 secs / 3.6 secs)
[1A[2KChrome Headless 144.0.0.0 (Windows 10): Executed 1512 of 1649[31m (2 FAILED)[39m (0 secs / 3.602 secs)
[1A[2KChrome Headless 144.0.0.0 (Windows 10): Executed 1513 of 1649[31m (2 FAILED)[39m (0 secs / 3.603 secs)
[1A[2KChrome Headless 144.0.0.0 (Windows 10): Executed 1514 of 1649[31m (2 FAILED)[39m (0 secs / 3.605 secs)
[1A[2KChrome Headless 144.0.0.0 (Windows 10): Executed 1515 of 1649[31m (2 FAILED)[39m (0 secs / 3.607 secs)
[1A[2KChrome Headless 144.0.0.0 (Windows 10): Executed 1516 of 1649[31m (2 FAILED)[39m (0 secs / 3.609 secs)
[1A[2KChrome Headless 144.0.0.0 (Windows 10): Executed 1517 of 1649[31m (2 FAILED)[39m (0 secs / 3.611 secs)
[1A[2KChrome Headless 144.0.0.0 (Windows 10): Executed 1518 of 1649[31m (2 FAILED)[39m (0 secs / 3.613 secs)
[1A[2KChrome Headless 144.0.0.0 (Windows 10): Executed 1519 of 1649[31m (2 FAILED)[39m (0 secs / 3.614 secs)
[1A[2KChrome Headless 144.0.0.0 (Windows 10): Executed 1520 of 1649[31m (2 FAILED)[39m (0 secs / 3.616 secs)
[1A[2KChrome Headless 144.0.0.0 (Windows 10): Executed 1521 of 1649[31m (2 FAILED)[39m (0 secs / 3.62 secs)
[1A[2KChrome Headless 144.0.0.0 (Windows 10): Executed 1522 of 1649[31m (2 FAILED)[39m (0 secs / 3.622 secs)
[1A[2KChrome Headless 144.0.0.0 (Windows 10): Executed 1523 of 1649[31m (2 FAILED)[39m (0 secs / 3.624 secs)
[1A[2KChrome Headless 144.0.0.0 (Windows 10): Executed 1524 of 1649[31m (2 FAILED)[39m (0 secs / 3.627 secs)
[1A[2KChrome Headless 144.0.0.0 (Windows 10): Executed 1525 of 1649[31m (2 FAILED)[39m (0 secs / 3.629 secs)
[1A[2KERROR: [36m'Erreur lors du chargement du leaderboard:', Error: fail
Error: fail
    at http://localhost:9876/base/src/app/features/leaderboard/simple-leaderboard.component.spec.ts:74:24
    at _Observable.init [as _subscribe] (http://localhost:9876/base/node_modules/rxjs/dist/esm/internal/observable/throwError.js:5:51)
    at _Observable._trySubscribe (http://localhost:9876/base/node_modules/rxjs/dist/esm/internal/Observable.js:37:25)
    at http://localhost:9876/base/node_modules/rxjs/dist/esm/internal/Observable.js:31:30
    at errorContext (http://localhost:9876/base/node_modules/rxjs/dist/esm/internal/util/errorContext.js:19:9)
    at _Observable.subscribe (http://localhost:9876/base/node_modules/rxjs/dist/esm/internal/Observable.js:22:9)
    at SimpleLeaderboardComponent2.loadData (http://localhost:9876/base/src/app/features/leaderboard/simple-leaderboard.component.ts:56:101)
    at UserContext.<anonymous> (http://localhost:9876/base/src/app/features/leaderboard/simple-leaderboard.component.spec.ts:77:15)
    at _ZoneDelegate.invoke (http://localhost:9876/base/node_modules/zone.js/fesm2015/zone.js:398:28)
    at _ProxyZoneSpec.onInvoke (http://localhost:9876/base/node_modules/zone.js/fesm2015/zone-testing.js:2132:39)[39m
Chrome Headless 144.0.0.0 (Windows 10): Executed 1525 of 1649[31m (2 FAILED)[39m (0 secs / 3.629 secs)
ERROR: 'Erreur lors du chargement du leaderboard:', Error: fail
Error: fail
    at http://localhost:9876/base/src/app/features/leaderboard/simple-leaderboard.component.spec.ts:74:24
    at _Observable.init [as _subscribe] (http://localhost:9876/base/node_modules/rxjs/dist/esm/internal/observable/throwError.js:5:51)
    at _Observable._trySubscribe (http://localhost:9876/base/node_modules/rxjs/dist/esm/internal/Observable.js:37:25)
    at http://localhost:9876/base/node_modules/rxjs/dist/esm/internal/Observable.js:31:30
    at errorContext (http://localhost:9876/base/node_modules/rxjs/dist/esm/internal/util/errorContext.js:19:9)
    at _Observable.subscribe (http://localhost:9876/base/node_modules/rxjs/dist/esm/internal/Observable.js:22:9)
    at SimpleLeaderboardComponent2.loadData (http://localhost:9876/base/src/app/features/leaderboard/simple-leaderboard.component.ts:56:101)
    at UserContext.<anonymous> (http://localhost:9876/base/src/app/features/leaderboard/simple-leaderboard.component.spec.ts:77:15)
    at _ZoneDelegate.invoke (http://localhost:9876/base/node_modules/zone.js/fesm2015/zone.js:398:28)
    at _ProxyZoneSpec.onInvoke (http://localhost:9876/base/node_modules/zone.js/fesm2015/zone-testing.js:2132:39)
[1A[2KChrome Headless 144.0.0.0 (Windows 10): Executed 1526 of 1649[31m (2 FAILED)[39m (0 secs / 3.642 secs)
[1A[2KChrome Headless 144.0.0.0 (Windows 10): Executed 1527 of 1649[31m (2 FAILED)[39m (0 secs / 3.644 secs)
[1A[2KChrome Headless 144.0.0.0 (Windows 10): Executed 1528 of 1649[31m (2 FAILED)[39m (0 secs / 3.655 secs)
[1A[2KChrome Headless 144.0.0.0 (Windows 10): Executed 1529 of 1649[31m (2 FAILED)[39m (0 secs / 3.661 secs)
[1A[2KChrome Headless 144.0.0.0 (Windows 10): Executed 1530 of 1649[31m (2 FAILED)[39m (0 secs / 3.664 secs)
[1A[2KChrome Headless 144.0.0.0 (Windows 10): Executed 1531 of 1649[31m (2 FAILED)[39m (0 secs / 3.667 secs)
[1A[2KChrome Headless 144.0.0.0 (Windows 10): Executed 1532 of 1649[31m (2 FAILED)[39m (0 secs / 3.673 secs)
[1A[2KChrome Headless 144.0.0.0 (Windows 10): Executed 1533 of 1649[31m (2 FAILED)[39m (0 secs / 3.678 secs)
[1A[2KChrome Headless 144.0.0.0 (Windows 10): Executed 1534 of 1649[31m (2 FAILED)[39m (0 secs / 3.681 secs)
[1A[2KChrome Headless 144.0.0.0 (Windows 10): Executed 1535 of 1649[31m (2 FAILED)[39m (0 secs / 3.685 secs)
[1A[2KChrome Headless 144.0.0.0 (Windows 10): Executed 1536 of 1649[31m (2 FAILED)[39m (0 secs / 3.688 secs)
[1A[2KChrome Headless 144.0.0.0 (Windows 10): Executed 1537 of 1649[31m (2 FAILED)[39m (0 secs / 3.689 secs)
[1A[2KERROR: [36m'Error deleting game:', Error: Test error
Error: Test error
    at http://localhost:9876/base/src/app/features/game/services/game-detail-actions.service.spec.ts:212:66
    at _Observable.init [as _subscribe] (http://localhost:9876/base/node_modules/rxjs/dist/esm/internal/observable/throwError.js:5:51)
    at _Observable._trySubscribe (http://localhost:9876/base/node_modules/rxjs/dist/esm/internal/Observable.js:37:25)
    at http://localhost:9876/base/node_modules/rxjs/dist/esm/internal/Observable.js:31:30
    at errorContext (http://localhost:9876/base/node_modules/rxjs/dist/esm/internal/util/errorContext.js:19:9)
    at _Observable.subscribe (http://localhost:9876/base/node_modules/rxjs/dist/esm/internal/Observable.js:22:9)
    at GameDetailActionsService2.permanentlyDeleteGame (http://localhost:9876/base/src/app/features/game/services/game-detail-actions.service.ts:109:41)
    at UserContext.<anonymous> (http://localhost:9876/base/src/app/features/game/services/game-detail-actions.service.spec.ts:214:15)
    at _ZoneDelegate.invoke (http://localhost:9876/base/node_modules/zone.js/fesm2015/zone.js:398:28)
    at _ProxyZoneSpec.onInvoke (http://localhost:9876/base/node_modules/zone.js/fesm2015/zone-testing.js:2132:39)[39m
Chrome Headless 144.0.0.0 (Windows 10): Executed 1537 of 1649[31m (2 FAILED)[39m (0 secs / 3.689 secs)
ERROR: 'Error deleting game:', Error: Test error
Error: Test error
    at http://localhost:9876/base/src/app/features/game/services/game-detail-actions.service.spec.ts:212:66
    at _Observable.init [as _subscribe] (http://localhost:9876/base/node_modules/rxjs/dist/esm/internal/observable/throwError.js:5:51)
    at _Observable._trySubscribe (http://localhost:9876/base/node_modules/rxjs/dist/esm/internal/Observable.js:37:25)
    at http://localhost:9876/base/node_modules/rxjs/dist/esm/internal/Observable.js:31:30
    at errorContext (http://localhost:9876/base/node_modules/rxjs/dist/esm/internal/util/errorContext.js:19:9)
    at _Observable.subscribe (http://localhost:9876/base/node_modules/rxjs/dist/esm/internal/Observable.js:22:9)
    at GameDetailActionsService2.permanentlyDeleteGame (http://localhost:9876/base/src/app/features/game/services/game-detail-actions.service.ts:109:41)
    at UserContext.<anonymous> (http://localhost:9876/base/src/app/features/game/services/game-detail-actions.service.spec.ts:214:15)
    at _ZoneDelegate.invoke (http://localhost:9876/base/node_modules/zone.js/fesm2015/zone.js:398:28)
    at _ProxyZoneSpec.onInvoke (http://localhost:9876/base/node_modules/zone.js/fesm2015/zone-testing.js:2132:39)
[1A[2KChrome Headless 144.0.0.0 (Windows 10): Executed 1538 of 1649[31m (2 FAILED)[39m (0 secs / 3.694 secs)
[1A[2KChrome Headless 144.0.0.0 (Windows 10): Executed 1539 of 1649[31m (2 FAILED)[39m (0 secs / 3.694 secs)
[1A[2KChrome Headless 144.0.0.0 (Windows 10): Executed 1540 of 1649[31m (2 FAILED)[39m (0 secs / 3.695 secs)
[1A[2KChrome Headless 144.0.0.0 (Windows 10): Executed 1541 of 1649[31m (2 FAILED)[39m (0 secs / 3.695 secs)
[1A[2KChrome Headless 144.0.0.0 (Windows 10): Executed 1542 of 1649[31m (2 FAILED)[39m (0 secs / 3.695 secs)
[1A[2KChrome Headless 144.0.0.0 (Windows 10): Executed 1543 of 1649[31m (2 FAILED)[39m (0 secs / 3.696 secs)
[1A[2KERROR: [36m'Error leaving game:', Error: Test error
Error: Test error
    at http://localhost:9876/base/src/app/features/game/services/game-detail-actions.service.spec.ts:180:65
    at _Observable.init [as _subscribe] (http://localhost:9876/base/node_modules/rxjs/dist/esm/internal/observable/throwError.js:5:51)
    at _Observable._trySubscribe (http://localhost:9876/base/node_modules/rxjs/dist/esm/internal/Observable.js:37:25)
    at http://localhost:9876/base/node_modules/rxjs/dist/esm/internal/Observable.js:31:30
    at errorContext (http://localhost:9876/base/node_modules/rxjs/dist/esm/internal/util/errorContext.js:19:9)
    at _Observable.subscribe (http://localhost:9876/base/node_modules/rxjs/dist/esm/internal/Observable.js:22:9)
    at GameDetailActionsService2.leaveGame (http://localhost:9876/base/src/app/features/game/services/game-detail-actions.service.ts:88:40)
    at UserContext.<anonymous> (http://localhost:9876/base/src/app/features/game/services/game-detail-actions.service.spec.ts:182:15)
    at _ZoneDelegate.invoke (http://localhost:9876/base/node_modules/zone.js/fesm2015/zone.js:398:28)
    at _ProxyZoneSpec.onInvoke (http://localhost:9876/base/node_modules/zone.js/fesm2015/zone-testing.js:2132:39)[39m
Chrome Headless 144.0.0.0 (Windows 10): Executed 1543 of 1649[31m (2 FAILED)[39m (0 secs / 3.696 secs)
ERROR: 'Error leaving game:', Error: Test error
Error: Test error
    at http://localhost:9876/base/src/app/features/game/services/game-detail-actions.service.spec.ts:180:65
    at _Observable.init [as _subscribe] (http://localhost:9876/base/node_modules/rxjs/dist/esm/internal/observable/throwError.js:5:51)
    at _Observable._trySubscribe (http://localhost:9876/base/node_modules/rxjs/dist/esm/internal/Observable.js:37:25)
    at http://localhost:9876/base/node_modules/rxjs/dist/esm/internal/Observable.js:31:30
    at errorContext (http://localhost:9876/base/node_modules/rxjs/dist/esm/internal/util/errorContext.js:19:9)
    at _Observable.subscribe (http://localhost:9876/base/node_modules/rxjs/dist/esm/internal/Observable.js:22:9)
    at GameDetailActionsService2.leaveGame (http://localhost:9876/base/src/app/features/game/services/game-detail-actions.service.ts:88:40)
    at UserContext.<anonymous> (http://localhost:9876/base/src/app/features/game/services/game-detail-actions.service.spec.ts:182:15)
    at _ZoneDelegate.invoke (http://localhost:9876/base/node_modules/zone.js/fesm2015/zone.js:398:28)
    at _ProxyZoneSpec.onInvoke (http://localhost:9876/base/node_modules/zone.js/fesm2015/zone-testing.js:2132:39)
[1A[2KChrome Headless 144.0.0.0 (Windows 10): Executed 1544 of 1649[31m (2 FAILED)[39m (0 secs / 3.696 secs)
[1A[2KChrome Headless 144.0.0.0 (Windows 10): Executed 1545 of 1649[31m (2 FAILED)[39m (0 secs / 3.697 secs)
[1A[2KChrome Headless 144.0.0.0 (Windows 10): Executed 1546 of 1649[31m (2 FAILED)[39m (0 secs / 3.698 secs)
[1A[2KChrome Headless 144.0.0.0 (Windows 10): Executed 1547 of 1649[31m (2 FAILED)[39m (0 secs / 3.698 secs)
[1A[2KERROR: [36m'Error joining game:', Error: Test error
Error: Test error
    at http://localhost:9876/base/src/app/features/game/services/game-detail-actions.service.spec.ts:249:64
    at _Observable.init [as _subscribe] (http://localhost:9876/base/node_modules/rxjs/dist/esm/internal/observable/throwError.js:5:51)
    at _Observable._trySubscribe (http://localhost:9876/base/node_modules/rxjs/dist/esm/internal/Observable.js:37:25)
    at http://localhost:9876/base/node_modules/rxjs/dist/esm/internal/Observable.js:31:30
    at errorContext (http://localhost:9876/base/node_modules/rxjs/dist/esm/internal/util/errorContext.js:19:9)
    at _Observable.subscribe (http://localhost:9876/base/node_modules/rxjs/dist/esm/internal/Observable.js:22:9)
    at GameDetailActionsService2.joinGame (http://localhost:9876/base/src/app/features/game/services/game-detail-actions.service.ts:128:39)
    at UserContext.<anonymous> (http://localhost:9876/base/src/app/features/game/services/game-detail-actions.service.spec.ts:251:15)
    at _ZoneDelegate.invoke (http://localhost:9876/base/node_modules/zone.js/fesm2015/zone.js:398:28)
    at _ProxyZoneSpec.onInvoke (http://localhost:9876/base/node_modules/zone.js/fesm2015/zone-testing.js:2132:39)[39m
Chrome Headless 144.0.0.0 (Windows 10): Executed 1547 of 1649[31m (2 FAILED)[39m (0 secs / 3.698 secs)
ERROR: 'Error joining game:', Error: Test error
Error: Test error
    at http://localhost:9876/base/src/app/features/game/services/game-detail-actions.service.spec.ts:249:64
    at _Observable.init [as _subscribe] (http://localhost:9876/base/node_modules/rxjs/dist/esm/internal/observable/throwError.js:5:51)
    at _Observable._trySubscribe (http://localhost:9876/base/node_modules/rxjs/dist/esm/internal/Observable.js:37:25)
    at http://localhost:9876/base/node_modules/rxjs/dist/esm/internal/Observable.js:31:30
    at errorContext (http://localhost:9876/base/node_modules/rxjs/dist/esm/internal/util/errorContext.js:19:9)
    at _Observable.subscribe (http://localhost:9876/base/node_modules/rxjs/dist/esm/internal/Observable.js:22:9)
    at GameDetailActionsService2.joinGame (http://localhost:9876/base/src/app/features/game/services/game-detail-actions.service.ts:128:39)
    at UserContext.<anonymous> (http://localhost:9876/base/src/app/features/game/services/game-detail-actions.service.spec.ts:251:15)
    at _ZoneDelegate.invoke (http://localhost:9876/base/node_modules/zone.js/fesm2015/zone.js:398:28)
    at _ProxyZoneSpec.onInvoke (http://localhost:9876/base/node_modules/zone.js/fesm2015/zone-testing.js:2132:39)
[1A[2KChrome Headless 144.0.0.0 (Windows 10): Executed 1548 of 1649[31m (2 FAILED)[39m (0 secs / 3.699 secs)
[1A[2KChrome Headless 144.0.0.0 (Windows 10): Executed 1549 of 1649[31m (2 FAILED)[39m (0 secs / 3.699 secs)
[1A[2KChrome Headless 144.0.0.0 (Windows 10): Executed 1550 of 1649[31m (2 FAILED)[39m (0 secs / 3.7 secs)
[1A[2KChrome Headless 144.0.0.0 (Windows 10): Executed 1551 of 1649[31m (2 FAILED)[39m (0 secs / 3.701 secs)
[1A[2KERROR: [36m'Error starting draft:', Error: Test error
Error: Test error
    at http://localhost:9876/base/src/app/features/game/services/game-detail-actions.service.spec.ts:98:66
    at _Observable.init [as _subscribe] (http://localhost:9876/base/node_modules/rxjs/dist/esm/internal/observable/throwError.js:5:51)
    at _Observable._trySubscribe (http://localhost:9876/base/node_modules/rxjs/dist/esm/internal/Observable.js:37:25)
    at http://localhost:9876/base/node_modules/rxjs/dist/esm/internal/Observable.js:31:30
    at errorContext (http://localhost:9876/base/node_modules/rxjs/dist/esm/internal/util/errorContext.js:19:9)
    at _Observable.subscribe (http://localhost:9876/base/node_modules/rxjs/dist/esm/internal/Observable.js:22:9)
    at GameDetailActionsService2.startDraft (http://localhost:9876/base/src/app/features/game/services/game-detail-actions.service.ts:40:41)
    at UserContext.<anonymous> (http://localhost:9876/base/src/app/features/game/services/game-detail-actions.service.spec.ts:100:15)
    at _ZoneDelegate.invoke (http://localhost:9876/base/node_modules/zone.js/fesm2015/zone.js:398:28)
    at _ProxyZoneSpec.onInvoke (http://localhost:9876/base/node_modules/zone.js/fesm2015/zone-testing.js:2132:39)[39m
Chrome Headless 144.0.0.0 (Windows 10): Executed 1551 of 1649[31m (2 FAILED)[39m (0 secs / 3.701 secs)
ERROR: 'Error starting draft:', Error: Test error
Error: Test error
    at http://localhost:9876/base/src/app/features/game/services/game-detail-actions.service.spec.ts:98:66
    at _Observable.init [as _subscribe] (http://localhost:9876/base/node_modules/rxjs/dist/esm/internal/observable/throwError.js:5:51)
    at _Observable._trySubscribe (http://localhost:9876/base/node_modules/rxjs/dist/esm/internal/Observable.js:37:25)
    at http://localhost:9876/base/node_modules/rxjs/dist/esm/internal/Observable.js:31:30
    at errorContext (http://localhost:9876/base/node_modules/rxjs/dist/esm/internal/util/errorContext.js:19:9)
    at _Observable.subscribe (http://localhost:9876/base/node_modules/rxjs/dist/esm/internal/Observable.js:22:9)
    at GameDetailActionsService2.startDraft (http://localhost:9876/base/src/app/features/game/services/game-detail-actions.service.ts:40:41)
    at UserContext.<anonymous> (http://localhost:9876/base/src/app/features/game/services/game-detail-actions.service.spec.ts:100:15)
    at _ZoneDelegate.invoke (http://localhost:9876/base/node_modules/zone.js/fesm2015/zone.js:398:28)
    at _ProxyZoneSpec.onInvoke (http://localhost:9876/base/node_modules/zone.js/fesm2015/zone-testing.js:2132:39)
[1A[2KChrome Headless 144.0.0.0 (Windows 10): Executed 1552 of 1649[31m (2 FAILED)[39m (0 secs / 3.702 secs)
[1A[2KChrome Headless 144.0.0.0 (Windows 10): Executed 1553 of 1649[31m (2 FAILED)[39m (0 secs / 3.702 secs)
[1A[2KChrome Headless 144.0.0.0 (Windows 10): Executed 1554 of 1649[31m (2 FAILED)[39m (0 secs / 3.703 secs)
[1A[2KChrome Headless 144.0.0.0 (Windows 10): Executed 1555 of 1649[31m (2 FAILED)[39m (0 secs / 3.703 secs)
[1A[2KChrome Headless 144.0.0.0 (Windows 10): Executed 1556 of 1649[31m (2 FAILED)[39m (0 secs / 3.703 secs)
[1A[2KERROR: [36m'Error archiving game:', Error: Test error
Error: Test error
    at http://localhost:9876/base/src/app/features/game/services/game-detail-actions.service.spec.ts:139:67
    at _Observable.init [as _subscribe] (http://localhost:9876/base/node_modules/rxjs/dist/esm/internal/observable/throwError.js:5:51)
    at _Observable._trySubscribe (http://localhost:9876/base/node_modules/rxjs/dist/esm/internal/Observable.js:37:25)
    at http://localhost:9876/base/node_modules/rxjs/dist/esm/internal/Observable.js:31:30
    at errorContext (http://localhost:9876/base/node_modules/rxjs/dist/esm/internal/util/errorContext.js:19:9)
    at _Observable.subscribe (http://localhost:9876/base/node_modules/rxjs/dist/esm/internal/Observable.js:22:9)
    at GameDetailActionsService2.archiveGame (http://localhost:9876/base/src/app/features/game/services/game-detail-actions.service.ts:68:42)
    at UserContext.<anonymous> (http://localhost:9876/base/src/app/features/game/services/game-detail-actions.service.spec.ts:141:15)
    at _ZoneDelegate.invoke (http://localhost:9876/base/node_modules/zone.js/fesm2015/zone.js:398:28)
    at _ProxyZoneSpec.onInvoke (http://localhost:9876/base/node_modules/zone.js/fesm2015/zone-testing.js:2132:39)[39m
Chrome Headless 144.0.0.0 (Windows 10): Executed 1556 of 1649[31m (2 FAILED)[39m (0 secs / 3.703 secs)
ERROR: 'Error archiving game:', Error: Test error
Error: Test error
    at http://localhost:9876/base/src/app/features/game/services/game-detail-actions.service.spec.ts:139:67
    at _Observable.init [as _subscribe] (http://localhost:9876/base/node_modules/rxjs/dist/esm/internal/observable/throwError.js:5:51)
    at _Observable._trySubscribe (http://localhost:9876/base/node_modules/rxjs/dist/esm/internal/Observable.js:37:25)
    at http://localhost:9876/base/node_modules/rxjs/dist/esm/internal/Observable.js:31:30
    at errorContext (http://localhost:9876/base/node_modules/rxjs/dist/esm/internal/util/errorContext.js:19:9)
    at _Observable.subscribe (http://localhost:9876/base/node_modules/rxjs/dist/esm/internal/Observable.js:22:9)
    at GameDetailActionsService2.archiveGame (http://localhost:9876/base/src/app/features/game/services/game-detail-actions.service.ts:68:42)
    at UserContext.<anonymous> (http://localhost:9876/base/src/app/features/game/services/game-detail-actions.service.spec.ts:141:15)
    at _ZoneDelegate.invoke (http://localhost:9876/base/node_modules/zone.js/fesm2015/zone.js:398:28)
    at _ProxyZoneSpec.onInvoke (http://localhost:9876/base/node_modules/zone.js/fesm2015/zone-testing.js:2132:39)
[1A[2KChrome Headless 144.0.0.0 (Windows 10): Executed 1557 of 1649[31m (2 FAILED)[39m (0 secs / 3.704 secs)
[1A[2KChrome Headless 144.0.0.0 (Windows 10): Executed 1558 of 1649[31m (2 FAILED)[39m (0 secs / 3.704 secs)
[1A[2KChrome Headless 144.0.0.0 (Windows 10): Executed 1559 of 1649[31m (2 FAILED)[39m (0 secs / 3.705 secs)
[1A[2KChrome Headless 144.0.0.0 (Windows 10): Executed 1560 of 1649[31m (2 FAILED)[39m (0 secs / 3.705 secs)
[1A[2KChrome Headless 144.0.0.0 (Windows 10): Executed 1561 of 1649[31m (2 FAILED)[39m (0 secs / 3.706 secs)
[1A[2KChrome Headless 144.0.0.0 (Windows 10): Executed 1562 of 1649[31m (2 FAILED)[39m (0 secs / 3.707 secs)
[1A[2KChrome Headless 144.0.0.0 (Windows 10): Executed 1563 of 1649[31m (2 FAILED)[39m (0 secs / 3.707 secs)
[1A[2KChrome Headless 144.0.0.0 (Windows 10): Executed 1564 of 1649[31m (2 FAILED)[39m (0 secs / 3.707 secs)
[1A[2KChrome Headless 144.0.0.0 (Windows 10): Executed 1565 of 1649[31m (2 FAILED)[39m (0 secs / 3.708 secs)
[1A[2KChrome Headless 144.0.0.0 (Windows 10): Executed 1566 of 1649[31m (2 FAILED)[39m (0 secs / 3.708 secs)
[1A[2KChrome Headless 144.0.0.0 (Windows 10): Executed 1567 of 1649[31m (2 FAILED)[39m (0 secs / 3.709 secs)
[1A[2KChrome Headless 144.0.0.0 (Windows 10): Executed 1568 of 1649[31m (2 FAILED)[39m (0 secs / 3.709 secs)
[1A[2KChrome Headless 144.0.0.0 (Windows 10): Executed 1569 of 1649[31m (2 FAILED)[39m (0 secs / 3.71 secs)
[1A[2KChrome Headless 144.0.0.0 (Windows 10): Executed 1570 of 1649[31m (2 FAILED)[39m (0 secs / 3.71 secs)
[1A[2KChrome Headless 144.0.0.0 (Windows 10): Executed 1571 of 1649[31m (2 FAILED)[39m (0 secs / 3.711 secs)
[1A[2KChrome Headless 144.0.0.0 (Windows 10): Executed 1572 of 1649[31m (2 FAILED)[39m (0 secs / 3.711 secs)
[1A[2KChrome Headless 144.0.0.0 (Windows 10): Executed 1573 of 1649[31m (2 FAILED)[39m (0 secs / 3.712 secs)
[1A[2KChrome Headless 144.0.0.0 (Windows 10): Executed 1574 of 1649[31m (2 FAILED)[39m (0 secs / 3.712 secs)
[1A[2KChrome Headless 144.0.0.0 (Windows 10): Executed 1575 of 1649[31m (2 FAILED)[39m (0 secs / 3.713 secs)
[1A[2KChrome Headless 144.0.0.0 (Windows 10): Executed 1576 of 1649[31m (2 FAILED)[39m (0 secs / 3.713 secs)
[1A[2KChrome Headless 144.0.0.0 (Windows 10): Executed 1577 of 1649[31m (2 FAILED)[39m (0 secs / 3.714 secs)
[1A[2KChrome Headless 144.0.0.0 (Windows 10): Executed 1578 of 1649[31m (2 FAILED)[39m (0 secs / 3.714 secs)
[1A[2KChrome Headless 144.0.0.0 (Windows 10): Executed 1579 of 1649[31m (2 FAILED)[39m (0 secs / 3.715 secs)
[1A[2KChrome Headless 144.0.0.0 (Windows 10): Executed 1580 of 1649[31m (2 FAILED)[39m (0 secs / 3.715 secs)
[1A[2KChrome Headless 144.0.0.0 (Windows 10): Executed 1581 of 1649[31m (2 FAILED)[39m (0 secs / 3.715 secs)
[1A[2KChrome Headless 144.0.0.0 (Windows 10): Executed 1582 of 1649[31m (2 FAILED)[39m (0 secs / 3.716 secs)
[1A[2KChrome Headless 144.0.0.0 (Windows 10): Executed 1583 of 1649[31m (2 FAILED)[39m (0 secs / 3.716 secs)
[1A[2KChrome Headless 144.0.0.0 (Windows 10): Executed 1584 of 1649[31m (2 FAILED)[39m (0 secs / 3.716 secs)
[1A[2KChrome Headless 144.0.0.0 (Windows 10): Executed 1585 of 1649[31m (2 FAILED)[39m (0 secs / 3.716 secs)
[1A[2KChrome Headless 144.0.0.0 (Windows 10): Executed 1586 of 1649[31m (2 FAILED)[39m (0 secs / 3.716 secs)
[1A[2KChrome Headless 144.0.0.0 (Windows 10): Executed 1587 of 1649[31m (2 FAILED)[39m (0 secs / 3.716 secs)
[1A[2KChrome Headless 144.0.0.0 (Windows 10): Executed 1588 of 1649[31m (2 FAILED)[39m (0 secs / 3.718 secs)
[1A[2KChrome Headless 144.0.0.0 (Windows 10): Executed 1589 of 1649[31m (2 FAILED)[39m (0 secs / 3.718 secs)
[1A[2KChrome Headless 144.0.0.0 (Windows 10): Executed 1590 of 1649[31m (2 FAILED)[39m (0 secs / 3.73 secs)
[1A[2KChrome Headless 144.0.0.0 (Windows 10): Executed 1591 of 1649[31m (2 FAILED)[39m (0 secs / 3.732 secs)
[1A[2KChrome Headless 144.0.0.0 (Windows 10): Executed 1592 of 1649[31m (2 FAILED)[39m (0 secs / 3.734 secs)
[1A[2KChrome Headless 144.0.0.0 (Windows 10): Executed 1593 of 1649[31m (2 FAILED)[39m (0 secs / 3.735 secs)
[1A[2KChrome Headless 144.0.0.0 (Windows 10): Executed 1594 of 1649[31m (2 FAILED)[39m (0 secs / 3.737 secs)
[1A[2KChrome Headless 144.0.0.0 (Windows 10): Executed 1595 of 1649[31m (2 FAILED)[39m (0 secs / 3.739 secs)
[1A[2KChrome Headless 144.0.0.0 (Windows 10): Executed 1596 of 1649[31m (2 FAILED)[39m (0 secs / 3.74 secs)
[1A[2KChrome Headless 144.0.0.0 (Windows 10): Executed 1597 of 1649[31m (2 FAILED)[39m (0 secs / 3.741 secs)
[1A[2KChrome Headless 144.0.0.0 (Windows 10): Executed 1598 of 1649[31m (2 FAILED)[39m (0 secs / 3.743 secs)
[1A[2KChrome Headless 144.0.0.0 (Windows 10): Executed 1599 of 1649[31m (2 FAILED)[39m (0 secs / 3.745 secs)
[1A[2KChrome Headless 144.0.0.0 (Windows 10): Executed 1600 of 1649[31m (2 FAILED)[39m (0 secs / 3.747 secs)
[1A[2KChrome Headless 144.0.0.0 (Windows 10): Executed 1601 of 1649[31m (2 FAILED)[39m (0 secs / 3.749 secs)
[1A[2KChrome Headless 144.0.0.0 (Windows 10): Executed 1602 of 1649[31m (2 FAILED)[39m (0 secs / 3.752 secs)
[1A[2KChrome Headless 144.0.0.0 (Windows 10): Executed 1603 of 1649[31m (2 FAILED)[39m (0 secs / 3.754 secs)
[1A[2KChrome Headless 144.0.0.0 (Windows 10): Executed 1604 of 1649[31m (2 FAILED)[39m (0 secs / 3.756 secs)
[1A[2KChrome Headless 144.0.0.0 (Windows 10): Executed 1605 of 1649[31m (2 FAILED)[39m (0 secs / 3.757 secs)
[1A[2KChrome Headless 144.0.0.0 (Windows 10): Executed 1606 of 1649[31m (2 FAILED)[39m (0 secs / 3.758 secs)
[1A[2KChrome Headless 144.0.0.0 (Windows 10): Executed 1607 of 1649[31m (2 FAILED)[39m (0 secs / 3.76 secs)
[1A[2KChrome Headless 144.0.0.0 (Windows 10): Executed 1608 of 1649[31m (2 FAILED)[39m (0 secs / 3.762 secs)
[1A[2KChrome Headless 144.0.0.0 (Windows 10): Executed 1609 of 1649[31m (2 FAILED)[39m (0 secs / 3.764 secs)
[1A[2KINFO: [36m'[INFO] 2026-02-08T17:02:18.525Z Login: page loaded', Object{timestamp: '2026-02-08T17:02:18.525Z', level: 'INFO', message: 'Login: page loaded', context: undefined, url: 'http://localhost:9876/context.html', userAgent: 'Mozilla/5.0 (Windows NT 10.0; Win64; x64) AppleWeb'}[39m
Chrome Headless 144.0.0.0 (Windows 10): Executed 1609 of 1649[31m (2 FAILED)[39m (0 secs / 3.764 secs)
INFO: '[INFO] 2026-02-08T17:02:18.525Z Login: page loaded', Object{timestamp: '2026-02-08T17:02:18.525Z', level: 'INFO', message: 'Login: page loaded', context: undefined, url: 'http://localhost:9876/context.html', userAgent: 'Mozilla/5.0 (Windows NT 10.0; Win64; x64) AppleWeb'}
[1A[2KINFO: [36m'[INFO] 2026-02-08T17:02:18.525Z Login: user selected', Object{timestamp: '2026-02-08T17:02:18.525Z', level: 'INFO', message: 'Login: user selected', context: Object{username: 'Thibaut'}, url: 'http://localhost:9876/context.html', userAgent: 'Mozilla/5.0 (Windows NT 10.0; Win64; x64) AppleWeb'}[39m
Chrome Headless 144.0.0.0 (Windows 10): Executed 1609 of 1649[31m (2 FAILED)[39m (0 secs / 3.764 secs)
INFO: '[INFO] 2026-02-08T17:02:18.525Z Login: user selected', Object{timestamp: '2026-02-08T17:02:18.525Z', level: 'INFO', message: 'Login: user selected', context: Object{username: 'Thibaut'}, url: 'http://localhost:9876/context.html', userAgent: 'Mozilla/5.0 (Windows NT 10.0; Win64; x64) AppleWeb'}
[1A[2KINFO: [36m'[INFO] 2026-02-08T17:02:19.325Z Login: login succeeded', Object{timestamp: '2026-02-08T17:02:19.325Z', level: 'INFO', message: 'Login: login succeeded', context: Object{username: 'Thibaut'}, url: 'http://localhost:9876/context.html', userAgent: 'Mozilla/5.0 (Windows NT 10.0; Win64; x64) AppleWeb'}[39m
Chrome Headless 144.0.0.0 (Windows 10): Executed 1609 of 1649[31m (2 FAILED)[39m (0 secs / 3.764 secs)
INFO: '[INFO] 2026-02-08T17:02:19.325Z Login: login succeeded', Object{timestamp: '2026-02-08T17:02:19.325Z', level: 'INFO', message: 'Login: login succeeded', context: Object{username: 'Thibaut'}, url: 'http://localhost:9876/context.html', userAgent: 'Mozilla/5.0 (Windows NT 10.0; Win64; x64) AppleWeb'}
[1A[2KINFO: [36m'[INFO] 2026-02-08T17:02:19.325Z Login: redirecting after login', Object{timestamp: '2026-02-08T17:02:19.325Z', level: 'INFO', message: 'Login: redirecting after login', context: Object{returnUrl: '/games/test-game-id'}, url: 'http://localhost:9876/context.html', userAgent: 'Mozilla/5.0 (Windows NT 10.0; Win64; x64) AppleWeb'}[39m
Chrome Headless 144.0.0.0 (Windows 10): Executed 1609 of 1649[31m (2 FAILED)[39m (0 secs / 3.764 secs)
INFO: '[INFO] 2026-02-08T17:02:19.325Z Login: redirecting after login', Object{timestamp: '2026-02-08T17:02:19.325Z', level: 'INFO', message: 'Login: redirecting after login', context: Object{returnUrl: '/games/test-game-id'}, url: 'http://localhost:9876/context.html', userAgent: 'Mozilla/5.0 (Windows NT 10.0; Win64; x64) AppleWeb'}
[1A[2KChrome Headless 144.0.0.0 (Windows 10): Executed 1610 of 1649[31m (2 FAILED)[39m (0 secs / 3.767 secs)
[1A[2KINFO: [36m'[INFO] 2026-02-08T17:02:18.527Z Login: page loaded', Object{timestamp: '2026-02-08T17:02:18.527Z', level: 'INFO', message: 'Login: page loaded', context: undefined, url: 'http://localhost:9876/context.html', userAgent: 'Mozilla/5.0 (Windows NT 10.0; Win64; x64) AppleWeb'}[39m
Chrome Headless 144.0.0.0 (Windows 10): Executed 1610 of 1649[31m (2 FAILED)[39m (0 secs / 3.767 secs)
INFO: '[INFO] 2026-02-08T17:02:18.527Z Login: page loaded', Object{timestamp: '2026-02-08T17:02:18.527Z', level: 'INFO', message: 'Login: page loaded', context: undefined, url: 'http://localhost:9876/context.html', userAgent: 'Mozilla/5.0 (Windows NT 10.0; Win64; x64) AppleWeb'}
[1A[2KINFO: [36m'[INFO] 2026-02-08T17:02:18.528Z Login: user selected', Object{timestamp: '2026-02-08T17:02:18.528Z', level: 'INFO', message: 'Login: user selected', context: Object{username: 'Thibaut'}, url: 'http://localhost:9876/context.html', userAgent: 'Mozilla/5.0 (Windows NT 10.0; Win64; x64) AppleWeb'}[39m
Chrome Headless 144.0.0.0 (Windows 10): Executed 1610 of 1649[31m (2 FAILED)[39m (0 secs / 3.767 secs)
INFO: '[INFO] 2026-02-08T17:02:18.528Z Login: user selected', Object{timestamp: '2026-02-08T17:02:18.528Z', level: 'INFO', message: 'Login: user selected', context: Object{username: 'Thibaut'}, url: 'http://localhost:9876/context.html', userAgent: 'Mozilla/5.0 (Windows NT 10.0; Win64; x64) AppleWeb'}
[1A[2KINFO: [36m'[INFO] 2026-02-08T17:02:19.328Z Login: login succeeded', Object{timestamp: '2026-02-08T17:02:19.328Z', level: 'INFO', message: 'Login: login succeeded', context: Object{username: 'Thibaut'}, url: 'http://localhost:9876/context.html', userAgent: 'Mozilla/5.0 (Windows NT 10.0; Win64; x64) AppleWeb'}[39m
Chrome Headless 144.0.0.0 (Windows 10): Executed 1610 of 1649[31m (2 FAILED)[39m (0 secs / 3.767 secs)
INFO: '[INFO] 2026-02-08T17:02:19.328Z Login: login succeeded', Object{timestamp: '2026-02-08T17:02:19.328Z', level: 'INFO', message: 'Login: login succeeded', context: Object{username: 'Thibaut'}, url: 'http://localhost:9876/context.html', userAgent: 'Mozilla/5.0 (Windows NT 10.0; Win64; x64) AppleWeb'}
[1A[2KINFO: [36m'[INFO] 2026-02-08T17:02:19.328Z Login: redirecting after login', Object{timestamp: '2026-02-08T17:02:19.328Z', level: 'INFO', message: 'Login: redirecting after login', context: Object{returnUrl: '/games'}, url: 'http://localhost:9876/context.html', userAgent: 'Mozilla/5.0 (Windows NT 10.0; Win64; x64) AppleWeb'}[39m
Chrome Headless 144.0.0.0 (Windows 10): Executed 1610 of 1649[31m (2 FAILED)[39m (0 secs / 3.767 secs)
INFO: '[INFO] 2026-02-08T17:02:19.328Z Login: redirecting after login', Object{timestamp: '2026-02-08T17:02:19.328Z', level: 'INFO', message: 'Login: redirecting after login', context: Object{returnUrl: '/games'}, url: 'http://localhost:9876/context.html', userAgent: 'Mozilla/5.0 (Windows NT 10.0; Win64; x64) AppleWeb'}
[1A[2KChrome Headless 144.0.0.0 (Windows 10): Executed 1611 of 1649[31m (2 FAILED)[39m (0 secs / 3.769 secs)
[1A[2KINFO: [36m'[INFO] 2026-02-08T17:02:18.529Z Login: page loaded', Object{timestamp: '2026-02-08T17:02:18.529Z', level: 'INFO', message: 'Login: page loaded', context: undefined, url: 'http://localhost:9876/context.html', userAgent: 'Mozilla/5.0 (Windows NT 10.0; Win64; x64) AppleWeb'}[39m
Chrome Headless 144.0.0.0 (Windows 10): Executed 1611 of 1649[31m (2 FAILED)[39m (0 secs / 3.769 secs)
INFO: '[INFO] 2026-02-08T17:02:18.529Z Login: page loaded', Object{timestamp: '2026-02-08T17:02:18.529Z', level: 'INFO', message: 'Login: page loaded', context: undefined, url: 'http://localhost:9876/context.html', userAgent: 'Mozilla/5.0 (Windows NT 10.0; Win64; x64) AppleWeb'}
[1A[2KINFO: [36m'[INFO] 2026-02-08T17:02:18.530Z Login: user selected', Object{timestamp: '2026-02-08T17:02:18.530Z', level: 'INFO', message: 'Login: user selected', context: Object{username: 'Thibaut'}, url: 'http://localhost:9876/context.html', userAgent: 'Mozilla/5.0 (Windows NT 10.0; Win64; x64) AppleWeb'}[39m
Chrome Headless 144.0.0.0 (Windows 10): Executed 1611 of 1649[31m (2 FAILED)[39m (0 secs / 3.769 secs)
INFO: '[INFO] 2026-02-08T17:02:18.530Z Login: user selected', Object{timestamp: '2026-02-08T17:02:18.530Z', level: 'INFO', message: 'Login: user selected', context: Object{username: 'Thibaut'}, url: 'http://localhost:9876/context.html', userAgent: 'Mozilla/5.0 (Windows NT 10.0; Win64; x64) AppleWeb'}
[1A[2KINFO: [36m'[INFO] 2026-02-08T17:02:19.330Z Login: login succeeded', Object{timestamp: '2026-02-08T17:02:19.330Z', level: 'INFO', message: 'Login: login succeeded', context: Object{username: 'Thibaut'}, url: 'http://localhost:9876/context.html', userAgent: 'Mozilla/5.0 (Windows NT 10.0; Win64; x64) AppleWeb'}[39m
Chrome Headless 144.0.0.0 (Windows 10): Executed 1611 of 1649[31m (2 FAILED)[39m (0 secs / 3.769 secs)
INFO: '[INFO] 2026-02-08T17:02:19.330Z Login: login succeeded', Object{timestamp: '2026-02-08T17:02:19.330Z', level: 'INFO', message: 'Login: login succeeded', context: Object{username: 'Thibaut'}, url: 'http://localhost:9876/context.html', userAgent: 'Mozilla/5.0 (Windows NT 10.0; Win64; x64) AppleWeb'}
[1A[2KINFO: [36m'[INFO] 2026-02-08T17:02:19.330Z Login: redirecting after login', Object{timestamp: '2026-02-08T17:02:19.330Z', level: 'INFO', message: 'Login: redirecting after login', context: Object{returnUrl: '/games'}, url: 'http://localhost:9876/context.html', userAgent: 'Mozilla/5.0 (Windows NT 10.0; Win64; x64) AppleWeb'}[39m
Chrome Headless 144.0.0.0 (Windows 10): Executed 1611 of 1649[31m (2 FAILED)[39m (0 secs / 3.769 secs)
INFO: '[INFO] 2026-02-08T17:02:19.330Z Login: redirecting after login', Object{timestamp: '2026-02-08T17:02:19.330Z', level: 'INFO', message: 'Login: redirecting after login', context: Object{returnUrl: '/games'}, url: 'http://localhost:9876/context.html', userAgent: 'Mozilla/5.0 (Windows NT 10.0; Win64; x64) AppleWeb'}
[1A[2KChrome Headless 144.0.0.0 (Windows 10): Executed 1612 of 1649[31m (2 FAILED)[39m (0 secs / 3.771 secs)
[1A[2KINFO: [36m'[INFO] 2026-02-08T17:02:18.531Z Login: page loaded', Object{timestamp: '2026-02-08T17:02:18.531Z', level: 'INFO', message: 'Login: page loaded', context: undefined, url: 'http://localhost:9876/context.html', userAgent: 'Mozilla/5.0 (Windows NT 10.0; Win64; x64) AppleWeb'}[39m
Chrome Headless 144.0.0.0 (Windows 10): Executed 1612 of 1649[31m (2 FAILED)[39m (0 secs / 3.771 secs)
INFO: '[INFO] 2026-02-08T17:02:18.531Z Login: page loaded', Object{timestamp: '2026-02-08T17:02:18.531Z', level: 'INFO', message: 'Login: page loaded', context: undefined, url: 'http://localhost:9876/context.html', userAgent: 'Mozilla/5.0 (Windows NT 10.0; Win64; x64) AppleWeb'}
[1A[2KChrome Headless 144.0.0.0 (Windows 10): Executed 1613 of 1649[31m (2 FAILED)[39m (0 secs / 3.773 secs)
[1A[2KLOG: [36m'✅ Integration test passed: All endpoints consistent'[39m
Chrome Headless 144.0.0.0 (Windows 10): Executed 1613 of 1649[31m (2 FAILED)[39m (0 secs / 3.773 secs)
LOG: '✅ Integration test passed: All endpoints consistent'
[1A[2KLOG: [36m'📊 Stats players: 147'[39m
Chrome Headless 144.0.0.0 (Windows 10): Executed 1613 of 1649[31m (2 FAILED)[39m (0 secs / 3.773 secs)
LOG: '📊 Stats players: 147'
[1A[2KLOG: [36m'👥 Leaderboard teams: 3'[39m
Chrome Headless 144.0.0.0 (Windows 10): Executed 1613 of 1649[31m (2 FAILED)[39m (0 secs / 3.773 secs)
LOG: '👥 Leaderboard teams: 3'
[1A[2KLOG: [36m'🎮 Total players in teams: 147'[39m
Chrome Headless 144.0.0.0 (Windows 10): Executed 1613 of 1649[31m (2 FAILED)[39m (0 secs / 3.773 secs)
LOG: '🎮 Total players in teams: 147'
[1A[2KChrome Headless 144.0.0.0 (Windows 10): Executed 1614 of 1649[31m (2 FAILED)[39m (0 secs / 3.777 secs)
[1A[2KLOG: [36m'✅ TEST PASSED: Statistics now show correct player count'[39m
Chrome Headless 144.0.0.0 (Windows 10): Executed 1614 of 1649[31m (2 FAILED)[39m (0 secs / 3.777 secs)
LOG: '✅ TEST PASSED: Statistics now show correct player count'
[1A[2KLOG: [36m'📊 Total players: 147 (expected: 147)'[39m
Chrome Headless 144.0.0.0 (Windows 10): Executed 1614 of 1649[31m (2 FAILED)[39m (0 secs / 3.777 secs)
LOG: '📊 Total players: 147 (expected: 147)'
[1A[2KLOG: [36m'💰 Total points: 12500000 (should be > 6604)'[39m
Chrome Headless 144.0.0.0 (Windows 10): Executed 1614 of 1649[31m (2 FAILED)[39m (0 secs / 3.777 secs)
LOG: '💰 Total points: 12500000 (should be > 6604)'
[1A[2KChrome Headless 144.0.0.0 (Windows 10): Executed 1615 of 1649[31m (2 FAILED)[39m (0 secs / 3.777 secs)
[1A[2KWARN: [36m'⚠️ REGRESSION DETECTED: Backend still returns 12 players instead of 147'[39m
Chrome Headless 144.0.0.0 (Windows 10): Executed 1615 of 1649[31m (2 FAILED)[39m (0 secs / 3.777 secs)
WARN: '⚠️ REGRESSION DETECTED: Backend still returns 12 players instead of 147'
[1A[2KWARN: [36m'🔧 Fix needed in LeaderboardService.getLeaderboardStats()'[39m
Chrome Headless 144.0.0.0 (Windows 10): Executed 1615 of 1649[31m (2 FAILED)[39m (0 secs / 3.777 secs)
WARN: '🔧 Fix needed in LeaderboardService.getLeaderboardStats()'
[1A[2KWARN: [36m'📝 Check that playerRepository.findAll() returns all CSV players'[39m
Chrome Headless 144.0.0.0 (Windows 10): Executed 1615 of 1649[31m (2 FAILED)[39m (0 secs / 3.777 secs)
WARN: '📝 Check that playerRepository.findAll() returns all CSV players'
[1A[2KChrome Headless 144.0.0.0 (Windows 10): Executed 1616 of 1649[31m (2 FAILED)[39m (0 secs / 3.778 secs)
[1A[2KLOG: [36m'⏱️ API call duration: 0.00ms'[39m
Chrome Headless 144.0.0.0 (Windows 10): Executed 1616 of 1649[31m (2 FAILED)[39m (0 secs / 3.778 secs)
LOG: '⏱️ API call duration: 0.00ms'
[1A[2KLOG: [36m'📊 Players retrieved: 147'[39m
Chrome Headless 144.0.0.0 (Windows 10): Executed 1616 of 1649[31m (2 FAILED)[39m (0 secs / 3.778 secs)
LOG: '📊 Players retrieved: 147'
[1A[2KChrome Headless 144.0.0.0 (Windows 10): Executed 1617 of 1649[31m (2 FAILED)[39m (0 secs / 3.779 secs)
[1A[2KChrome Headless 144.0.0.0 (Windows 10): Executed 1618 of 1649[31m (2 FAILED)[39m (0 secs / 3.779 secs)
[1A[2KChrome Headless 144.0.0.0 (Windows 10): Executed 1619 of 1649[31m (2 FAILED)[39m (0 secs / 3.779 secs)
[1A[2KChrome Headless 144.0.0.0 (Windows 10): Executed 1620 of 1649[31m (2 FAILED)[39m (0 secs / 3.779 secs)
[1A[2KChrome Headless 144.0.0.0 (Windows 10): Executed 1621 of 1649[31m (2 FAILED)[39m (0 secs / 3.779 secs)
[1A[2KChrome Headless 144.0.0.0 (Windows 10): Executed 1622 of 1649[31m (2 FAILED)[39m (0 secs / 3.779 secs)
[1A[2KChrome Headless 144.0.0.0 (Windows 10): Executed 1623 of 1649[31m (2 FAILED)[39m (0 secs / 3.779 secs)
[1A[2KChrome Headless 144.0.0.0 (Windows 10): Executed 1624 of 1649[31m (2 FAILED)[39m (0 secs / 3.779 secs)
[1A[2KChrome Headless 144.0.0.0 (Windows 10): Executed 1625 of 1649[31m (2 FAILED)[39m (0 secs / 3.779 secs)
[1A[2KChrome Headless 144.0.0.0 (Windows 10): Executed 1626 of 1649[31m (2 FAILED)[39m (0 secs / 3.78 secs)
[1A[2KChrome Headless 144.0.0.0 (Windows 10): Executed 1627 of 1649[31m (2 FAILED)[39m (0 secs / 3.78 secs)
[1A[2KChrome Headless 144.0.0.0 (Windows 10): Executed 1628 of 1649[31m (2 FAILED)[39m (0 secs / 3.78 secs)
[1A[2KChrome Headless 144.0.0.0 (Windows 10): Executed 1629 of 1649[31m (2 FAILED)[39m (0 secs / 3.78 secs)
[1A[2KChrome Headless 144.0.0.0 (Windows 10): Executed 1630 of 1649[31m (2 FAILED)[39m (0 secs / 3.78 secs)
[1A[2KChrome Headless 144.0.0.0 (Windows 10): Executed 1631 of 1649[31m (2 FAILED)[39m (0 secs / 3.78 secs)
[1A[2KChrome Headless 144.0.0.0 (Windows 10): Executed 1632 of 1649[31m (2 FAILED)[39m (0 secs / 3.78 secs)
[1A[2KChrome Headless 144.0.0.0 (Windows 10): Executed 1633 of 1649[31m (2 FAILED)[39m (0 secs / 3.78 secs)
[1A[2KChrome Headless 144.0.0.0 (Windows 10): Executed 1634 of 1649[31m (2 FAILED)[39m (0 secs / 3.78 secs)
[1A[2KChrome Headless 144.0.0.0 (Windows 10): Executed 1635 of 1649[31m (2 FAILED)[39m (0 secs / 3.78 secs)
[1A[2KChrome Headless 144.0.0.0 (Windows 10): Executed 1636 of 1649[31m (2 FAILED)[39m (0 secs / 3.78 secs)
[1A[2KChrome Headless 144.0.0.0 (Windows 10): Executed 1637 of 1649[31m (2 FAILED)[39m (0 secs / 3.78 secs)
[1A[2KChrome Headless 144.0.0.0 (Windows 10): Executed 1638 of 1649[31m (2 FAILED)[39m (0 secs / 3.78 secs)
[1A[2KChrome Headless 144.0.0.0 (Windows 10): Executed 1639 of 1649[31m (2 FAILED)[39m (0 secs / 3.78 secs)
[1A[2KChrome Headless 144.0.0.0 (Windows 10): Executed 1640 of 1649[31m (2 FAILED)[39m (0 secs / 3.78 secs)
[1A[2KChrome Headless 144.0.0.0 (Windows 10): Executed 1641 of 1649[31m (2 FAILED)[39m (0 secs / 3.78 secs)
[1A[2KChrome Headless 144.0.0.0 (Windows 10): Executed 1642 of 1649[31m (2 FAILED)[39m (0 secs / 3.78 secs)
[1A[2KChrome Headless 144.0.0.0 (Windows 10): Executed 1643 of 1649[31m (2 FAILED)[39m (0 secs / 3.78 secs)
[1A[2KChrome Headless 144.0.0.0 (Windows 10): Executed 1644 of 1649[31m (2 FAILED)[39m (0 secs / 3.78 secs)
[1A[2KChrome Headless 144.0.0.0 (Windows 10): Executed 1645 of 1649[31m (2 FAILED)[39m (0 secs / 3.781 secs)
[1A[2KChrome Headless 144.0.0.0 (Windows 10): Executed 1646 of 1649[31m (2 FAILED)[39m (0 secs / 3.781 secs)
[1A[2KChrome Headless 144.0.0.0 (Windows 10): Executed 1647 of 1649[31m (2 FAILED)[39m (0 secs / 3.781 secs)
[1A[2KChrome Headless 144.0.0.0 (Windows 10): Executed 1648 of 1649[31m (2 FAILED)[39m (0 secs / 3.781 secs)
[1A[2KChrome Headless 144.0.0.0 (Windows 10): Executed 1649 of 1649[31m (2 FAILED)[39m (0 secs / 3.781 secs)
[1A[2KChrome Headless 144.0.0.0 (Windows 10): Executed 1649 of 1649[31m (2 FAILED)[39m (4.551 secs / 3.781 secs)
[31mTOTAL: 2 FAILED, 1647 SUCCESS[39m
